10-09 10:46:14.123  2148  2148 I TransportConnection: BackupTransportService#14: Notifying [AppBackupUtils.appIsRunningAndEligibleForBackupWithTransport] transport = BackupTransportClient
10-09 10:46:14.151  2148  2301 D BackupTransportManager: [UserID:0] Transport com.google.android.gms/.backup.BackupTransportService updated its attributes
10-09 10:46:14.259  2148  6700 I ActivityManager: Killing 16162:com.google.android.projection.gearhead:provider/u0a184 (adj 920, setSvc -10000): empty #31
10-09 10:46:14.393  2148  6701 I ActivityManager: appDiedLocked: app=ProcessRecord{f382253 16162:com.google.android.projection.gearhead:provider/u0a184} thread=android.os.BinderProxy@aa3574f fromBinderDied=true isKilledByAm=true reason=null
10-09 10:46:14.403  2148  6701 D RestartModeController: markWaitRestartAppIsSuicided null processName=com.google.android.projection.gearhead:provider
10-09 10:46:14.405  2148  6701 D ActivityTaskManager: handleAppDied: uid=10184,diedCount=1,lastDiedTime=1806592,forceStopUids=false
10-09 10:46:14.454  2148  2148 I TransportConnection: BackupTransportService#15: Notifying [AppBackupUtils.appIsRunningAndEligibleForBackupWithTransport] transport = BackupTransportClient
10-09 10:46:14.482  2148  2301 D ShortcutService: Getting shortcuts for launcher= com.motorola.launcher3user=0 pkg=null
10-09 10:46:14.485  2148  6232 D BackupTransportManager: [UserID:0] Transport com.google.android.gms/.backup.BackupTransportService updated its attributes
10-09 10:46:14.608  2148  2148 I TransportConnection: BackupTransportService#16: Notifying [AppBackupUtils.appIsRunningAndEligibleForBackupWithTransport] transport = BackupTransportClient
10-09 10:46:14.644  2148  6258 D BackupTransportManager: [UserID:0] Transport com.google.android.gms/.backup.BackupTransportService updated its attributes
10-09 10:46:14.843  2148  6262 D ActivityManager: unfreezing ProcessRecord{b89c487 16186:com.android.providers.calendar/u0a139}, reason = shouldNotFreeze_provider: ProcessRecord{df8038f 17532:com.google.android.calendar/u0a297}, adj = 0, adjType = provider, adjSource = ProcessRecord{df8038f 17532:com.google.android.calendar/u0a297}
10-09 10:46:14.858  2148  6262 D ActivityManager: sync unfroze 16186 com.android.providers.calendar for 7
10-09 10:46:14.866  2148  6262 W ContentProviderHelper: Slow operation: 74ms so far, now at getContentProviderImpl: after updateOomAdj
10-09 10:46:14.917  2148  6262 W ContentProviderHelper: Slow operation: 125ms so far, now at getContentProviderImpl: done!
10-09 10:46:14.926  2148  2170 W ContextImpl: Calling a method in the system process without a qualified user: android.app.ContextImpl.sendBroadcast:1273 com.android.server.location.provider.LocationProviderManager$LocationRegistration$1.test:1068 com.android.server.location.provider.LocationProviderManager$LocationRegistration$1.test:1017 android.location.LocationResult.filter:253 com.android.server.location.provider.LocationProviderManager$LocationRegistration.acceptLocationChange:1016 
10-09 10:46:14.957  2148  2170 W ContextImpl: Calling a method in the system process without a qualified user: android.app.ContextImpl.sendBroadcast:1273 com.android.server.location.provider.LocationProviderManager$LocationRegistration$1.test:1068 com.android.server.location.provider.LocationProviderManager$LocationRegistration$1.test:1017 android.location.LocationResult.filter:253 com.android.server.location.provider.LocationProviderManager$LocationRegistration.acceptLocationChange:1016 
10-09 10:46:14.964  2148  2170 W ContextImpl: Calling a method in the system process without a qualified user: android.app.ContextImpl.sendBroadcast:1273 com.android.server.location.provider.LocationProviderManager$LocationRegistration$1.test:1068 com.android.server.location.provider.LocationProviderManager$LocationRegistration$1.test:1017 android.location.LocationResult.filter:253 com.android.server.location.provider.LocationProviderManager$LocationRegistration.acceptLocationChange:1016 
10-09 10:46:14.972  2148  2170 W ContextImpl: Calling a method in the system process without a qualified user: android.app.ContextImpl.sendBroadcast:1273 com.android.server.location.provider.LocationProviderManager$LocationRegistration$1.test:1068 com.android.server.location.provider.LocationProviderManager$LocationRegistration$1.test:1017 android.location.LocationResult.filter:253 com.android.server.location.provider.LocationProviderManager$LocationRegistration.acceptLocationChange:1016 
10-09 10:46:15.068  2148  2148 I TransportConnection: BackupTransportService#17: Notifying [AppBackupUtils.appIsRunningAndEligibleForBackupWithTransport] transport = BackupTransportClient
10-09 10:46:15.125  2148  6700 D BackupTransportManager: [UserID:0] Transport com.google.android.gms/.backup.BackupTransportService updated its attributes
10-09 10:46:15.193  2148  2148 I TransportConnection: BackupTransportService#19: Notifying [AppBackupUtils.appIsRunningAndEligibleForBackupWithTransport] transport = BackupTransportClient
10-09 10:46:15.208  2148  6277 W UserManagerService: Do not support app clone feature.
10-09 10:46:15.221  2148  6700 D BackupTransportManager: [UserID:0] Transport com.google.android.gms/.backup.BackupTransportService updated its attributes
10-09 10:46:15.350  2148  2308 D BatteryService: uevent={POWER_SUPPLY_VOLTAGE_NOW=3976000, POWER_SUPPLY_VBUS_PRESENT=true, POWER_SUPPLY_TYPE=Battery, POWER_SUPPLY_HEALTH=Good, POWER_SUPPLY_TECHNOLOGY=Li-ion, POWER_SUPPLY_CHARGE_FULL_DESIGN=4997000, POWER_SUPPLY_CONSTANT_CHARGE_VOLTAGE=4300, SEQNUM=7484, POWER_SUPPLY_STATUS=Charging, POWER_SUPPLY_CYCLE_COUNT=2, POWER_SUPPLY_CAPACITY=30, DEVPATH=/devices/platform/11b20000.i2c/i2c-5/5-0034/11b20000.i2c:mt6375@34:mtk_gauge/power_supply/battery, POWER_SUPPLY_CHARGE_RATE=Turbo, POWER_SUPPLY_CURRENT_AVG=1049800, POWER_SUPPLY_CAPACITY_LEVEL=Normal, POWER_SUPPLY_CURRENT_NOW=1314600, POWER_SUPPLY_PRESENT=1, POWER_SUPPLY_POWER_WATT=15, POWER_SUPPLY_CHARGE_FULL=5025700, POWER_SUPPLY_TIME_TO_FULL_NOW=8724, SUBSYSTEM=power_supply, POWER_SUPPLY_TEMP=270, ACTION=change, POWER_SUPPLY_AGE=100, POWER_SUPPLY_NAME=battery, POWER_SUPPLY_LPD_PRESENT=false, POWER_SUPPLY_CHARGE_COUNTER=1507710}
10-09 10:46:15.350  2148  2308 D BatteryService: uevent={POWER_SUPPLY_VOLTAGE_NOW=3976000, POWER_SUPPLY_VBUS_PRESENT=true, POWER_SUPPLY_TYPE=Battery, POWER_SUPPLY_HEALTH=Good, POWER_SUPPLY_TECHNOLOGY=Li-ion, POWER_SUPPLY_CHARGE_FULL_DESIGN=4997000, POWER_SUPPLY_CONSTANT_CHARGE_VOLTAGE=4300, SEQNUM=7484, POWER_SUPPLY_STATUS=Charging, POWER_SUPPLY_CYCLE_COUNT=2, POWER_SUPPLY_CAPACITY=30, DEVPATH=/devices/platform/11b20000.i2c/i2c-5/5-0034/11b20000.i2c:mt6375@34:mtk_gauge/power_supply/battery, POWER_SUPPLY_CHARGE_RATE=Turbo, POWER_SUPPLY_CURRENT_AVG=1049800, POWER_SUPPLY_CAPACITY_LEVEL=Normal, POWER_SUPPLY_CURRENT_NOW=1314600, POWER_SUPPLY_PRESENT=1, POWER_SUPPLY_POWER_WATT=15, POWER_SUPPLY_CHARGE_FULL=5025700, POWER_SUPPLY_TIME_TO_FULL_NOW=8724, SUBSYSTEM=power_supply, POWER_SUPPLY_TEMP=270, ACTION=change, POWER_SUPPLY_AGE=100, POWER_SUPPLY_NAME=battery, POWER_SUPPLY_LPD_PRESENT=false, POWER_SUPPLY_CHARGE_COUNTER=1507710}
10-09 10:46:15.376  2786  3957 D PowerUI : can't show warning due to - plugged: true status unknown: false
10-09 10:46:15.384  2786  3942 D PowerUI : can't show warning due to - plugged: true status unknown: false
10-09 10:46:15.389  2148  2148 V UiModeManager: updateLocked: null action, mDockState=0, category=null
10-09 10:46:15.389  2148  2148 D UiModeManager: updateConfigurationLocked: mDockState=0; mCarMode=false; mNightMode=com.android.server.UiModeManagerService$1@cd3b8a9; mNightModeCustomType=-1; uiMode=17
10-09 10:46:15.397  2786  3965 D PowerUI : can't show warning due to - plugged: true status unknown: false
10-09 10:46:15.410  2148  2148 V UiModeManager: updateLocked: null action, mDockState=0, category=null
10-09 10:46:15.410  2148  2148 D UiModeManager: updateConfigurationLocked: mDockState=0; mCarMode=false; mNightMode=com.android.server.UiModeManagerService$1@cd3b8a9; mNightModeCustomType=-1; uiMode=17
10-09 10:46:15.499  2148  2148 I TransportConnection: BackupTransportService#21: Notifying [AppBackupUtils.appIsRunningAndEligibleForBackupWithTransport] transport = BackupTransportClient
10-09 10:46:15.543  2148  6262 D BackupTransportManager: [UserID:0] Transport com.google.android.gms/.backup.BackupTransportService updated its attributes
10-09 10:46:15.886  2148  2170 W ContextImpl: Calling a method in the system process without a qualified user: android.app.ContextImpl.sendBroadcast:1273 com.android.server.location.provider.LocationProviderManager$LocationRegistration$1.test:1068 com.android.server.location.provider.LocationProviderManager$LocationRegistration$1.test:1017 android.location.LocationResult.filter:253 com.android.server.location.provider.LocationProviderManager$LocationRegistration.acceptLocationChange:1016 
10-09 10:46:15.920  2148  2170 W ContextImpl: Calling a method in the system process without a qualified user: android.app.ContextImpl.sendBroadcast:1273 com.android.server.location.provider.LocationProviderManager$LocationRegistration$1.test:1068 com.android.server.location.provider.LocationProviderManager$LocationRegistration$1.test:1017 android.location.LocationResult.filter:253 com.android.server.location.provider.LocationProviderManager$LocationRegistration.acceptLocationChange:1016 
10-09 10:46:15.946  2148  2170 W ContextImpl: Calling a method in the system process without a qualified user: android.app.ContextImpl.sendBroadcast:1273 com.android.server.location.provider.LocationProviderManager$LocationRegistration$1.test:1068 com.android.server.location.provider.LocationProviderManager$LocationRegistration$1.test:1017 android.location.LocationResult.filter:253 com.android.server.location.provider.LocationProviderManager$LocationRegistration.acceptLocationChange:1016 
10-09 10:46:15.947  2148  2170 W ContextImpl: Calling a method in the system process without a qualified user: android.app.ContextImpl.sendBroadcast:1273 com.android.server.location.provider.LocationProviderManager$LocationRegistration$1.test:1068 com.android.server.location.provider.LocationProviderManager$LocationRegistration$1.test:1017 android.location.LocationResult.filter:253 com.android.server.location.provider.LocationProviderManager$LocationRegistration.acceptLocationChange:1016 
10-09 10:46:16.001  2148  2148 I TransportConnection: BackupTransportService#23: Notifying [AppBackupUtils.appIsRunningAndEligibleForBackupWithTransport] transport = BackupTransportClient
10-09 10:46:16.024  2148  6277 I ActivityManager: Flag disabled. Ignoring finishAttachApplication from uid: 10297. pid: 17532
10-09 10:46:16.085  2148  2301 D BackupTransportManager: [UserID:0] Transport com.google.android.gms/.backup.BackupTransportService updated its attributes
10-09 10:46:16.152  2148  2301 I ActivityManager: Force stopping com.facebook.services appid=10285 user=0: clear data
10-09 10:46:16.189  2148  2301 E ActivityManager: Unable to freeze binder for 17365: -11
10-09 10:46:16.191  2148  2171 D DisplayManagerService: Drop pending events for gone uid 10285
10-09 10:46:16.202  2148  2301 I ActivityManager: Killing 17365:com.facebook.services/u0a285 (adj 250, setSvc -10000): stop com.facebook.services due to clear data
10-09 10:46:16.210 17204 17204 I ActivityThread: Removing dead content provider:android.content.ContentProviderProxy@174847f
10-09 10:46:16.210 17204 17204 I ActivityThread: Removing dead content provider:android.content.ContentProviderProxy@8354c4c
10-09 10:46:16.221  2148  2301 D ActivityTaskManager: handleAppDied: uid=10285,diedCount=1,lastDiedTime=1775344,forceStopUids=false
10-09 10:46:16.383  2148  2182 D addPss  : tracker=ProcessState{2b5efe0 com.google.android.apps.carrier.carrierwifi/10214 pkg=com.google.android.apps.carrier.carrierwifi (sub)}
10-09 10:46:16.394  2148  2148 I TransportConnection: BackupTransportService#24: Notifying [AppBackupUtils.appIsRunningAndEligibleForBackupWithTransport] transport = BackupTransportClient
10-09 10:46:16.434  2148  6700 D BackupTransportManager: [UserID:0] Transport com.google.android.gms/.backup.BackupTransportService updated its attributes
10-09 10:46:16.560  2148  2182 D addPss  : tracker=ProcessState{7c84855 com.google.android.youtube/10330 pkg=com.google.android.youtube}
10-09 10:46:16.568  2148  6693 D CompatChangeReporter: Compat change id reported: 297989574; UID 10453; state: ENABLED
10-09 10:46:16.583  2148  2148 I TransportConnection: BackupTransportService#25: Notifying [AppBackupUtils.appIsRunningAndEligibleForBackupWithTransport] transport = BackupTransportClient
10-09 10:46:16.613  2148  6700 D BackupTransportManager: [UserID:0] Transport com.google.android.gms/.backup.BackupTransportService updated its attributes
10-09 10:46:16.689  2148  2182 D addPss  : tracker=ProcessState{ae993b8 com.android.keychain/1000 pkg=com.android.keychain}
10-09 10:46:16.756  2148  2163 V ActivityManager: Got obituary of 17365:com.facebook.services
10-09 10:46:16.758  2148  3081 W ActivityManager: pid 17204 com.facebook.appmanager sent binder code 10 with flags 2 to frozen apps and got error -32
10-09 10:46:16.758  2148  3081 D ActivityManager: Too many transaction errors, throttling freezer binder callback.
10-09 10:46:16.804  3275  3289 W Binder  : reply too large data on java level: InterfaceDescriptor = null, code = 46
10-09 10:46:16.810  2148  6683 W ActivityManager: pid 3624 com.google.android.gms sent binder code 46 with flags 2 to frozen apps and got error -2147483646
10-09 10:46:16.810  2148  6683 D ActivityManager: Too many transaction errors, throttling freezer binder callback.
10-09 10:46:16.821  2148  2148 I TransportConnection: BackupTransportService#28: Notifying [AppBackupUtils.appIsRunningAndEligibleForBackupWithTransport] transport = BackupTransportClient
10-09 10:46:16.834  2148  2184 W ActivityManager: Slow operation: 64ms so far, now at startProcess: returned from zygote!
10-09 10:46:16.873  2148  6672 E PersistenceController: SettingNotFoundException: sv_custom_ai_icon_enabled
10-09 10:46:16.887  2148  2184 W ActivityManager: Slow operation: 117ms so far, now at startProcess: done updating battery stats
10-09 10:46:16.887  2148  2184 W ActivityManager: Slow operation: 117ms so far, now at startProcess: building log message
10-09 10:46:16.887  2148  2184 I ActivityManager: Start proc 17608:com.facebook.services/u0a285 for content provider {com.facebook.services/com.facebook.oxygen.services.configuration.ServicesConfigProvider}
10-09 10:46:16.887  2148  2184 W ActivityManager: Slow operation: 117ms so far, now at startProcess: starting to update pids map
10-09 10:46:16.888  2148  2184 W ActivityManager: Slow operation: 117ms so far, now at startProcess: done updating pids map
10-09 10:46:16.931  2148  6683 D CompatChangeReporter: Compat change id reported: 151861875; UID 10256; state: ENABLED
10-09 10:46:16.938  2148  6672 D BackupTransportManager: [UserID:0] Transport com.google.android.gms/.backup.BackupTransportService updated its attributes
10-09 10:46:17.001  2148  2184 W ActivityManager: Slow operation: 63ms so far, now at startProcess: done updating battery stats
10-09 10:46:17.002  2148  2184 W ActivityManager: Slow operation: 64ms so far, now at startProcess: building log message
10-09 10:46:17.002  2148  2184 I ActivityManager: Start proc 17618:com.google.android.apps.safetyhub/u0a256 for service {com.google.android.apps.safetyhub/com.google.android.libraries.notifications.entrypoints.scheduled.ScheduledTaskService}
10-09 10:46:17.002  2148  2184 W ActivityManager: Slow operation: 64ms so far, now at startProcess: starting to update pids map
10-09 10:46:17.002  2148  2184 W ActivityManager: Slow operation: 64ms so far, now at startProcess: done updating pids map
10-09 10:46:17.018  2148  2170 W ContextImpl: Calling a method in the system process without a qualified user: android.app.ContextImpl.sendBroadcast:1273 com.android.server.location.provider.LocationProviderManager$LocationRegistration$1.test:1068 com.android.server.location.provider.LocationProviderManager$LocationRegistration$1.test:1017 android.location.LocationResult.filter:253 com.android.server.location.provider.LocationProviderManager$LocationRegistration.acceptLocationChange:1016 
10-09 10:46:17.023  2148  2170 W ContextImpl: Calling a method in the system process without a qualified user: android.app.ContextImpl.sendBroadcast:1273 com.android.server.location.provider.LocationProviderManager$LocationRegistration$1.test:1068 com.android.server.location.provider.LocationProviderManager$LocationRegistration$1.test:1017 android.location.LocationResult.filter:253 com.android.server.location.provider.LocationProviderManager$LocationRegistration.acceptLocationChange:1016 
10-09 10:46:17.031  2148  2329 D ActivityManager: freezing 16670 com.aura.oobe.motorola, reason = oom_cached
10-09 10:46:17.078  2148  2170 W ContextImpl: Calling a method in the system process without a qualified user: android.app.ContextImpl.sendBroadcast:1273 com.android.server.location.provider.LocationProviderManager$LocationRegistration$1.test:1068 com.android.server.location.provider.LocationProviderManager$LocationRegistration$1.test:1017 android.location.LocationResult.filter:253 com.android.server.location.provider.LocationProviderManager$LocationRegistration.acceptLocationChange:1016 
10-09 10:46:17.126  2148  2170 W ContextImpl: Calling a method in the system process without a qualified user: android.app.ContextImpl.sendBroadcast:1273 com.android.server.location.provider.LocationProviderManager$LocationRegistration$1.test:1068 com.android.server.location.provider.LocationProviderManager$LocationRegistration$1.test:1017 android.location.LocationResult.filter:253 com.android.server.location.provider.LocationProviderManager$LocationRegistration.acceptLocationChange:1016 
10-09 10:46:17.142  2148  2170 W Looper  : Slow dispatch took 124ms android.fg h=android.os.Handler c=com.android.server.location.gnss.GnssLocationProvider$$ExternalSyntheticLambda23@16baedf m=0
10-09 10:46:17.163  2148  6700 I ActivityManager: Killing 16408:com.google.android.projection.gearhead:shared/u0a184 (adj 920, setSvc -10000): empty #31
10-09 10:46:17.236  2148  2148 I TransportConnection: BackupTransportService#29: Notifying [AppBackupUtils.appIsRunningAndEligibleForBackupWithTransport] transport = BackupTransportClient
10-09 10:46:17.255  2148  2827 D BackupTransportManager: [UserID:0] Transport com.google.android.gms/.backup.BackupTransportService updated its attributes
10-09 10:46:17.411  2148  7038 W ContextImpl: Calling a method in the system process without a qualified user: android.app.ContextImpl.sendBroadcast:1273 com.android.server.location.gnss.GnssStatusProvider.onReportStatus:176 com.android.server.location.gnss.hal.GnssNative.lambda$reportStatus$6:1113 com.android.server.location.gnss.hal.GnssNative.$r8$lambda$qNLm-8ijwEsUIu6uCf-cSxNrbGI:0 com.android.server.location.gnss.hal.GnssNative$$ExternalSyntheticLambda0.runOrThrow:0 
10-09 10:46:17.448  2148  2827 I ActivityManager: appDiedLocked: app=ProcessRecord{28e7895 16408:com.google.android.projection.gearhead:shared/u0a184} thread=android.os.BinderProxy@b1e8751 fromBinderDied=true isKilledByAm=true reason=null
10-09 10:46:17.452  2148  2827 W ActivityManager: Scheduling restart of crashed service com.google.android.projection.gearhead/com.google.android.gearhead.service.SharedService in 1000ms for connection
10-09 10:46:17.454  2148  2827 D RestartModeController: markWaitRestartAppIsSuicided null processName=com.google.android.projection.gearhead:shared
10-09 10:46:17.460  2148  2827 D ActivityTaskManager: handleAppDied: uid=10184,diedCount=1,lastDiedTime=1836768,forceStopUids=false
10-09 10:46:17.512  2148  6672 D CompatChangeReporter: Compat change id reported: 161145287; UID 10285; state: ENABLED
10-09 10:46:17.555  2148  6232 I ActivityManager: Flag disabled. Ignoring finishAttachApplication from uid: 10285. pid: 17608
10-09 10:46:17.611  2148  2148 I TransportConnection: BackupTransportService#33: Notifying [AppBackupUtils.appIsRunningAndEligibleForBackupWithTransport] transport = BackupTransportClient
10-09 10:46:17.647  2148  6232 D BackupTransportManager: [UserID:0] Transport com.google.android.gms/.backup.BackupTransportService updated its attributes
10-09 10:46:17.848  2148  2148 I TransportConnection: BackupTransportService#38: Notifying [AppBackupUtils.appIsRunningAndEligibleForBackupWithTransport] transport = BackupTransportClient
10-09 10:46:17.884  2148  6232 D CompatChangeReporter: Compat change id reported: 311208629; UID 10453; state: ENABLED
10-09 10:46:17.899  2148  6232 D BackupTransportManager: [UserID:0] Transport com.google.android.gms/.backup.BackupTransportService updated its attributes
10-09 10:46:17.935  2148  2825 I ActivityManager: Flag disabled. Ignoring finishAttachApplication from uid: 10256. pid: 17618
10-09 10:46:17.972  2148  2182 I ProcessStatsService: Pruning old procstats: /data/system/procstats/state-v2-2025-09-30-19-51-59.bin
10-09 10:46:18.132  3275  6895 W Binder  : reply too large data on java level: InterfaceDescriptor = null, code = 46
10-09 10:46:18.186  2148  2658 D AppWidgetServiceImpl: Trying to notify widget update for package com.google.android.googlequicksearchbox with widget id: 3
10-09 10:46:18.247  2148  2148 I TransportConnection: BackupTransportService#39: Notifying [AppBackupUtils.appIsRunningAndEligibleForBackupWithTransport] transport = BackupTransportClient
10-09 10:46:18.252  3624  3712 D ActivityThread: Too many transaction errors, throttling freezer binder callback.
10-09 10:46:18.268  2148  2827 D BackupTransportManager: [UserID:0] Transport com.google.android.gms/.backup.BackupTransportService updated its attributes
10-09 10:46:18.498  2148  2184 I ActivityManager: Start proc 17697:com.google.android.projection.gearhead:shared/u0a184 for service {com.google.android.projection.gearhead/com.google.android.gearhead.service.SharedService}
10-09 10:46:18.744  2148  2148 I TransportConnection: BackupTransportService#42: Notifying [AppBackupUtils.appIsRunningAndEligibleForBackupWithTransport] transport = BackupTransportClient
10-09 10:46:18.780  2148  2163 D BackupTransportManager: [UserID:0] Transport com.google.android.gms/.backup.BackupTransportService updated its attributes
10-09 10:46:18.978  2148  2148 I TransportConnection: BackupTransportService#43: Notifying [AppBackupUtils.appIsRunningAndEligibleForBackupWithTransport] transport = BackupTransportClient
10-09 10:46:19.005  2148  6700 D BackupTransportManager: [UserID:0] Transport com.google.android.gms/.backup.BackupTransportService updated its attributes
10-09 10:46:19.188  2148  2148 I TransportConnection: BackupTransportService#50: Notifying [AppBackupUtils.appIsRunningAndEligibleForBackupWithTransport] transport = BackupTransportClient
10-09 10:46:19.207  2148  2163 D BackupTransportManager: [UserID:0] Transport com.google.android.gms/.backup.BackupTransportService updated its attributes
10-09 10:46:19.382  2148  2148 I TransportConnection: BackupTransportService#52: Notifying [AppBackupUtils.appIsRunningAndEligibleForBackupWithTransport] transport = BackupTransportClient
10-09 10:46:19.418  2148  2163 D BackupTransportManager: [UserID:0] Transport com.google.android.gms/.backup.BackupTransportService updated its attributes
10-09 10:46:19.485  2148  6232 I ActivityManager: Flag disabled. Ignoring finishAttachApplication from uid: 10184. pid: 17697
10-09 10:46:19.513  2148  2163 I ActivityManager: Killing 14439:com.android.vending:instant_app_installer/u0a264 (adj 920, setSvc -10000): empty #31
10-09 10:46:19.559  2148  6672 W ContextImpl: Calling a method in the system process without a qualified user: android.app.ContextImpl.sendBroadcast:1273 com.android.server.location.provider.LocationProviderManager$LocationRegistration$1.test:1073 com.android.server.location.provider.LocationProviderManager$LocationRegistration$1.test:1017 android.location.LocationResult.filter:253 com.android.server.location.provider.LocationProviderManager$LocationRegistration.acceptLocationChange:1016 
10-09 10:46:19.564  2148  2148 I TransportConnection: BackupTransportService#53: Notifying [AppBackupUtils.appIsRunningAndEligibleForBackupWithTransport] transport = BackupTransportClient
10-09 10:46:19.581  2148  2827 D BackupTransportManager: [UserID:0] Transport com.google.android.gms/.backup.BackupTransportService updated its attributes
10-09 10:46:19.586  2148  6672 W ContextImpl: Calling a method in the system process without a qualified user: android.app.ContextImpl.sendBroadcast:1273 com.android.server.location.provider.LocationProviderManager$LocationRegistration$1.test:1073 com.android.server.location.provider.LocationProviderManager$LocationRegistration$1.test:1017 android.location.LocationResult.filter:253 com.android.server.location.provider.LocationProviderManager$LocationRegistration.acceptLocationChange:1016 
10-09 10:46:19.599  2148  6672 W ContextImpl: Calling a method in the system process without a qualified user: android.app.ContextImpl.sendBroadcast:1273 com.android.server.location.provider.LocationProviderManager$LocationRegistration$1.test:1073 com.android.server.location.provider.LocationProviderManager$LocationRegistration$1.test:1017 android.location.LocationResult.filter:253 com.android.server.location.provider.LocationProviderManager$LocationRegistration.acceptLocationChange:1016 
10-09 10:46:19.605  2148  6672 W ContextImpl: Calling a method in the system process without a qualified user: android.app.ContextImpl.sendBroadcast:1273 com.android.server.location.provider.LocationProviderManager$LocationRegistration$1.test:1073 com.android.server.location.provider.LocationProviderManager$LocationRegistration$1.test:1017 android.location.LocationResult.filter:253 com.android.server.location.provider.LocationProviderManager$LocationRegistration.acceptLocationChange:1016 
10-09 10:46:19.696  2148  2148 I TransportConnection: BackupTransportService#56: Notifying [AppBackupUtils.appIsRunningAndEligibleForBackupWithTransport] transport = BackupTransportClient
10-09 10:46:19.700  2148  2163 I ActivityManager: appDiedLocked: app=ProcessRecord{564b50f 14439:com.android.vending:instant_app_installer/u0a264} thread=android.os.BinderProxy@c994725 fromBinderDied=true isKilledByAm=true reason=null
10-09 10:46:19.710  2148  2163 D RestartModeController: markWaitRestartAppIsSuicided null processName=com.android.vending:instant_app_installer
10-09 10:46:19.715  2148  2163 D ActivityTaskManager: handleAppDied: uid=10264,diedCount=1,lastDiedTime=1792584,forceStopUids=false
10-09 10:46:19.741  2148  6672 D BackupTransportManager: [UserID:0] Transport com.google.android.gms/.backup.BackupTransportService updated its attributes
10-09 10:46:19.941  2148  6683 D CompatChangeReporter: Compat change id reported: 311208629; UID 10256; state: ENABLED
10-09 10:46:20.016  2148  2184 I ActivityManager: Start proc 17726:com.google.android.webview:webview_apk/u0a321 for service {com.google.android.webview/org.chromium.android_webview.nonembedded.AwComponentUpdateService}
10-09 10:46:20.066  2148  2148 I TransportConnection: BackupTransportService#59: Notifying [AppBackupUtils.appIsRunningAndEligibleForBackupWithTransport] transport = BackupTransportClient
10-09 10:46:20.069  2148  6683 I ActivityManager: Killing 15944:com.android.keychain/1000 (adj 920, setSvc -10000): empty #31
10-09 10:46:20.109  2148  6232 W JobScheduler: Job didn't exist in JobStore: 7edcd66 #u0a328/3001 com.facebook.appmanager/com.facebook.preloads.platform.common.periodicwork.PeriodicWorkJobService
10-09 10:46:20.127  2148  6273 D BackupTransportManager: [UserID:0] Transport com.google.android.gms/.backup.BackupTransportService updated its attributes
10-09 10:46:20.129  2148  6232 D ActivityManager: unfreezing ProcessRecord{4783e9f 17024:com.google.android.webview:webview_service/u0a321}, reason = unfreezeTemporarily, adj = 920, adjType = cch-empty, adjSource = null
10-09 10:46:20.130  2148  6232 D ActivityManager: sync unfroze 17024 com.google.android.webview:webview_service for 27
10-09 10:46:20.173  2148  2315 W JobServiceContext: Sending onNetworkChanged for a job that isn't started. JobStatus{c2c4496 #u0a321/83 com.google.android.webview/org.chromium.android_webview.services.AwVariationsSeedFetcher u=0 s=10321 NET CHARGING READY}
10-09 10:46:20.173  2148  2315 W JobServiceContext: Sending onNetworkChanged for a job that isn't started. JobStatus{958436d #u0a321/110 com.google.android.webview/org.chromium.android_webview.nonembedded.AwComponentUpdateService u=0 s=10321 NET READY}
10-09 10:46:20.177  2148  6258 I ActivityManager: appDiedLocked: app=ProcessRecord{29f5727 15944:com.android.keychain/1000} thread=android.os.BinderProxy@2e229d1 fromBinderDied=true isKilledByAm=true reason=null
10-09 10:46:20.179  2148  6258 D RestartModeController: markWaitRestartAppIsSuicided null processName=com.android.keychain
10-09 10:46:20.180  2148  6258 D ActivityTaskManager: handleAppDied: uid=1000,diedCount=1,lastDiedTime=1834926,forceStopUids=false
10-09 10:46:20.246  2148  6232 I ActivityManager: Killing 15513:com.google.android.youtube/u0a330 (adj 920, setSvc -10000): empty #31
10-09 10:46:20.286  2148  2148 I TransportConnection: BackupTransportService#62: Notifying [AppBackupUtils.appIsRunningAndEligibleForBackupWithTransport] transport = BackupTransportClient
10-09 10:46:20.325  2148  6273 D BackupTransportManager: [UserID:0] Transport com.google.android.gms/.backup.BackupTransportService updated its attributes
10-09 10:46:20.414  2148  6273 D CompatChangeReporter: Compat change id reported: 151861875; UID 10228; state: ENABLED
10-09 10:46:20.467  2148  2184 W ActivityManager: Slow operation: 51ms so far, now at startProcess: done updating battery stats
10-09 10:46:20.468  2148  2184 W ActivityManager: Slow operation: 52ms so far, now at startProcess: building log message
10-09 10:46:20.468  2148  2184 I ActivityManager: Start proc 17745:com.android.imsserviceentitlement/u0a228 for service {com.android.imsserviceentitlement/com.android.imsserviceentitlement.fcm.FcmRegistrationService}
10-09 10:46:20.468  2148  2184 W ActivityManager: Slow operation: 52ms so far, now at startProcess: starting to update pids map
10-09 10:46:20.468  2148  2184 W ActivityManager: Slow operation: 52ms so far, now at startProcess: done updating pids map
10-09 10:46:20.506  2148  2148 I TransportConnection: BackupTransportService#64: Notifying [AppBackupUtils.appIsRunningAndEligibleForBackupWithTransport] transport = BackupTransportClient
10-09 10:46:20.526  2148  6696 I ActivityManager: appDiedLocked: app=ProcessRecord{40c098d 15513:com.google.android.youtube/u0a330} thread=android.os.BinderProxy@f975c21 fromBinderDied=true isKilledByAm=true reason=null
10-09 10:46:20.533  2148  6398 D BackupTransportManager: [UserID:0] Transport com.google.android.gms/.backup.BackupTransportService updated its attributes
10-09 10:46:20.534  2148  6696 D RestartModeController: markWaitRestartAppIsSuicided null processName=com.google.android.youtube
10-09 10:46:20.537  2148  2171 D DisplayManagerService: Drop pending events for gone uid 10330
10-09 10:46:20.549  2148  6696 D ActivityTaskManager: handleAppDied: uid=10330,diedCount=1,lastDiedTime=1785599,forceStopUids=false
10-09 10:46:20.645  2148  2329 D ActivityManager: freezing 15830 com.google.android.apps.youtube.music, reason = oom_cached
10-09 10:46:20.669  2148  2329 D ActivityManager: freezing 17375 com.google.android.apps.wallpaper, reason = oom_cached
10-09 10:46:20.702  2148  2148 I TransportConnection: BackupTransportService#69: Notifying [AppBackupUtils.appIsRunningAndEligibleForBackupWithTransport] transport = BackupTransportClient
10-09 10:46:20.733  2148  3079 D BackupTransportManager: [UserID:0] Transport com.google.android.gms/.backup.BackupTransportService updated its attributes
10-09 10:46:20.826  2148  2308 D BatteryService: uevent={POWER_SUPPLY_VOLTAGE_NOW=3963000, POWER_SUPPLY_CURRENT_AVG=1097700, POWER_SUPPLY_CAPACITY_LEVEL=Normal, POWER_SUPPLY_TYPE=Battery, POWER_SUPPLY_HEALTH=Good, POWER_SUPPLY_CURRENT_NOW=1419000, POWER_SUPPLY_PRESENT=1, POWER_SUPPLY_TECHNOLOGY=Li-ion, POWER_SUPPLY_CHARGE_FULL=5025700, POWER_SUPPLY_TIME_TO_FULL_NOW=8842, POWER_SUPPLY_CHARGE_FULL_DESIGN=4997000, SUBSYSTEM=power_supply, POWER_SUPPLY_CONSTANT_CHARGE_VOLTAGE=4300, POWER_SUPPLY_TEMP=270, SEQNUM=7485, ACTION=change, POWER_SUPPLY_NAME=battery, POWER_SUPPLY_STATUS=Charging, POWER_SUPPLY_CYCLE_COUNT=2, POWER_SUPPLY_CHARGE_COUNTER=1557967, POWER_SUPPLY_CAPACITY=31, DEVPATH=/devices/platform/11b20000.i2c/i2c-5/5-0034/11b20000.i2c:mt6375@34:mtk_gauge/power_supply/battery}
10-09 10:46:20.826  2148  2308 D BatteryService: uevent={POWER_SUPPLY_VOLTAGE_NOW=3963000, POWER_SUPPLY_CURRENT_AVG=1097700, POWER_SUPPLY_CAPACITY_LEVEL=Normal, POWER_SUPPLY_TYPE=Battery, POWER_SUPPLY_HEALTH=Good, POWER_SUPPLY_CURRENT_NOW=1419000, POWER_SUPPLY_PRESENT=1, POWER_SUPPLY_TECHNOLOGY=Li-ion, POWER_SUPPLY_CHARGE_FULL=5025700, POWER_SUPPLY_TIME_TO_FULL_NOW=8842, POWER_SUPPLY_CHARGE_FULL_DESIGN=4997000, SUBSYSTEM=power_supply, POWER_SUPPLY_CONSTANT_CHARGE_VOLTAGE=4300, POWER_SUPPLY_TEMP=270, SEQNUM=7485, ACTION=change, POWER_SUPPLY_NAME=battery, POWER_SUPPLY_STATUS=Charging, POWER_SUPPLY_CYCLE_COUNT=2, POWER_SUPPLY_CHARGE_COUNTER=1557967, POWER_SUPPLY_CAPACITY=31, DEVPATH=/devices/platform/11b20000.i2c/i2c-5/5-0034/11b20000.i2c:mt6375@34:mtk_gauge/power_supply/battery}
10-09 10:46:20.862  2786  3959 D PowerUI : can't show warning due to - plugged: true status unknown: false
10-09 10:46:20.869  2786  3422 D PowerUI : can't show warning due to - plugged: true status unknown: false
10-09 10:46:20.880  2148  2148 V UiModeManager: updateLocked: null action, mDockState=0, category=null
10-09 10:46:20.881  2148  2148 D UiModeManager: updateConfigurationLocked: mDockState=0; mCarMode=false; mNightMode=com.android.server.UiModeManagerService$1@cd3b8a9; mNightModeCustomType=-1; uiMode=17
10-09 10:46:20.884  2148  2148 V UiModeManager: updateLocked: null action, mDockState=0, category=null
10-09 10:46:20.884  2148  2148 D UiModeManager: updateConfigurationLocked: mDockState=0; mCarMode=false; mNightMode=com.android.server.UiModeManagerService$1@cd3b8a9; mNightModeCustomType=-1; uiMode=17
10-09 10:46:20.887  2786  3941 D PowerUI : can't show warning due to - plugged: true status unknown: false
10-09 10:46:20.887  2148  2148 W ContextImpl: Calling a method in the system process without a qualified user: android.app.ContextImpl.startService:1946 com.motorola.server.batterycare.MotoBatteryCareService.notifyBatteryLevelChanged:1210 com.motorola.server.batterycare.MotoBatteryCareService.-$$Nest$mnotifyBatteryLevelChanged:0 com.motorola.server.batterycare.MotoBatteryCareService$1.onReceive:223 android.app.LoadedApk$ReceiverDispatcher$Args.lambda$getRunnable$0:1832 
10-09 10:46:20.889  2148  2183 D CompatChangeReporter: Compat change id reported: 151861875; UID 1000; state: ENABLED
10-09 10:46:20.921  2148  2184 I ActivityManager: Start proc 17772:com.android.settings/1000 for broadcast {com.android.settings/com.android.settings.fuelgauge.batteryusage.BatteryUsageBroadcastReceiver}
10-09 10:46:20.963  2148  3079 I ActivityManager: Flag disabled. Ignoring finishAttachApplication from uid: 10228. pid: 17745
10-09 10:46:20.974  2148  6696 I ActivityManager: Flag disabled. Ignoring finishAttachApplication from uid: 10321. pid: 17726
10-09 10:46:21.017  2148  2148 I TransportConnection: BackupTransportService#70: Notifying [AppBackupUtils.appIsRunningAndEligibleForBackupWithTransport] transport = BackupTransportClient
10-09 10:46:21.031  2148  6273 D BackupTransportManager: [UserID:0] Transport com.google.android.gms/.backup.BackupTransportService updated its attributes
10-09 10:46:21.105  2148  6694 D CompatChangeReporter: Compat change id reported: 297989574; UID 10228; state: ENABLED
10-09 10:46:21.130  2148  2184 I ActivityManager: Start proc 17792:com.google.android.apps.turbo/u0a265 for broadcast {com.google.android.apps.turbo/com.google.android.apps.turbo.nudges.broadcasts.BatteryStatusChangedReceiver}
10-09 10:46:21.150  2148  2162 D CompatChangeReporter: Compat change id reported: 311208629; UID 10228; state: ENABLED
10-09 10:46:21.431  2148  2182 D addPss  : tracker=ProcessState{aae084c com.android.vending:quick_launch/10264 pkg=com.android.vending}
10-09 10:46:21.486  2148  2148 I TransportConnection: BackupTransportService#71: Notifying [AppBackupUtils.appIsRunningAndEligibleForBackupWithTransport] transport = BackupTransportClient
10-09 10:46:21.540  2148  2162 D BackupTransportManager: [UserID:0] Transport com.google.android.gms/.backup.BackupTransportService updated its attributes
10-09 10:46:21.628  2148  6398 D CompatChangeReporter: Compat change id reported: 151861875; UID 10185; state: ENABLED
10-09 10:46:21.682  2148  2184 W ActivityManager: Slow operation: 52ms so far, now at startProcess: returned from zygote!
10-09 10:46:21.683  2148  2184 W ActivityManager: Slow operation: 53ms so far, now at startProcess: done updating battery stats
10-09 10:46:21.683  2148  2184 W ActivityManager: Slow operation: 53ms so far, now at startProcess: building log message
10-09 10:46:21.683  2148  2184 I ActivityManager: Start proc 17813:com.motorola.aiservices/u0a185 for service {com.motorola.aiservices/com.motorola.aiservices.analytics.AnalyticsJob}
10-09 10:46:21.683  2148  2184 W ActivityManager: Slow operation: 53ms so far, now at startProcess: starting to update pids map
10-09 10:46:21.685  2148  2184 W ActivityManager: Slow operation: 55ms so far, now at startProcess: done updating pids map
10-09 10:46:21.708  2148  2148 I TransportConnection: BackupTransportService#72: Notifying [AppBackupUtils.appIsRunningAndEligibleForBackupWithTransport] transport = BackupTransportClient
10-09 10:46:21.744  2148 13136 E DiscreteRegistry: Deleting file 1759423536591tl
10-09 10:46:21.816  2148  2163 I ActivityManager: Flag disabled. Ignoring finishAttachApplication from uid: 10265. pid: 17792
10-09 10:46:21.818  2148  2162 D BackupTransportManager: [UserID:0] Transport com.google.android.gms/.backup.BackupTransportService updated its attributes
10-09 10:46:21.838  2148  2162 I ActivityManager: Killing 16467:com.google.android.apps.carrier.carrierwifi/u0a214 (adj 920, setSvc -10000): empty #31
10-09 10:46:21.872  3275  7686 W Binder  : reply too large data on java level: InterfaceDescriptor = null, code = 46
10-09 10:46:21.881  2148  2184 W ActivityManager: Slow operation: 94ms so far, now at startProcess: returned from zygote!
10-09 10:46:21.882  2148  2184 W ActivityManager: Slow operation: 95ms so far, now at startProcess: done updating battery stats
10-09 10:46:21.882  2148  2184 W ActivityManager: Slow operation: 95ms so far, now at startProcess: building log message
10-09 10:46:21.882  2148  2184 I ActivityManager: Start proc 17826:com.google.android.wfcactivation/u0a284 for service {com.google.android.wfcactivation/com.google.android.wfcactivation.fcm.FcmRegistrationService}
10-09 10:46:21.882  2148  2184 W ActivityManager: Slow operation: 95ms so far, now at startProcess: starting to update pids map
10-09 10:46:21.882  2148  2184 W ActivityManager: Slow operation: 95ms so far, now at startProcess: done updating pids map
10-09 10:46:21.918  2148  6398 I ActivityManager: Killing 16206:com.google.android.marvin.talkback/u0a329 (adj 920, setSvc -10000): empty #31
10-09 10:46:22.070  2148  6398 I ActivityManager: appDiedLocked: app=ProcessRecord{be02f81 16467:com.google.android.apps.carrier.carrierwifi/u0a214} thread=android.os.BinderProxy@958e8c8 fromBinderDied=true isKilledByAm=true reason=null
10-09 10:46:22.083  2148  6398 D RestartModeController: markWaitRestartAppIsSuicided null processName=com.google.android.apps.carrier.carrierwifi
10-09 10:46:22.085  2148  2171 D DisplayManagerService: Drop pending events for gone uid 10214
10-09 10:46:22.098  2148  6398 D ActivityTaskManager: handleAppDied: uid=10214,diedCount=1,lastDiedTime=1769548,forceStopUids=false
10-09 10:46:22.138  2148  3081 I ActivityManager: appDiedLocked: app=ProcessRecord{1a9a5ac 16206:com.google.android.marvin.talkback/u0a329} thread=android.os.BinderProxy@1d5cc5 fromBinderDied=true isKilledByAm=true reason=null
10-09 10:46:22.140  2148  3081 D RestartModeController: markWaitRestartAppIsSuicided null processName=com.google.android.marvin.talkback
10-09 10:46:22.142  2148  2171 D DisplayManagerService: Drop pending events for gone uid 10329
10-09 10:46:22.153  2148  3081 D ActivityTaskManager: handleAppDied: uid=10329,diedCount=0,lastDiedTime=0,forceStopUids=false
10-09 10:46:22.154  2148  2329 D ActivityManager: freezing 8055 com.google.android.apps.messaging, reason = oom_cached
10-09 10:46:22.173  2148  3081 I ActivityManager: Flag disabled. Ignoring finishAttachApplication from uid: 1000. pid: 17772
10-09 10:46:22.193  3624  3712 D ActivityThread: Too many transaction errors, throttling freezer binder callback.
10-09 10:46:22.255  2148  3081 I ActivityManager: Killing 16359:com.google.android.projection.gearhead:projection/u0a184 (adj 920, setSvc -10000): empty #31
10-09 10:46:22.291  2148  2148 I TransportConnection: BackupTransportService#73: Notifying [AppBackupUtils.appIsRunningAndEligibleForBackupWithTransport] transport = BackupTransportClient
10-09 10:46:22.307  2148  6699 D BackupTransportManager: [UserID:0] Transport com.google.android.gms/.backup.BackupTransportService updated its attributes
10-09 10:46:22.343  2148  6699 I ActivityManager: appDiedLocked: app=ProcessRecord{21b8656 16359:com.google.android.projection.gearhead:projection/u0a184} thread=android.os.BinderProxy@20626f8 fromBinderDied=true isKilledByAm=true reason=null
10-09 10:46:22.360  2148  6699 D RestartModeController: markWaitRestartAppIsSuicided null processName=com.google.android.projection.gearhead:projection
10-09 10:46:22.364  2148  6699 D ActivityTaskManager: handleAppDied: uid=10184,diedCount=2,lastDiedTime=1836768,forceStopUids=false
10-09 10:46:22.421  2148  2148 I TransportConnection: BackupTransportService#74: Notifying [AppBackupUtils.appIsRunningAndEligibleForBackupWithTransport] transport = BackupTransportClient
10-09 10:46:22.433  2148  2705 W UserManagerService: Do not support app clone feature.
10-09 10:46:22.442  2148  3079 D BackupTransportManager: [UserID:0] Transport com.google.android.gms/.backup.BackupTransportService updated its attributes
10-09 10:46:22.488  2148  2329 D ActivityManager: freezing 17354 com.google.android.apps.docs, reason = oom_cached
10-09 10:46:22.516  2148  2163 I ActivityManager: Flag disabled. Ignoring finishAttachApplication from uid: 10284. pid: 17826
10-09 10:46:22.528  2148  2148 I TransportConnection: BackupTransportService#75: Notifying [AppBackupUtils.appIsRunningAndEligibleForBackupWithTransport] transport = BackupTransportClient
10-09 10:46:22.546  2148  2163 D BackupTransportManager: [UserID:0] Transport com.google.android.gms/.backup.BackupTransportService updated its attributes
10-09 10:46:22.549  2148  2329 D ActivityManager: freezing 14690 com.motorola.coresettingsext, reason = oom_cached
10-09 10:46:22.608  2148  2705 I ActivityManager: Killing 16388:com.motorola.appforecast/u0a233 (adj 920, setSvc -10000): empty #31
10-09 10:46:22.616  2148  2148 I TransportConnection: BackupTransportService#76: Notifying [AppBackupUtils.appIsRunningAndEligibleForBackupWithTransport] transport = BackupTransportClient
10-09 10:46:22.631  2148  2163 D BackupTransportManager: [UserID:0] Transport com.google.android.gms/.backup.BackupTransportService updated its attributes
10-09 10:46:22.696  2148  2705 I ActivityManager: appDiedLocked: app=ProcessRecord{8b2f87 16388:com.motorola.appforecast/u0a233} thread=android.os.BinderProxy@807b065 fromBinderDied=true isKilledByAm=true reason=null
10-09 10:46:22.699  2148  2705 D RestartModeController: markWaitRestartAppIsSuicided null processName=com.motorola.appforecast
10-09 10:46:22.700  2148  2171 D DisplayManagerService: Drop pending events for gone uid 10233
10-09 10:46:22.708  2148  2705 D ActivityTaskManager: handleAppDied: uid=10233,diedCount=1,lastDiedTime=1785999,forceStopUids=false
10-09 10:46:22.730  2148  2873 I ActivityManager: Flag disabled. Ignoring finishAttachApplication from uid: 10185. pid: 17813
10-09 10:46:22.758  2148  6698 D ShortcutService: Getting shortcuts for launcher= com.motorola.launcher3user=0 pkg=null
10-09 10:46:22.775  2148  2184 I ActivityManager: Start proc 17850:com.motorola.aiservices:mya_ce/u0a185 for service {com.motorola.aiservices/com.motorola.mya.memorymodel.associative.btuseractivity.BtContextJobService}
10-09 10:46:22.828  2148  2148 I TransportConnection: BackupTransportService#82: Notifying [AppBackupUtils.appIsRunningAndEligibleForBackupWithTransport] transport = BackupTransportClient
10-09 10:46:22.833  2148  6231 D CompatChangeReporter: Compat change id reported: 311402873; UID 10185; state: ENABLED
10-09 10:46:22.834  2148  6231 D CompatChangeReporter: Compat change id reported: 323349338; UID 10185; state: ENABLED
10-09 10:46:22.850  2148  6231 D BackupTransportManager: [UserID:0] Transport com.google.android.gms/.backup.BackupTransportService updated its attributes
10-09 10:46:22.856  2148  3821 D CompatChangeReporter: Compat change id reported: 311208629; UID 10185; state: ENABLED
10-09 10:46:22.868  2148  2163 W UserManagerService: Do not support app clone feature.
10-09 10:46:22.876  2148  3821 W JobScheduler: Job didn't exist in JobStore: c16d5a4 #u0a185/1 com.motorola.aiservices/.analytics.AnalyticsJob
10-09 10:46:22.890  2148  3821 D CompatChangeReporter: Compat change id reported: 151861875; UID 10267; state: ENABLED
10-09 10:46:22.936  2148  3821 I ActivityManager: Killing 16433:com.motorola.ccc.ota/u0a335 (adj 920, setSvc -10000): empty #31
10-09 10:46:22.946  2148  2184 W ActivityManager: Slow operation: 55ms so far, now at startProcess: returned from zygote!
10-09 10:46:22.947  2148  2184 W ActivityManager: Slow operation: 56ms so far, now at startProcess: done updating battery stats
10-09 10:46:22.947  2148  2184 W ActivityManager: Slow operation: 57ms so far, now at startProcess: building log message
10-09 10:46:22.947  2148  2184 I ActivityManager: Start proc 17862:com.motorola.attvowifi/u0a267 for service {com.motorola.attvowifi/com.motorola.imsprovisioning.jobs.CoreJobIntentService}
10-09 10:46:22.947  2148  2184 W ActivityManager: Slow operation: 57ms so far, now at startProcess: starting to update pids map
10-09 10:46:22.948  2148  2184 W ActivityManager: Slow operation: 57ms so far, now at startProcess: done updating pids map
10-09 10:46:22.999  2148  3821 I ActivityManager: appDiedLocked: app=ProcessRecord{97b1d40 16433:com.motorola.ccc.ota/u0a335} thread=android.os.BinderProxy@8f745ca fromBinderDied=true isKilledByAm=true reason=null
10-09 10:46:23.002  2148  3821 D RestartModeController: markWaitRestartAppIsSuicided null processName=com.motorola.ccc.ota
10-09 10:46:23.004  2148  2171 D DisplayManagerService: Drop pending events for gone uid 10335
10-09 10:46:23.012  2148  3821 D ActivityTaskManager: handleAppDied: uid=10335,diedCount=1,lastDiedTime=1807741,forceStopUids=false
10-09 10:46:23.047  2148  2148 I TransportConnection: BackupTransportService#84: Notifying [AppBackupUtils.appIsRunningAndEligibleForBackupWithTransport] transport = BackupTransportClient
10-09 10:46:23.063  2148  6231 D BackupTransportManager: [UserID:0] Transport com.google.android.gms/.backup.BackupTransportService updated its attributes
10-09 10:46:23.134  2148  2148 I TransportConnection: BackupTransportService#85: Notifying [AppBackupUtils.appIsRunningAndEligibleForBackupWithTransport] transport = BackupTransportClient
10-09 10:46:23.151  2148  3821 D BackupTransportManager: [UserID:0] Transport com.google.android.gms/.backup.BackupTransportService updated its attributes
10-09 10:46:23.216  2148  2148 I TransportConnection: BackupTransportService#86: Notifying [AppBackupUtils.appIsRunningAndEligibleForBackupWithTransport] transport = BackupTransportClient
10-09 10:46:23.281  2148  2163 D BackupTransportManager: [UserID:0] Transport com.google.android.gms/.backup.BackupTransportService updated its attributes
10-09 10:46:23.430  2148  2148 I TransportConnection: BackupTransportService#88: Notifying [AppBackupUtils.appIsRunningAndEligibleForBackupWithTransport] transport = BackupTransportClient
10-09 10:46:23.432  3275  7686 W Binder  : reply too large data on java level: InterfaceDescriptor = null, code = 46
10-09 10:46:23.471  3624  3712 D ActivityThread: Too many transaction errors, throttling freezer binder callback.
10-09 10:46:23.479  2148  6698 D BackupTransportManager: [UserID:0] Transport com.google.android.gms/.backup.BackupTransportService updated its attributes
10-09 10:46:23.486  2148  6262 I ActivityManager: Flag disabled. Ignoring finishAttachApplication from uid: 10267. pid: 17862
10-09 10:46:23.530  2148  2163 I ActivityManager: Flag disabled. Ignoring finishAttachApplication from uid: 10185. pid: 17850
10-09 10:46:23.594  2148  6698 D CompatChangeReporter: Compat change id reported: 297989574; UID 10267; state: ENABLED
10-09 10:46:23.628  2148  6698 D CompatChangeReporter: Compat change id reported: 151861875; UID 10330; state: ENABLED
10-09 10:46:23.676  2148  2184 I ActivityManager: Start proc 17888:com.google.android.youtube/u0a330 for service {com.google.android.youtube/androidx.work.impl.background.systemjob.SystemJobService}
10-09 10:46:23.707  2148  2873 I ActivityManager: Killing 14690:com.motorola.coresettingsext/u0a347 (adj 920, setSvc -10000): empty #31
10-09 10:46:23.755  2148  2182 D addPss  : tracker=ProcessState{2f6faec com.google.android.apps.restore/10222 pkg=com.google.android.apps.restore}
