10-09 10:47:11.771  2148  2308 D BatteryService: uevent={POWER_SUPPLY_VOLTAGE_NOW=3903000, POWER_SUPPLY_VBUS_PRESENT=true, POWER_SUPPLY_TYPE=Battery, POWER_SUPPLY_HEALTH=Good, POWER_SUPPLY_TECHNOLOGY=Li-ion, POWER_SUPPLY_CHARGE_FULL_DESIGN=4997000, POWER_SUPPLY_CONSTANT_CHARGE_VOLTAGE=4300, SEQNUM=7533, POWER_SUPPLY_STATUS=Charging, POWER_SUPPLY_CYCLE_COUNT=2, POWER_SUPPLY_CAPACITY=31, DEVPATH=/devices/platform/11b20000.i2c/i2c-5/5-0034/11b20000.i2c:mt6375@34:mtk_gauge/power_supply/battery, POWER_SUPPLY_CHARGE_RATE=Turbo, POWER_SUPPLY_CURRENT_AVG=1092800, POWER_SUPPLY_CAPACITY_LEVEL=Normal, POWER_SUPPLY_CURRENT_NOW=591400, POWER_SUPPLY_PRESENT=1, POWER_SUPPLY_POWER_WATT=15, POWER_SUPPLY_CHARGE_FULL=5025700, POWER_SUPPLY_TIME_TO_FULL_NOW=22650, SUBSYSTEM=power_supply, POWER_SUPPLY_TEMP=270, ACTION=change, POWER_SUPPLY_AGE=100, POWER_SUPPLY_NAME=battery, POWER_SUPPLY_LPD_PRESENT=false, POWER_SUPPLY_CHARGE_COUNTER=1557967}
10-09 10:47:11.772  2786  3942 D PowerUI : can't show warning due to - plugged: true status unknown: false
10-09 10:47:11.775  2786  3957 D PowerUI : can't show warning due to - plugged: true status unknown: false
10-09 10:47:11.785  2786  3965 D PowerUI : can't show warning due to - plugged: true status unknown: false
10-09 10:47:11.785  2786  3959 D PowerUI : can't show warning due to - plugged: true status unknown: false
10-09 10:47:11.787  2786  3422 D PowerUI : can't show warning due to - plugged: true status unknown: false
10-09 10:47:11.788  2148  2301 V ActivityManager: Got obituary of 13929:com.motorola.freeform
10-09 10:47:11.789  2148  2148 V UiModeManager: updateLocked: null action, mDockState=0, category=null
10-09 10:47:11.789  2148  2148 D UiModeManager: updateConfigurationLocked: mDockState=0; mCarMode=false; mNightMode=com.android.server.UiModeManagerService$1@cd3b8a9; mNightModeCustomType=-1; uiMode=17
10-09 10:47:11.790  2786  3941 D PowerUI : can't show warning due to - plugged: true status unknown: false
10-09 10:47:11.793  2786  3943 D PowerUI : can't show warning due to - plugged: true status unknown: false
10-09 10:47:11.807  2786  3958 D PowerUI : can't show warning due to - plugged: true status unknown: false
10-09 10:47:11.808  2786  3942 D PowerUI : can't show warning due to - plugged: true status unknown: false
10-09 10:47:11.811  2148  2148 V UiModeManager: updateLocked: null action, mDockState=0, category=null
10-09 10:47:11.811  2148  2148 D UiModeManager: updateConfigurationLocked: mDockState=0; mCarMode=false; mNightMode=com.android.server.UiModeManagerService$1@cd3b8a9; mNightModeCustomType=-1; uiMode=17
10-09 10:47:11.816  2148  3082 I ActivityManager: Flag disabled. Ignoring finishAttachApplication from uid: 10373. pid: 19338
10-09 10:47:11.825  2148  2184 W ActivityManager: Slow operation: 82ms so far, now at startProcess: returned from zygote!
10-09 10:47:11.852  2148  2184 W ActivityManager: Slow operation: 109ms so far, now at startProcess: done updating battery stats
10-09 10:47:11.853  2148  2184 W ActivityManager: Slow operation: 109ms so far, now at startProcess: building log message
10-09 10:47:11.853  2148  2184 I ActivityManager: Start proc 19374:com.motorola.freeform/u0a361 for content provider {com.motorola.freeform/com.motorola.freeform.provider.FeaturesProvider}
10-09 10:47:11.853  2148  2184 W ActivityManager: Slow operation: 109ms so far, now at startProcess: starting to update pids map
10-09 10:47:11.853  2148  2184 W ActivityManager: Slow operation: 110ms so far, now at startProcess: done updating pids map
10-09 10:47:11.855  2148  2170 W PermissionService: getPermissionFlags: Unknown user -1
10-09 10:47:11.855  2148  2170 W PermissionService: getPermissionFlags: Unknown user -1
10-09 10:47:11.855  2148  3491 D AdbDebuggingManager: Received public key: QAAAABPhg9Pl7hhSN0ijrGU6nTGIdjbvHlaS4z1ISBFRJCn86kY1m0tfrCeY1jHlaSXf4t1xwAMCgsivptc+kyJxBj7pOI6coc+SRn4leccaM828EVedN4kn55O3doB3tlxK9zFYXp8UmgC2cPBXoVHtLny91pW4CWtHGFNjwNISFlBp++UzyUrzC2+DXz5SM+Tj0RNX1ZNe0AY+1kn+AwJPsxSZZAv+LpCkKDWUsv8MYQlqQOUPlH3F4Q4mv3mTe3ckHMut6q5dwsQMQDoUMuAzZ5goDY1QjbOlqwqPmQ3+Bxdh3LulLUhK6hoE+HiMq6omTRX+KxTHh4K7dQ+sRXK4S9VF5F65vZB6g4Z1W3Brm5P2ClETmCCmuSIuyxNNZEqPgiw9A6DPPc5x+ciUgUMhP1q/rJHyXdQFX+Ns3KmJHrap1FN1BF+82mDTazeMy6j2ahCuGkbOZrTfmEbAOhGDeZvkyW0Kl2/R0Hb41JQxH96SYBsgGQCHXMifM59IrZ6vG63274ZI93HjZajv3ydTnYcMa/XEudAbNBjybVuwHBgsnOsU6roTGGGR7bb/2wQL9cjcMf0irMwEEblSyZVDBvKfehBJIklGlcgPH/E0Qu6kA6h5DzbUv7FuFFDVCjy2OqN6zQtm2yoE68749h2x3IfdCFGhyDSJlT1flRgGKtZ3sB4pdgEAAQA= nealwagner@Neals-MacBook-Air.local
10-09 10:47:11.858  2148  2170 D UsbDeviceManager: push notification:Charging this device via USB
10-09 10:47:11.871  2148  2170 W PermissionService: getPermissionFlags: Unknown user -1
10-09 10:47:11.871  2148  2170 W PermissionService: getPermissionFlags: Unknown user -1
10-09 10:47:11.896  2148  2170 D AdbDebuggingManager: Logging key QAAAABPhg9Pl7hhSN0ijrGU6nTGIdjbvHlaS4z1ISBFRJCn86kY1m0tfrCeY1jHlaSXf4t1xwAMCgsivptc+kyJxBj7pOI6coc+SRn4leccaM828EVedN4kn55O3doB3tlxK9zFYXp8UmgC2cPBXoVHtLny91pW4CWtHGFNjwNISFlBp++UzyUrzC2+DXz5SM+Tj0RNX1ZNe0AY+1kn+AwJPsxSZZAv+LpCkKDWUsv8MYQlqQOUPlH3F4Q4mv3mTe3ckHMut6q5dwsQMQDoUMuAzZ5goDY1QjbOlqwqPmQ3+Bxdh3LulLUhK6hoE+HiMq6omTRX+KxTHh4K7dQ+sRXK4S9VF5F65vZB6g4Z1W3Brm5P2ClETmCCmuSIuyxNNZEqPgiw9A6DPPc5x+ciUgUMhP1q/rJHyXdQFX+Ns3KmJHrap1FN1BF+82mDTazeMy6j2ahCuGkbOZrTfmEbAOhGDeZvkyW0Kl2/R0Hb41JQxH96SYBsgGQCHXMifM59IrZ6vG63274ZI93HjZajv3ydTnYcMa/XEudAbNBjybVuwHBgsnOsU6roTGGGR7bb/2wQL9cjcMf0irMwEEblSyZVDBvKfehBJIklGlcgPH/E0Qu6kA6h5DzbUv7FuFFDVCjy2OqN6zQtm2yoE68749h2x3IfdCFGhyDSJlT1flRgGKtZ3sB4pdgEAAQA= nealwagner@Neals-MacBook-Air.local, state = 1, alwaysAllow = false, lastConnectionTime = 0, authWindow = 604800000
10-09 10:47:11.901  2148  2170 W ActivityTaskManager: callingPackage for (uid=1000, pid=2148) is ambiguous: [android, com.android.providers.settings, com.motorola.android.providers.settings, com.android.server.telecom, com.android.location.fused, com.mediatek.location.lppe.main]
10-09 10:47:11.901  2148  2170 D ActivityTaskManager: getPreferredLaunchDisplay userset_displayid true user set display id 0, current focus display 0
10-09 10:47:11.902  2148  2170 I SettingsAccessControlPolicy: isDeviceSettingsChangeDisabled: value -> false
10-09 10:47:11.903  2148  2170 W OptProp : Cannot read opt property android.window.PROPERTY_COMPAT_ALLOW_ORIENTATION_OVERRIDE
10-09 10:47:11.918  2148  2170 D ActivityTaskManager: getPreferredLaunchDisplay userset_displayid true user set display id 0, current focus display 0
10-09 10:47:11.918  2148  2170 D ActivityTaskManager: getPreferredLaunchDisplay userset_displayid true user set display id 0, current focus display 0
10-09 10:47:11.919  2148  2170 D ActivityTaskManager: getPreferredLaunchDisplay userset_displayid true user set display id 0, current focus display 0
10-09 10:47:11.919  2148  2170 D ActivityTaskManager: getPreferredLaunchDisplay userset_displayid true user set display id 0, current focus display 0
10-09 10:47:11.919  2148  2170 D ActivityTaskManager: [GlobalFreeform] use default Rect(162, 162 - 1242, 1929) scale=0.7 for ActivityRecord{e657e54 u0 com.android.systemui/.usb.UsbDebuggingActivity
10-09 10:47:11.919  2148  2170 D ActivityTaskManager: getPreferredLaunchDisplay userset_displayid true user set display id 0, current focus display 0
10-09 10:47:11.919  2148  2170 D ActivityTaskManager: getPreferredLaunchDisplay userset_displayid true user set display id 0, current focus display 0
10-09 10:47:11.919  2148  2170 D ActivityTaskManager: [GlobalFreeform] use default Rect(162, 162 - 1242, 1929) scale=0.7 for ActivityRecord{e657e54 u0 com.android.systemui/.usb.UsbDebuggingActivity t-1}
10-09 10:47:11.921  2148  2170 D ActivityTaskManager: sendShowDecorCaptionWindow Task is not organized Task{202169f #109 type=undefined}
10-09 10:47:11.922  2148  2170 D ActivityTaskManager: sendShowDecorCaptionWindow Task is not organized Task{202169f #109 type=undefined}
10-09 10:47:11.934  2148  2170 D ActivityTaskManager: getPreferredLaunchDisplay userset_displayid false user set display id 0, current focus display 0
10-09 10:47:11.934  2148  2170 D ActivityTaskManager: getPreferredLaunchDisplay userset_displayid false user set display id 0, current focus display 0
10-09 10:47:11.935  2148  2170 D ActivityTaskManager: [GlobalFreeform] use default Rect(162, 162 - 1242, 1929) scale=0.7 for ActivityRecord{e657e54 u0 com.android.systemui/.usb.UsbDebuggingActivity t-1}
10-09 10:47:11.938  2148  2170 W OptProp : Cannot read opt property android.window.PROPERTY_COMPAT_ALLOW_MIN_ASPECT_RATIO_OVERRIDE
10-09 10:47:11.953  2148  2170 W OptProp : Cannot read opt property android.window.PROPERTY_COMPAT_ALLOW_RESIZEABLE_ACTIVITY_OVERRIDES
10-09 10:47:11.972  2148  2170 D PowerManagerService: nativeSetPowerMode ret:true mode:5 enabled:true duration ms: 0
10-09 10:47:11.987  2148  2170 I ActivityTaskManager: START u0 {flg=0x10000000 cmp=com.android.systemui/.usb.UsbDebuggingActivity (has extras)} with LAUNCH_MULTIPLE from uid 1000 (startActivityAsUser) (BAL_ALLOW_ALLOWLISTED_UID) result code=0
10-09 10:47:11.988  2786  2834 V WindowManagerShell: Transition requested (#17): android.os.BinderProxy@dc8541b TransitionRequestInfo { type = OPEN, triggerTask = TaskInfo{userId=0 taskId=109 displayId=0 isRunning=true baseIntent=Intent { flg=0x10800000 cmp=com.android.systemui/.usb.UsbDebuggingActivity } baseActivity=ComponentInfo{com.android.systemui/com.android.systemui.usb.UsbDebuggingActivity} topActivity=ComponentInfo{com.android.systemui/com.android.systemui.usb.UsbDebuggingActivity} origActivity=null realActivity=ComponentInfo{com.android.systemui/com.android.systemui.usb.UsbDebuggingActivity} numActivities=1 lastActiveTime=1894343 supportsMultiWindow=true supportsGlobalFreeform=true resizeMode=1 isResizeable=true isAppLocked=false isShowDecorCaptionWindowRequest=false canKillAndRestart=false minWidth=-1 minHeight=-1 defaultMinSize=200 token=WCT{android.window.IWindowContainerToken$Stub$Proxy@fce39b8} topActivityType=1 pictureInPictureParams=null shouldDockBigOverlays=false launchIntoPipHostTaskId=-1 lastParentTaskIdBeforePip=-1 displayCutoutSafeInsets=Rect(0, 117 - 0, 0) topActivityInfo=ActivityInfo{cb4d391 com.android.systemui.usb.UsbDebuggingActivity} launchCookies=[] positionInParent=Point(0, 0) parentTaskId=-1 isFocused=false isVisible=false isVisibleRequested=false isSleeping=false locusId=null displayAreaFeatureId=1 isTopActivityTransparent=true appCompatTaskInfo=AppCompatTaskInfo { topActivityInSizeCompat=false topActivityEligibleForLetterboxEducation= falseisLetterboxEducationEnabled= false isLetterboxDoubleTapEnabled= false topActivityEligibleForUserAspectRatioButton= false topActivityBoundsLetterboxed= false isFromLetterboxDoubleTap= false topActivityLetterboxVerticalPosition= -1 topActivityLetterboxHorizontalPosition= -1 topActivityLetterboxWidth=1080 topActivityLetterboxHeight=2400 isUserFullscreenOverrideEnabled=false isSystemFullscreenOverrideEnabled=false cameraCompatTaskInfo=CameraCompatTaskInfo { cameraCompatControlState=hidden freeformCameraCompatMode=inactive}}}, pipTask = null, remoteTransition = null, displayChange = null, flags = 0, debugId = 17 }
10-09 10:47:11.992  2148  6698 I ActivityTaskManager: The Process com.android.systemui Already Exists in BG. So sending its PID: 2786
10-09 10:47:11.993  2148  6698 D ActivityTaskManager: Sync with process assetsSeq 8 on activity ActivityRecord{e657e54 u0 com.android.systemui/.usb.UsbDebuggingActivity t109}
10-09 10:47:11.997  2148  2182 W MotoBatteryCareService: uid: 10383 pkgName:com.android.systemui come to foreground
10-09 10:47:11.998  2148  6698 D ActivityTaskManager: sendShowDecorCaptionWindow Task is not organized Task{6803364 #105 type=undefined I=com.motorola.launcher3/com.android.launcher3.CustomizationPanelLauncher}
10-09 10:47:12.007  2148  7038 I UsbPortManager: ClientCallback V1_2: port0
10-09 10:47:12.010  2786  2834 D WindowManagerShell: setLauncherKeepClearAreaHeight: visible=false, height=193
10-09 10:47:12.025  2148  2170 W Looper  : Slow dispatch took 129ms android.fg h=com.android.server.adb.AdbDebuggingManager$AdbDebuggingHandler c=null m=5
10-09 10:47:12.031  2148  2170 D UsbDeviceManager: displayed usb bottom displayId 0
10-09 10:47:12.033  2148  2170 W ActivityTaskManager: callingPackage for (uid=1000, pid=2148) is ambiguous: [android, com.android.providers.settings, com.motorola.android.providers.settings, com.android.server.telecom, com.android.location.fused, com.mediatek.location.lppe.main]
10-09 10:47:12.033  2148  2170 D ActivityTaskManager: getPreferredLaunchDisplay userset_displayid true user set display id 0, current focus display 0
10-09 10:47:12.033  2148  2170 I SettingsAccessControlPolicy: isDeviceSettingsChangeDisabled: value -> false
10-09 10:47:12.037  2148  6232 W ActivityManager: Slow operation: 53ms so far, now at attachApplicationLocked: after updateOomAdjLocked
10-09 10:47:12.044  2148  2170 D CompatChangeReporter: Compat change id reported: 151861875; UID 1000; state: ENABLED
10-09 10:47:12.045  2148  2170 W OptProp : Cannot read opt property android.window.PROPERTY_COMPAT_ALLOW_ORIENTATION_OVERRIDE
10-09 10:47:12.060  2148  2148 W NotificationHistory: Attempted to add notif for locked/gone/disabled user 0
10-09 10:47:12.060  2148  2170 D CompatChangeReporter: Compat change id reported: 306666082; UID 1000; state: ENABLED
10-09 10:47:12.061  2148  2170 D ActivityTaskManager: getPreferredLaunchDisplay userset_displayid true user set display id 0, current focus display 0
10-09 10:47:12.061  2148  2170 D ActivityTaskManager: getPreferredLaunchDisplay userset_displayid true user set display id 0, current focus display 0
10-09 10:47:12.062  2148  2170 D ActivityTaskManager: getPreferredLaunchDisplay userset_displayid true user set display id 0, current focus display 0
10-09 10:47:12.062  2148  2170 D ActivityTaskManager: getPreferredLaunchDisplay userset_displayid true user set display id 0, current focus display 0
10-09 10:47:12.063  2148  2170 D ActivityTaskManager: [GlobalFreeform] use default Rect(162, 162 - 1242, 1929) scale=0.7 for ActivityRecord{52b4425 u0 com.android.settings/com.motorola.settings.connecteddevice.usb.UsbBottomChooseActivity
10-09 10:47:12.063  2148  2170 D ActivityTaskManager: getPreferredLaunchDisplay userset_displayid true user set display id 0, current focus display 0
10-09 10:47:12.063  2148  2170 D ActivityTaskManager: getPreferredLaunchDisplay userset_displayid true user set display id 0, current focus display 0
10-09 10:47:12.063  2148  2170 D ActivityTaskManager: [GlobalFreeform] use default Rect(162, 162 - 1242, 1929) scale=0.7 for ActivityRecord{52b4425 u0 com.android.settings/com.motorola.settings.connecteddevice.usb.UsbBottomChooseActivity t-1}
10-09 10:47:12.065  2148  2170 D ActivityTaskManager: sendShowDecorCaptionWindow Task is not organized Task{ab78208 #110 type=undefined}
10-09 10:47:12.066  2148  2170 D ActivityTaskManager: sendShowDecorCaptionWindow Task is not organized Task{ab78208 #110 type=undefined}
10-09 10:47:12.070  2148  2170 D ActivityTaskManager: getPreferredLaunchDisplay userset_displayid true user set display id 0, current focus display 0
10-09 10:47:12.071  2148  2170 D ActivityTaskManager: getPreferredLaunchDisplay userset_displayid true user set display id 0, current focus display 0
10-09 10:47:12.071  2148  2170 D ActivityTaskManager: [GlobalFreeform] use default Rect(162, 162 - 1242, 1929) scale=0.7 for ActivityRecord{52b4425 u0 com.android.settings/com.motorola.settings.connecteddevice.usb.UsbBottomChooseActivity t-1}
10-09 10:47:12.072  2148  2170 W OptProp : Cannot read opt property android.window.PROPERTY_COMPAT_ALLOW_MIN_ASPECT_RATIO_OVERRIDE
10-09 10:47:12.078  2148  2148 W NotificationHistory: Attempted to add notif for locked/gone/disabled user 0
10-09 10:47:12.080  2148  2148 W PermissionService: getPermissionFlags: Unknown user -1
10-09 10:47:12.088  2148  2170 I ActivityTaskManager: START u0 {act=android.intent.action.MAIN cat=[android.intent.category.LAUNCHER] flg=0x10008000 cmp=com.android.settings/com.motorola.settings.connecteddevice.usb.UsbBottomChooseActivity} with LAUNCH_SINGLE_TASK from uid 1000 (startActivityAsUser) (BAL_ALLOW_ALLOWLISTED_UID) result code=0
10-09 10:47:12.103  2148  6232 W ActivityManager: Slow operation: 67ms so far, now at finishAttachApplicationInner: after mServices.attachApplicationLocked
10-09 10:47:12.104  2148  6232 W ActivityManager: Slow operation: 67ms so far, now at finishAttachApplicationInner: after dispatching broadcasts
10-09 10:47:12.104  2148  6232 W ActivityManager: Slow operation: 68ms so far, now at finishAttachApplicationInner: after updateOomAdjLocked
10-09 10:47:12.164  2148  2173 I DisplayDeviceRepository: Display device changed render timings: "Built-in Screen", renderFrameRate=60.000004, presentationDeadlineNanos=28600000, appVsyncOffsetNanos=8400000
10-09 10:47:12.182  2148  2220 D BrightnessThermalClamper: Thermal status observer already started
10-09 10:47:12.183  2148  2173 D DisplayManagerService: Ignore redundant display event 0/2 to 10294/10636
10-09 10:47:12.183  2148  2173 D DisplayManagerService: Ignore redundant display event 0/2 to 10420/18085
10-09 10:47:12.187  2148  2184 I ActivityManager: Start proc 19396:com.android.settings/1000 for next-top-activity {com.android.settings/com.motorola.settings.connecteddevice.usb.UsbBottomChooseActivity}
10-09 10:47:12.218  2148  2395 I UsbPortManager: ClientCallback V1_2: port0
10-09 10:47:12.221  2148  2170 I UsbPortManager: USB port changed: port=UsbPort{id=port0, supportedModes=dual, supportedContaminantProtectionModes=0, supportsEnableContaminantPresenceProtection=false, supportsEnableContaminantPresenceDetection=false, supportsComplianceWarnings=false, status=UsbPortStatus{connected=true, currentMode=ufp, currentPowerRole=sink, currentDataRole=device, supportedRoleCombinations=[source:host, source:device, sink:host, sink:device], contaminantDetectionStatus=2, contaminantProtectionStatus=0, usbDataStatus=unknown, isPowerTransferLimited=false, powerBrickConnectionStatus=unknown, complianceWarnings=[], plugState=0, displayPortAltModeInfo=null}, canChangeMode=true, canChangePowerRole=true, canChangeDataRole=true, connectedAtMillis=1893699, lastConnectDurationMillis=0
10-09 10:47:12.224  2148  2395 I UsbPortManager: ClientCallback V1_2: port0
10-09 10:47:12.224  2148  2395 I UsbPortManager: ClientCallback V1_2: port0
10-09 10:47:12.238  2786  2834 D WindowManagerShell: onKeepClearAreasChanged: restricted={}, unrestricted={}
10-09 10:47:12.253  2148  2184 W ActivityManager: Slow operation: 103ms so far, now at startProcess: done updating pids map
10-09 10:47:12.266  2148  2825 I ActivityManager: Killing 18001:com.motorola.lifetimedata/u0a352 (adj 920, setSvc -10000): empty #31
10-09 10:47:12.274  2148  2975 I ActivityTaskManager: The Process com.android.settings Already Exists in BG. So sending its PID: 19396
10-09 10:47:12.278  2148  2975 D CompatChangeReporter: Compat change id reported: 324203798; UID 1000; state: ENABLED
10-09 10:47:12.296  2148  2975 W OptProp : Cannot read opt property android.window.PROPERTY_COMPAT_ALLOW_RESIZEABLE_ACTIVITY_OVERRIDES
10-09 10:47:12.317  2148  6258 D CoreBackPreview: Window{1537d38 u0 com.android.systemui/com.android.systemui.usb.UsbDebuggingActivity}: Setting back callback OnBackInvokedCallbackInfo{mCallback=android.window.IOnBackInvokedCallback$Stub$Proxy@8b25103, mPriority=-1, mIsAnimationCallback=false}
10-09 10:47:12.360  2148  2173 I DisplayDeviceRepository: Display device changed render timings: "Built-in Screen", renderFrameRate=90.0, presentationDeadlineNanos=24777778, appVsyncOffsetNanos=-8000000
10-09 10:47:12.372  2148  2220 D BrightnessThermalClamper: Thermal status observer already started
10-09 10:47:12.377  2148  2173 D DisplayManagerService: Ignore redundant display event 0/2 to 10294/10636
10-09 10:47:12.377  2148  2173 D DisplayManagerService: Ignore redundant display event 0/2 to 10420/18085
10-09 10:47:12.398  2148  6698 I AS.FadeOutManager: unfadeOutUid() uid:10383
10-09 10:47:12.472  2148  2163 I ActivityManager: appDiedLocked: app=ProcessRecord{f1a6b50 18001:com.motorola.lifetimedata/u0a352} thread=android.os.BinderProxy@2b1249d fromBinderDied=true isKilledByAm=true reason=null
10-09 10:47:12.473  2148  2163 D RestartModeController: markWaitRestartAppIsSuicided null processName=com.motorola.lifetimedata
10-09 10:47:12.474  2148  2163 D ActivityTaskManager: handleAppDied: uid=10352,diedCount=1,lastDiedTime=1788697,forceStopUids=false
10-09 10:47:12.475  2148  2171 W Looper  : Slow dispatch took 128ms android.ui h=com.android.server.am.ActivityManagerService$UiHandler c=null m=68
10-09 10:47:12.480  2148  2171 D DisplayManagerService: Drop pending events for gone uid 10352
10-09 10:47:12.542  2148  2173 I DisplayDeviceRepository: Display device changed render timings: "Built-in Screen", renderFrameRate=60.000004, presentationDeadlineNanos=28600000, appVsyncOffsetNanos=8400000
10-09 10:47:12.544  2148  3821 I ActivityManager: Flag disabled. Ignoring finishAttachApplication from uid: 1000. pid: 19396
10-09 10:47:12.545  2148  2220 D BrightnessThermalClamper: Thermal status observer already started
10-09 10:47:12.548  2148  2148 W Looper  : Slow dispatch took 155ms main h=com.motorola.android.providers.settings.MotorolaSettingsProvider$SettingsRegistry$MyHandler c=null m=2
10-09 10:47:12.549  2148  6261 D CoreBackPreview: Window{2ec03c2 u0 NotificationShade}: Setting back callback OnBackInvokedCallbackInfo{mCallback=android.window.IOnBackInvokedCallback$Stub$Proxy@2c96f0d, mPriority=0, mIsAnimationCallback=false}
10-09 10:47:12.549  2148  2173 D DisplayManagerService: Ignore redundant display event 0/2 to 10294/10636
10-09 10:47:12.549  2148  2173 D DisplayManagerService: Ignore redundant display event 0/2 to 10420/18085
10-09 10:47:12.572  2148  6694 I SettingsAccessControlPolicy: isDeviceSettingsChangeDisabled: value -> false
10-09 10:47:12.572  2148  6232 W JobScheduler: Job didn't exist in JobStore: e8d770a #u0a173/400 com.motorola.dolby.dolbyui/androidx.work.impl.background.systemjob.SystemJobService
10-09 10:47:12.578  2148  2163 I SettingsAccessControlPolicy: isDeviceSettingsChangeDisabled: value -> false
10-09 10:47:12.607  2148  6701 W WallpaperManagerService: getWallpaperWithFeature wallpaper not existed, ; which = 2
10-09 10:47:12.608  2148  6261 I ActivityTaskManager: START u0 {act=com.motorola.mobiledesktop.action.USB_BOTTOM flg=0x10008000 pkg=com.motorola.mobiledesktop (has extras)} with LAUNCH_MULTIPLE from uid 1000 (startActivityAsUser) result code=-91
10-09 10:47:12.609  2148  6261 W WallpaperManagerService: getWallpaperWithFeature wallpaper not existed, ; which = 2
10-09 10:47:12.629  2148  2825 W ActivityTaskManager: takeTaskSnapshot: taskId=110 not found or not visible
10-09 10:47:12.692  2148  2825 I SettingsAccessControlPolicy: isDeviceSettingsChangeDisabled: value -> false
10-09 10:47:12.697 19396 19396 E MotoDesktopManager: ReadyFor is not preinstalled:android.content.pm.PackageManager$NameNotFoundException: com.motorola.mobiledesktop
10-09 10:47:12.718 19374 19374 E ActivityThread: Failed to find provider info for com.motorola.motoedgeassistant.appsettingsprovider
10-09 10:47:12.724  2148  2825 D SystemServerTiming: getUserSwitchability-0
10-09 10:47:12.724  2148  2825 D SystemServerTiming: TM.isInCall
10-09 10:47:12.725  2148  2163 D SystemServerTiming: getUserSwitchability-0
10-09 10:47:12.725  2148  2163 D SystemServerTiming: TM.isInCall
10-09 10:47:12.727  2148  2163 D SystemServerTiming: hasUserRestriction-DISALLOW_USER_SWITCH
10-09 10:47:12.727  2148  2163 D SystemServerTiming: getInt-ALLOW_USER_SWITCHING_WHEN_SYSTEM_USER_LOCKED
10-09 10:47:12.727  2148  2163 D SystemServerTiming: isUserUnlocked-USER_SYSTEM
10-09 10:47:12.727  2148  2825 D SystemServerTiming: hasUserRestriction-DISALLOW_USER_SWITCH
10-09 10:47:12.727  2148  2825 D SystemServerTiming: getInt-ALLOW_USER_SWITCHING_WHEN_SYSTEM_USER_LOCKED
10-09 10:47:12.727  2148  2825 D SystemServerTiming: isUserUnlocked-USER_SYSTEM
10-09 10:47:12.815  2148  6694 I ActivityManager: Flag disabled. Ignoring finishAttachApplication from uid: 10361. pid: 19374
10-09 10:47:12.843  2148  3081 D CoreBackPreview: Window{f6b4cc9 u0 com.android.settings/com.motorola.settings.connecteddevice.usb.UsbBottomChooseActivity}: Setting back callback OnBackInvokedCallbackInfo{mCallback=android.window.IOnBackInvokedCallback$Stub$Proxy@b842094, mPriority=-1, mIsAnimationCallback=false}
10-09 10:47:12.885 19309 19449 E ActivityThread: Failed to find provider info for com.motorola.securevault.provider
10-09 10:47:12.892 19309 19449 E ActivityThread: Failed to find provider info for com.motorola.motoprovider.VideoEffectsProvider
10-09 10:47:12.898 19309 19444 E ActivityThread: Failed to find provider info for com.motorola.motofpstouch.provider
10-09 10:47:12.900 19309 19441 E ActivityThread: Failed to find provider info for com.motorola.magictouch.provider
10-09 10:47:12.901 19309 19452 E ActivityThread: Failed to find provider info for com.motorola.motoedgeassistant.provider
10-09 10:47:12.903 19309 19465 E ActivityThread: Failed to find provider info for com.motorola.motowaves.provider.moto
10-09 10:47:12.927 19309 19471 E ActivityThread: Failed to find provider info for com.motorola.motoedgeassistant.provide
10-09 10:47:12.946 19309 19473 E ActivityThread: Failed to find provider info for com.motorola.motoedgeassistant.provider
10-09 10:47:12.952 19309 19458 E ActivityThread: Failed to find provider info for com.motorola.securevault.provider
10-09 10:47:12.953 19309 19449 E ActivityThread: Failed to find provider info for com.motorola.motofpstouch.provider
10-09 10:47:12.954 19309 19447 E ActivityThread: Failed to find provider info for com.motorola.securevault.provider
10-09 10:47:12.957 19309 19478 E ActivityThread: Failed to find provider info for com.motorola.motoprovider.VideoEffectsProvider
10-09 10:47:12.961 19309 19457 E ActivityThread: Failed to find provider info for com.motorola.motofpstouch.provider
10-09 10:47:12.964 19309 19468 E ActivityThread: Failed to find provider info for com.motorola.motoedgeassistant.provider
10-09 10:47:12.971  2786  3454 V WindowManagerShell: onTransitionReady(transaction=9225589753241)
10-09 10:47:12.974  2786  2834 V WindowManagerShell: onTransitionReady (#17) android.os.BinderProxy@dc8541b: {id=17 t=OPEN f=0x0 trk=0 r=[0@Point(0, 0)] c=[{WCT{android.window.IWindowContainerToken$Stub$Proxy@5a928ca} m=OPEN f=TRANSLUCENT|MOVE_TO_TOP pTaskId=-1 leash=Surface(name=Task=110)/@0x231debe sb=Rect(0, 0 - 1080, 2400) eb=Rect(0, 0 - 1080, 2400) d=0 taskParent=-1},{WCT{android.window.IWindowContainerToken$Stub$Proxy@9b01a3b} m=OPEN f=TRANSLUCENT pTaskId=-1 leash=Surface(name=Task=109)/@0x60deb1f sb=Rect(0, 0 - 1080, 2400) eb=Rect(0, 0 - 1080, 2400) d=0 taskParent=-1}]}
10-09 10:47:12.974  2786  2834 V WindowManagerShell: Playing animation for (#17) android.os.BinderProxy@dc8541b@0
10-09 10:47:12.974  2786  2834 V WindowManagerShell:  try handler com.android.wm.shell.transition.DefaultMixedHandler@f83fb0a
10-09 10:47:12.974  2786  2834 V WindowManagerShell:  try handler com.android.wm.shell.keyguard.KeyguardTransitionHandler@56b1f7b
10-09 10:47:12.974  2786  2834 V WindowManagerShell:  try handler com.android.wm.shell.pip.PipTransition@4c6be3
10-09 10:47:12.974  2786  2834 V WindowManagerShell:  try handler com.android.wm.shell.activityembedding.ActivityEmbeddingController@dfb49e0
10-09 10:47:12.974  2786  2834 V WindowManagerShell:  try handler com.android.wm.shell.recents.RecentsTransitionHandler@7c0e499
10-09 10:47:12.974  2786  2834 V ShellRecents: RecentsTransitionHandler.startAnimation: no controller found
10-09 10:47:12.974  2786  2834 V WindowManagerShell:  try handler com.android.wm.shell.splitscreen.StageCoordinator@a1e235e
10-09 10:47:12.974  2786  2834 V WindowManagerShell:  try handler com.android.wm.shell.transition.RemoteTransitionHandler@64fe33f
10-09 10:47:12.974  2786  2834 V WindowManagerShell: Transition doesn't have explicit remote, search filters for match for {id=17 t=OPEN f=0x0 trk=0 r=[0@Point(0, 0)] c=[{WCT{android.window.IWindowContainerToken$Stub$Proxy@5a928ca} m=OPEN f=TRANSLUCENT|MOVE_TO_TOP pTaskId=-1 leash=Surface(name=Task=110)/@0x231debe sb=Rect(0, 0 - 1080, 2400) eb=Rect(0, 0 - 1080, 2400) d=0 taskParent=-1},{WCT{android.window.IWindowContainerToken$Stub$Proxy@9b01a3b} m=OPEN f=TRANSLUCENT pTaskId=-1 leash=Surface(name=Task=109)/@0x60deb1f sb=Rect(0, 0 - 1080, 2400) eb=Rect(0, 0 - 1080, 2400) d=0 taskParent=-1}]}
10-09 10:47:12.974  2786  2834 V WindowManagerShell:  Checking filter Pair{{types=[] flags=0x0] notFlags=0x100 checks=[{atype=home independent=true modes=[OPEN,TO_FRONT] flags=NONE mustBeTask=false order=TOP topActivity=ComponentInfo{com.motorola.launcher3/com.android.launcher3.uioverrides.QuickstepLauncher} launchCookie=null},{atype=standard independent=true modes=[CLOSE,TO_BACK] flags=NONE mustBeTask=false order=ANY topActivity=null launchCookie=null}]} RemoteTransition { remoteTransition = android.window.IRemoteTransition$Stub$Proxy@c9b5558, appThread = android.app.IApplicationThread$Stub$Proxy@c3456b1, debugName = QuickstepLaunchHome }}
10-09 10:47:12.974  2786  2834 V WindowManagerShell:  Delegate animation for (#17) to null
10-09 10:47:12.974  2786  2834 V WindowManagerShell:  try handler com.android.wm.shell.transition.DefaultTransitionHandler@e25176a
10-09 10:47:12.975  2786  2834 V WindowManagerShell: start default transition animation, info = {id=17 t=OPEN f=0x0 trk=0 r=[0@Point(0, 0)] c=[{WCT{android.window.IWindowContainerToken$Stub$Proxy@5a928ca} m=OPEN f=TRANSLUCENT|MOVE_TO_TOP pTaskId=-1 leash=Surface(name=Task=110)/@0x231debe sb=Rect(0, 0 - 1080, 2400) eb=Rect(0, 0 - 1080, 2400) d=0 taskParent=-1},{WCT{android.window.IWindowContainerToken$Stub$Proxy@9b01a3b} m=OPEN f=TRANSLUCENT pTaskId=-1 leash=Surface(name=Task=109)/@0x60deb1f sb=Rect(0, 0 - 1080, 2400) eb=Rect(0, 0 - 1080, 2400) d=0 taskParent=-1}]}
10-09 10:47:12.978  2786  2834 V WindowManagerShell: loadAnimation: anim=android.view.animation.AnimationSet@c1c6f04 animAttr=0x4 type=OPEN isEntrance=true
10-09 10:47:12.978  2786  2834 V WindowManagerShell: loadAnimation: anim=android.view.animation.AnimationSet@306aced animAttr=0x4 type=OPEN isEntrance=true
10-09 10:47:12.980  2786  2834 V WindowManagerShell:  animated by com.android.wm.shell.transition.DefaultTransitionHandler@e25176a
10-09 10:47:12.986 19309 19484 E ActivityThread: Failed to find provider info for com.motorola.motowaves.provider.moto
10-09 10:47:12.991  2148  2170 V WindowManager: Sent Transition (#17) createdAt=10-09 10:47:11.905 via request=TransitionRequestInfo { type = OPEN, triggerTask = TaskInfo{userId=0 taskId=109 displayId=0 isRunning=true baseIntent=Intent { flg=0x10800000 cmp=com.android.systemui/.usb.UsbDebuggingActivity } baseActivity=ComponentInfo{com.android.systemui/com.android.systemui.usb.UsbDebuggingActivity} topActivity=ComponentInfo{com.android.systemui/com.android.systemui.usb.UsbDebuggingActivity} origActivity=null realActivity=ComponentInfo{com.android.systemui/com.android.systemui.usb.UsbDebuggingActivity} numActivities=1 lastActiveTime=1894343 supportsMultiWindow=true supportsGlobalFreeform=true resizeMode=1 isResizeable=true isAppLocked=false isShowDecorCaptionWindowRequest=false canKillAndRestart=false minWidth=-1 minHeight=-1 defaultMinSize=200 token=WCT{RemoteToken{8925ac7 Task{202169f #109 type=standard A=10383:com.android.systemui}}} topActivityType=1 pictureInPictureParams=null shouldDockBigOverlays=false launchIntoPipHostTaskId=-1 lastParentTaskIdBeforePip=-1 displayCutoutSafeInsets=Rect(0, 117 - 0, 0) topActivityInfo=ActivityInfo{ae378f4 com.android.systemui.usb.UsbDebuggingActivity} launchCookies=[] positionInParent=Point(0, 0) parentTaskId=-1 isFocused=false isVisible=false isVisibleRequested=false isSleeping=false locusId=null displayAreaFeatureId=1 isTopActivityTransparent=true appCompatTaskInfo=AppCompatTaskInfo { topActivityInSizeCompat=false topActivityEligibleForLetterboxEducation= falseisLetterboxEducationEnabled= false isLetterboxDoubleTapEnabled= false topActivityEligibleForUserAspectRatioButton= false topActivityBoundsLetterboxed= false isFromLetterboxDoubleTap= false topActivityLetterboxVerticalPosition= -1 topActivityLetterboxHorizontalPosition= -1 topActivityLetterboxWidth=1080 topActivityLetterboxHeight=2400 isUserFullscreenOverrideEnabled=false isSystemFullscreenOverrideEnabled=false cameraCompatTaskInfo=CameraCompatTaskInfo { cameraCompatControlState=hidden freeformCameraCompatMode=inactive}}}, pipTask = null, remoteTransition = null, displayChange = null, flags = 0, debugId = 17 }
10-09 10:47:12.991  2148  2170 V WindowManager:     startWCT=WindowContainerTransaction { changes = {} hops = [] errorCallbackToken=null taskFragmentOrganizer=null }
10-09 10:47:12.992  2148  2170 V WindowManager:     info={id=17 t=OPEN f=0x0 trk=0 r=[0@Point(0, 0)] c=[
10-09 10:47:12.992  2148  2170 V WindowManager:         {WCT{RemoteToken{26d081d Task{ab78208 #110 type=standard A=1000:com.motorola.settings.usbbottom}}} m=OPEN f=TRANSLUCENT|MOVE_TO_TOP pTaskId=-1 leash=Surface(name=Task=110)/@0x109f073 sb=Rect(0, 0 - 1080, 2400) eb=Rect(0, 0 - 1080, 2400) d=0 taskParent=-1},
10-09 10:47:12.992  2148  2170 V WindowManager:         {WCT{RemoteToken{8925ac7 Task{202169f #109 type=standard A=10383:com.android.systemui}}} m=OPEN f=TRANSLUCENT pTaskId=-1 leash=Surface(name=Task=109)/@0x23814e2 sb=Rect(0, 0 - 1080, 2400) eb=Rect(0, 0 - 1080, 2400) d=0 taskParent=-1}
10-09 10:47:12.992  2148  2170 V WindowManager:     ]}
10-09 10:47:12.997 19309 19484 E ActivityThread: Failed to find provider info for com.motorola.motoprovider.VideoEffectsProvider
10-09 10:47:13.019 19309 19466 E ActivityThread: Failed to find provider info for com.motorola.motowaves.provider.moto
10-09 10:47:13.022 19309 19477 E ActivityThread: Failed to find provider info for com.motorola.magictouch.provider
10-09 10:47:13.029  2148  3079 D PowerManagerService: nativeSetPowerMode ret:true mode:5 enabled:false duration ms: 0
10-09 10:47:13.035  2148  3079 W UserManagerService: Requested status bar icon for non-badged user 0
10-09 10:47:13.036 19309 19442 E ActivityThread: Failed to find provider info for com.motorola.magictouch.provider
10-09 10:47:13.045 19309 19481 E ActivityThread: Failed to find provider info for com.motorola.motowaves.provider.moto
10-09 10:47:13.058  2148  6398 W PackageConfigPersister: App-specific configuration not found for packageName: com.android.settings and userId: 0
10-09 10:47:13.076  2148  6262 I ActivityManager: Flag disabled. Ignoring finishAttachApplication from uid: 10241. pid: 19309
10-09 10:47:13.080 19309 19455 E ActivityThread: Failed to find provider info for com.motorola.magictouch.provider
10-09 10:47:13.135 19309 19459 E ActivityThread: Failed to find provider info for com.motorola.motofpstouch.provider
10-09 10:47:13.141 19309 19444 E ActivityThread: Failed to find provider info for com.motorola.securevault.provider
10-09 10:47:13.165  2148  6258 E ActivityManager: Resetting option setPendingIntentBackgroundActivityStartMode(1) to SYSTEM_DEFINED from the options provided by the pending intent creator (com.motorola.timeweatherwidget) because this option is meant for the pending intent sender
10-09 10:47:13.300  2148  6232 D CompatChangeReporter: Compat change id reported: 311208629; UID 10173; state: ENABLED
10-09 10:47:13.305  2148  6232 W JobScheduler: Job didn't exist in JobStore: c95a8dc #u0a173/404 com.motorola.dolby.dolbyui/androidx.work.impl.background.systemjob.SystemJobService
10-09 10:47:13.314  2148  6698 E ActivityManager: Resetting option setPendingIntentBackgroundActivityStartMode(1) to SYSTEM_DEFINED from the options provided by the pending intent creator (com.motorola.timeweatherwidget) because this option is meant for the pending intent sender
10-09 10:47:13.316  2786  2834 V WindowManagerShell: Transition animation finished (aborted=false), notifying core (#17) android.os.BinderProxy@dc8541b@0
10-09 10:47:13.317  2148  2825 E ActivityManager: Resetting option setPendingIntentBackgroundActivityStartMode(1) to SYSTEM_DEFINED from the options provided by the pending intent creator (com.motorola.timeweatherwidget) because this option is meant for the pending intent sender
10-09 10:47:13.319  2148  2170 V WindowManager: Finish Transition (#17): created at 10-09 10:47:11.905 collect-started=0.09ms request-sent=81.357ms started=84.933ms ready=392.094ms sent=1064.02ms finished=1414.023ms
10-09 10:47:13.327  2786  2834 V WindowManagerShell: Track 0 became idle
10-09 10:47:13.327  2786  2834 V WindowManagerShell: All active transition animations finished
10-09 10:47:13.328  2148  6261 W UserManagerService: Requested status bar icon for non-badged user 0
10-09 10:47:13.332  2148  2825 W UserManagerService: Requested status bar icon for non-badged user 0
10-09 10:47:13.342  2148  6398 E ActivityManager: Resetting option setPendingIntentBackgroundActivityStartMode(1) to SYSTEM_DEFINED from the options provided by the pending intent creator (com.motorola.timeweatherwidget) because this option is meant for the pending intent sender
10-09 10:47:13.352  2148  2825 E ActivityManager: Resetting option setPendingIntentBackgroundActivityStartMode(1) to SYSTEM_DEFINED from the options provided by the pending intent creator (com.motorola.timeweatherwidget) because this option is meant for the pending intent sender
10-09 10:47:13.353  2148  2825 E ActivityManager: Resetting option setPendingIntentBackgroundActivityStartMode(1) to SYSTEM_DEFINED from the options provided by the pending intent creator (com.motorola.timeweatherwidget) because this option is meant for the pending intent sender
10-09 10:47:13.364  2148  2658 D AppWidgetServiceImpl: Trying to notify widget update for package com.motorola.timeweatherwidget with widget id: 2
10-09 10:47:14.161  2148  2182 W MotoBatteryCareService: uid: 10230 pkgName:com.google.android.gsf come to foreground
10-09 10:47:14.163  2148  2182 W MotoBatteryCareService: uid: 10230 pkgName:com.google.android.gms come to foreground
10-09 10:47:14.194  2148  2184 I ActivityManager: Start proc 19526:com.google.android.gms.unstable/u0a230 for service {com.google.android.gms/com.google.android.gms.droidguard.DroidGuardService}
10-09 10:47:14.266  2148  6261 D CompatChangeReporter: Compat change id reported: 297989574; UID 10230; state: ENABLED
10-09 10:47:14.613  2148  2173 I DisplayDeviceRepository: Display device changed render timings: "Built-in Screen", renderFrameRate=90.0, presentationDeadlineNanos=24777778, appVsyncOffsetNanos=-8000000
10-09 10:47:14.618  2148  2220 D BrightnessThermalClamper: Thermal status observer already started
10-09 10:47:14.619  2148  2173 D DisplayManagerService: Ignore redundant display event 0/2 to 10294/10636
10-09 10:47:14.619  2148  2173 D DisplayManagerService: Ignore redundant display event 0/2 to 10218/15037
10-09 10:47:14.619  2148  2173 D DisplayManagerService: Ignore redundant display event 0/2 to 10420/18085
10-09 10:47:14.671  2148  2618 D BiometricService/PreAuthInfo: Package: com.android.settings Sensor ID: 1008 Modality: 8 Status: 4
10-09 10:47:14.673  2148  2618 D BiometricService/PreAuthInfo: Package: com.android.settings Sensor ID: 0 Modality: 2 Status: 1
10-09 10:47:14.674  2148  2618 D BiometricService/PreAuthInfo: getCanAuthenticateInternal Modality: 3 AuthenticatorStatus: 1
10-09 10:47:14.674  2148  2618 D BiometricService: handleAuthenticate: modality(3), status(0), preAuthInfo: BiometricRequested: true, StrengthRequested: 255, CredentialRequested: true, Eligible:{0 }, Ineligible:{ID(1008), oemStrength: 4095, updatedStrength: 4095, modality 8, state: 0, cookie: 0:4 }, CredentialAvailable: true,  requestId: 1 promptInfo.isIgnoreEnrollmentState: false
10-09 10:47:14.674  2148  2618 D BiometricService: Creating authSession with authRequest: BiometricRequested: true, StrengthRequested: 255, CredentialRequested: true, Eligible:{0 }, Ineligible:{ID(1008), oemStrength: 4095, updatedStrength: 4095, modality 8, state: 0, cookie: 0:4 }, CredentialAvailable: true, 
10-09 10:47:14.676  2148  2618 D BiometricService/AuthSession: Creating AuthSession with: BiometricRequested: true, StrengthRequested: 255, CredentialRequested: true, Eligible:{0 }, Ineligible:{ID(1008), oemStrength: 4095, updatedStrength: 4095, modality 8, state: 0, cookie: 0:4 }, CredentialAvailable: true, 
10-09 10:47:14.676  2148  2618 V BiometricService/AuthSession: set to unknown state sensor: 0
10-09 10:47:14.676  2148  2618 V BiometricService/AuthSession: waiting for cooking for sensor: 0
10-09 10:47:14.679  2148  2667 D BiometricUtils: isUdfpsLocalHbmSupport defaultSupport=false debugSupport=false
10-09 10:47:14.679  2148  2667 D BiometricLogger: onAllAuthenticatorsRegistered mUdfpsSupport=false
10-09 10:47:14.680  2148  2667 D BiometricScheduler: [Added] {[13] com.android.server.biometrics.sensors.fingerprint.aidl.FingerprintAuthenticationClient, proto=3, owner=com.android.settings, cookie=2027804885, requestId=1, userId=0}, new queue size: 1
10-09 10:47:14.681  2148  2667 D BiometricScheduler: [Polled] {[13] com.android.server.biometrics.sensors.fingerprint.aidl.FingerprintAuthenticationClient, proto=3, owner=com.android.settings, cookie=2027804885, requestId=1, userId=0}, State: 0
10-09 10:47:14.681  2148  2667 D GestureAvailabilityTracker: Notifying gesture availability, active=false
10-09 10:47:14.682  2148  2667 D BiometricScheduler: Waiting for cookie before starting: {[13] com.android.server.biometrics.sensors.fingerprint.aidl.FingerprintAuthenticationClient, proto=3, owner=com.android.settings, cookie=2027804885, requestId=1, userId=0}, State: 4
10-09 10:47:14.682  2148  2618 D BiometricService/Sensor: Sensor(0) matched cookie: 2027804885
10-09 10:47:14.682  2148  2618 D BiometricService/AuthSession: Remaining cookies: 0
10-09 10:47:14.749  2148  2825 W AppOps  : Noting op not finished: uid 10383 pkg com.android.systemui code 24 startTime of in progress event=1760028426078
10-09 10:47:14.769  2148  6261 D CoreBackPreview: Window{b844d41 u0 BiometricPrompt}: Setting back callback OnBackInvokedCallbackInfo{mCallback=android.window.IOnBackInvokedCallback$Stub$Proxy@a077c7d, mPriority=0, mIsAnimationCallback=false}
10-09 10:47:14.821  2148  2825 I ActivityManager: Flag disabled. Ignoring finishAttachApplication from uid: 10230. pid: 19526
10-09 10:47:14.855  2148  6261 E PersistenceController: SettingNotFoundException: sv_custom_ai_icon_enabled
10-09 10:47:14.894  2148  2825 W PackageConfigPersister: App-specific configuration not found for packageName: com.android.systemui and userId: 0
10-09 10:47:15.043  2148  6398 W NotificationService: Toast already killed. pkg=com.android.systemui token=android.os.BinderProxy@a5699b8
10-09 10:47:15.089  2148  2618 D BiometricService: handleOnDialogAnimatedIn
10-09 10:47:15.089  2148  2618 V BiometricService/AuthSession: Starting sensor: 0
10-09 10:47:15.089  2148  2667 D BiometricScheduler: [Started] {[13] com.android.server.biometrics.sensors.fingerprint.aidl.FingerprintAuthenticationClient, proto=3, owner=com.android.settings, cookie=2027804885, requestId=1, userId=0}
10-09 10:47:15.090  2148  2667 D BiometricStateCallback: State updated from 0 to 3, client {[13] com.android.server.biometrics.sensors.fingerprint.aidl.FingerprintAuthenticationClient, proto=3, owner=com.android.settings, cookie=2027804885, requestId=1, userId=0}
10-09 10:47:15.091  2148  2667 D Biometrics/AuthenticationClient: Requesting auth for com.android.settings
10-09 10:47:15.103  2148  2667 V ALSProbe: Enable ALS: 5395333
10-09 10:47:15.105  2148  2667 D FingerprintProvider/defaultHIDL: onClientStateChanged clientMonitor: {[13] com.android.server.biometrics.sensors.fingerprint.aidl.FingerprintAuthenticationClient, proto=3, owner=com.android.settings, cookie=2027804885, requestId=1, userId=0} callers: com.android.server.biometrics.sensors.ClientMonitorCompositeCallback.onClientStateChanged:65 com.android.server.biometrics.sensors.ClientMonitorCompositeCallback.onClientStateChanged:65 com.android.server.biometrics.sensors.fingerprint.aidl.FingerprintAuthenticationClient.start:166 com.android.server.biometrics.sensors.BiometricSchedulerOperation.doStart:252 com.android.server.biometrics.sensors.BiometricSchedulerOperation.startWithCookie:222 
10-09 10:47:15.105  2148  2667 D BiometricStateCallback: onClientStateChanged client={[13] com.android.server.biometrics.sensors.fingerprint.aidl.FingerprintAuthenticationClient, proto=3, owner=com.android.settings, cookie=2027804885, requestId=1, userId=0} newState=1
10-09 10:47:15.106  2148  2667 D BiometricScheduler: [StateChanged] {[13] com.android.server.biometrics.sensors.fingerprint.aidl.FingerprintAuthenticationClient, proto=3, owner=com.android.settings, cookie=2027804885, requestId=1, userId=0}, state: 1
10-09 10:47:15.106  2148  2667 V BiometricSchedulerOperation: started: {[13] com.android.server.biometrics.sensors.fingerprint.aidl.FingerprintAuthenticationClient, proto=3, owner=com.android.settings, cookie=2027804885, requestId=1, userId=0}, State: 2
10-09 10:47:15.106  2148  2667 D BiometricScheduler: [Started] Prepared client: {[13] com.android.server.biometrics.sensors.fingerprint.aidl.FingerprintAuthenticationClient, proto=3, owner=com.android.settings, cookie=2027804885, requestId=1, userId=0}, State: 2
10-09 10:47:15.646  2148  2173 W WindowManager: Unable to start animation, surface is null or no children.
10-09 10:47:15.750  2148  2308 D BatteryService: uevent={POWER_SUPPLY_VOLTAGE_NOW=3889000, POWER_SUPPLY_CURRENT_AVG=901100, POWER_SUPPLY_CAPACITY_LEVEL=Normal, POWER_SUPPLY_TYPE=Battery, POWER_SUPPLY_HEALTH=Good, POWER_SUPPLY_CURRENT_NOW=415600, POWER_SUPPLY_PRESENT=1, POWER_SUPPLY_TECHNOLOGY=Li-ion, POWER_SUPPLY_CHARGE_FULL=5025700, POWER_SUPPLY_TIME_TO_FULL_NOW=33674, POWER_SUPPLY_CHARGE_FULL_DESIGN=4997000, SUBSYSTEM=power_supply, POWER_SUPPLY_CONSTANT_CHARGE_VOLTAGE=4300, POWER_SUPPLY_TEMP=270, SEQNUM=7540, ACTION=change, POWER_SUPPLY_NAME=battery, POWER_SUPPLY_STATUS=Charging, POWER_SUPPLY_CYCLE_COUNT=2, POWER_SUPPLY_CHARGE_COUNTER=1557967, POWER_SUPPLY_CAPACITY=31, DEVPATH=/devices/platform/11b20000.i2c/i2c-5/5-0034/11b20000.i2c:mt6375@34:mtk_gauge/power_supply/battery}
10-09 10:47:15.750  2148  2308 D BatteryService: uevent={POWER_SUPPLY_VOLTAGE_NOW=3889000, POWER_SUPPLY_CURRENT_AVG=901100, POWER_SUPPLY_CAPACITY_LEVEL=Normal, POWER_SUPPLY_TYPE=Battery, POWER_SUPPLY_HEALTH=Good, POWER_SUPPLY_CURRENT_NOW=415600, POWER_SUPPLY_PRESENT=1, POWER_SUPPLY_TECHNOLOGY=Li-ion, POWER_SUPPLY_CHARGE_FULL=5025700, POWER_SUPPLY_TIME_TO_FULL_NOW=33674, POWER_SUPPLY_CHARGE_FULL_DESIGN=4997000, SUBSYSTEM=power_supply, POWER_SUPPLY_CONSTANT_CHARGE_VOLTAGE=4300, POWER_SUPPLY_TEMP=270, SEQNUM=7540, ACTION=change, POWER_SUPPLY_NAME=battery, POWER_SUPPLY_STATUS=Charging, POWER_SUPPLY_CYCLE_COUNT=2, POWER_SUPPLY_CHARGE_COUNTER=1557967, POWER_SUPPLY_CAPACITY=31, DEVPATH=/devices/platform/11b20000.i2c/i2c-5/5-0034/11b20000.i2c:mt6375@34:mtk_gauge/power_supply/battery}
10-09 10:47:15.754  2148  2148 V UiModeManager: updateLocked: null action, mDockState=0, category=null
10-09 10:47:15.754  2148  2148 D UiModeManager: updateConfigurationLocked: mDockState=0; mCarMode=false; mNightMode=com.android.server.UiModeManagerService$1@cd3b8a9; mNightModeCustomType=-1; uiMode=17
10-09 10:47:15.770  2786  3957 D PowerUI : can't show warning due to - plugged: true status unknown: false
10-09 10:47:15.787  2786  3422 D PowerUI : can't show warning due to - plugged: true status unknown: false
10-09 10:47:15.789  2148  2148 V UiModeManager: updateLocked: null action, mDockState=0, category=null
10-09 10:47:15.789  2148  2148 D UiModeManager: updateConfigurationLocked: mDockState=0; mCarMode=false; mNightMode=com.android.server.UiModeManagerService$1@cd3b8a9; mNightModeCustomType=-1; uiMode=17
10-09 10:47:16.170  2148  2173 I DisplayDeviceRepository: Display device changed render timings: "Built-in Screen", renderFrameRate=60.000004, presentationDeadlineNanos=28600000, appVsyncOffsetNanos=8400000
10-09 10:47:16.173  2148  2173 D DisplayManagerService: Ignore redundant display event 0/2 to 10294/10636
10-09 10:47:16.173  2148  2173 D DisplayManagerService: Ignore redundant display event 0/2 to 10218/15037
10-09 10:47:16.173  2148  2173 D DisplayManagerService: Ignore redundant display event 0/2 to 10420/18085
10-09 10:47:16.197  2148  2220 D BrightnessThermalClamper: Thermal status observer already started
10-09 10:47:16.497  2148  2329 D ActivityManager: freezing 18085 com.inmobi.weather, reason = oom_cached
10-09 10:47:16.528  2148  6261 E ActivityManager: Resetting option setPendingIntentBackgroundActivityStartMode(1) to SYSTEM_DEFINED from the options provided by the pending intent creator (com.motorola.timeweatherwidget) because this option is meant for the pending intent sender
10-09 10:47:16.541  2148  6261 E ActivityManager: Resetting option setPendingIntentBackgroundActivityStartMode(1) to SYSTEM_DEFINED from the options provided by the pending intent creator (com.motorola.timeweatherwidget) because this option is meant for the pending intent sender
10-09 10:47:16.543  2148  6701 E ActivityManager: Resetting option setPendingIntentBackgroundActivityStartMode(1) to SYSTEM_DEFINED from the options provided by the pending intent creator (com.motorola.timeweatherwidget) because this option is meant for the pending intent sender
10-09 10:47:16.559  2148  6232 E ActivityManager: Resetting option setPendingIntentBackgroundActivityStartMode(1) to SYSTEM_DEFINED from the options provided by the pending intent creator (com.motorola.timeweatherwidget) because this option is meant for the pending intent sender
