--------- beginning of crash
10-09 10:16:16.061  1766  1766 I libimsma_adapt: mtk-brm-commit-id:8783a29bae0ae84a456239f3212f27bdafa94c91
10-09 10:16:16.061  1766  1766 I libimsma_adapt: mtk-brm-change-id:Iee598bb542f5de895a4b71649fbc79b2d93bc3de
10-09 10:16:16.061  1766  1766 I libimsma_adapt: mtk-brm-merge-id:none
10-09 10:45:00.186 11094 11094 E AndroidRuntime: FATAL EXCEPTION: main
10-09 10:45:00.186 11094 11094 E AndroidRuntime: Process: com.nealwagner.soberdailies, PID: 11094
10-09 10:45:00.186 11094 11094 E AndroidRuntime: com.facebook.soloader.SoLoaderDSONotFoundError: couldn't find DSO to load: libreact_featureflagsjni.so
10-09 10:45:00.186 11094 11094 E AndroidRuntime: 	existing SO sources: 
10-09 10:45:00.186 11094 11094 E AndroidRuntime: 		SoSource 0: ApplicationSoSource[DirectorySoSource[root = /data/app/~~TFSXGIAVJno4bm0IwUZZYg==/com.nealwagner.soberdailies-Zxr6vGN-y_eUw_mttnUcLg==/lib/arm64 flags = 0]]
10-09 10:45:00.186 11094 11094 E AndroidRuntime: 		SoSource 1: DirectApkSoSource[root = [/data/app/~~TFSXGIAVJno4bm0IwUZZYg==/com.nealwagner.soberdailies-Zxr6vGN-y_eUw_mttnUcLg==/base.apk!/lib/arm64-v8a, /data/app/~~TFSXGIAVJno4bm0IwUZZYg==/com.nealwagner.soberdailies-Zxr6vGN-y_eUw_mttnUcLg==/split_config.en.apk!/lib/arm64-v8a, /data/app/~~TFSXGIAVJno4bm0IwUZZYg==/com.nealwagner.soberdailies-Zxr6vGN-y_eUw_mttnUcLg==/split_config.xxhdpi.apk!/lib/arm64-v8a, /data/app/~~TFSXGIAVJno4bm0IwUZZYg==/com.nealwagner.soberdailies-Zxr6vGN-y_eUw_mttnUcLg==/split_config.arm64_v8a.apk!/lib/arm64-v8a]]
10-09 10:45:00.186 11094 11094 E AndroidRuntime: 		SoSource 2: DirectorySoSource[root = /system/lib64 flags = 3]
10-09 10:45:00.186 11094 11094 E AndroidRuntime: 		SoSource 3: DirectorySoSource[root = /vendor/lib64 flags = 3]
10-09 10:45:00.186 11094 11094 E AndroidRuntime: 	Native lib dir: /data/app/~~TFSXGIAVJno4bm0IwUZZYg==/com.nealwagner.soberdailies-Zxr6vGN-y_eUw_mttnUcLg==/lib/arm64
10-09 10:45:00.186 11094 11094 E AndroidRuntime: 
10-09 10:45:00.186 11094 11094 E AndroidRuntime: 	at com.facebook.soloader.SoLoader.doLoadLibraryBySoName(SoLoader.java:1216)
10-09 10:45:00.186 11094 11094 E AndroidRuntime: 	at com.facebook.soloader.SoLoader.loadLibraryBySoNameImpl(SoLoader.java:1078)
10-09 10:45:00.186 11094 11094 E AndroidRuntime: 	at com.facebook.soloader.SoLoader.loadLibraryBySoName(SoLoader.java:943)
10-09 10:45:00.186 11094 11094 E AndroidRuntime: 	at com.facebook.soloader.SoLoader.loadLibraryOnAndroid(SoLoader.java:859)
10-09 10:45:00.186 11094 11094 E AndroidRuntime: 	at com.facebook.soloader.SoLoader.loadLibrary(SoLoader.java:842)
10-09 10:45:00.186 11094 11094 E AndroidRuntime: 	at com.facebook.soloader.SoLoader.loadLibrary(SoLoader.java:812)
10-09 10:45:00.186 11094 11094 E AndroidRuntime: 	at com.facebook.react.internal.featureflags.ReactNativeFeatureFlagsCxxInterop.<clinit>(ReactNativeFeatureFlagsCxxInterop.kt:28)
10-09 10:45:00.186 11094 11094 E AndroidRuntime: 	at com.facebook.react.internal.featureflags.ReactNativeFeatureFlagsCxxAccessor.enableBridgelessArchitecture(ReactNativeFeatureFlagsCxxAccessor.kt:98)
10-09 10:45:00.186 11094 11094 E AndroidRuntime: 	at com.facebook.react.internal.featureflags.ReactNativeFeatureFlags.enableBridgelessArchitecture(ReactNativeFeatureFlags.kt:53)
10-09 10:45:00.186 11094 11094 E AndroidRuntime: 	at com.facebook.react.ReactActivityDelegate.lambda$onCreate$0(ReactActivityDelegate.java:127)
10-09 10:45:00.186 11094 11094 E AndroidRuntime: 	at com.facebook.react.ReactActivityDelegate.$r8$lambda$HPdXfLmAU1y4Wc1XbwAHziPP2WA(Unknown Source:0)
10-09 10:45:00.186 11094 11094 E AndroidRuntime: 	at com.facebook.react.ReactActivityDelegate$$ExternalSyntheticLambda0.run(D8$$SyntheticClass:0)
10-09 10:45:00.186 11094 11094 E AndroidRuntime: 	at com.facebook.systrace.Systrace.traceSection(Systrace.kt:39)
10-09 10:45:00.186 11094 11094 E AndroidRuntime: 	at com.facebook.react.ReactActivityDelegate.onCreate(ReactActivityDelegate.java:118)
10-09 10:45:00.186 11094 11094 E AndroidRuntime: 	at com.facebook.react.ReactActivity.onCreate(ReactActivity.java:47)
10-09 10:45:00.186 11094 11094 E AndroidRuntime: 	at com.nealwagner.soberdailies.MainActivity.onCreate(MainActivity.kt:15)
10-09 10:45:00.186 11094 11094 E AndroidRuntime: 	at android.app.Activity.performCreate(Activity.java:9149)
10-09 10:45:00.186 11094 11094 E AndroidRuntime: 	at android.app.Activity.performCreate(Activity.java:9127)
10-09 10:45:00.186 11094 11094 E AndroidRuntime: 	at android.app.Instrumentation.callActivityOnCreate(Instrumentation.java:1526)
10-09 10:45:00.186 11094 11094 E AndroidRuntime: 	at android.app.ActivityThread.performLaunchActivity(ActivityThread.java:4152)
10-09 10:45:00.186 11094 11094 E AndroidRuntime: 	at android.app.ActivityThread.handleLaunchActivity(ActivityThread.java:4361)
10-09 10:45:00.186 11094 11094 E AndroidRuntime: 	at android.app.servertransaction.LaunchActivityItem.execute(LaunchActivityItem.java:112)
10-09 10:45:00.186 11094 11094 E AndroidRuntime: 	at android.app.servertransaction.TransactionExecutor.executeNonLifecycleItem(TransactionExecutor.java:174)
10-09 10:45:00.186 11094 11094 E AndroidRuntime: 	at android.app.servertransaction.TransactionExecutor.executeTransactionItems(TransactionExecutor.java:109)
10-09 10:45:00.186 11094 11094 E AndroidRuntime: 	at android.app.servertransaction.TransactionExecutor.execute(TransactionExecutor.java:81)
10-09 10:45:00.186 11094 11094 E AndroidRuntime: 	at android.app.ActivityThread$H.handleMessage(ActivityThread.java:2747)
10-09 10:45:00.186 11094 11094 E AndroidRuntime: 	at android.os.Handler.dispatchMessage(Handler.java:112)
10-09 10:45:00.186 11094 11094 E AndroidRuntime: 	at android.os.Looper.loopOnce(Looper.java:268)
10-09 10:45:00.186 11094 11094 E AndroidRuntime: 	at android.os.Looper.loop(Looper.java:384)
10-09 10:45:00.186 11094 11094 E AndroidRuntime: 	at android.app.ActivityThread.main(ActivityThread.java:8921)
10-09 10:45:00.186 11094 11094 E AndroidRuntime: 	at java.lang.reflect.Method.invoke(Native Method)
10-09 10:45:00.186 11094 11094 E AndroidRuntime: 	at com.android.internal.os.RuntimeInit$MethodAndArgsCaller.run(RuntimeInit.java:580)
10-09 10:45:00.186 11094 11094 E AndroidRuntime: 	at com.android.internal.os.ZygoteInit.main(ZygoteInit.java:907)
--------- beginning of system
10-09 10:46:06.718  2148  2182 W ActivityManager: pid 2148 system sent binder code 2 with flags 1 to frozen apps and got error -32
10-09 10:46:06.718  2148  2182 D ActivityManager: Too many transaction errors, throttling freezer binder callback.
10-09 10:46:06.718  2148  2182 W ActivityManager: pid 2148 system sent binder code 2 with flags 1 to frozen apps and got error -32
10-09 10:46:06.718  2148  2182 D ActivityManager: Too many transaction errors, throttling freezer binder callback.
10-09 10:46:06.718  2148  2182 W ActivityManager: pid 2148 system sent binder code 2 with flags 1 to frozen apps and got error -32
10-09 10:46:06.718  2148  2182 D ActivityManager: Too many transaction errors, throttling freezer binder callback.
10-09 10:46:06.746  2148  6277 D CompatChangeReporter: Compat change id reported: 161145287; UID 10328; state: ENABLED
10-09 10:46:06.905  2148  6273 I ActivityManager: Flag disabled. Ignoring finishAttachApplication from uid: 10357. pid: 17230
10-09 10:46:06.984  2148  6277 D CompatChangeReporter: Compat change id reported: 271850009; UID 10328; state: ENABLED
10-09 10:46:06.985  2148  6261 D DisplayManagerService: supportedStates=[0]
10-09 10:46:06.986  2148  6261 D DisplayManagerService: possibleInfos={DisplayInfo{"Built-in Screen", displayId 0, displayGroupId 0, FLAG_SECURE, FLAG_SUPPORTS_PROTECTED_BUFFERS, FLAG_TRUSTED, real 1080 x 2400, largest app 2400 x 2400, smallest app 1080 x 1080, appVsyncOff 8400000, presDeadline 28600000, mode 3, renderFrameRate 60.000004, defaultMode 1, userPreferredModeId -1, supportedModes [{id=1, width=1080, height=2400, fps=120.00001, vsync=120.00001, synthetic=false, alternativeRefreshRates=[30.000002, 60.0, 90.0], supportedHdrTypes=[2, 3, 4]}, {id=2, width=1080, height=2400, fps=90.0, vsync=90.0, synthetic=false, alternativeRefreshRates=[30.000002, 60.0, 120.00001], supportedHdrTypes=[2, 3, 4]}, {id=3, width=1080, height=2400, fps=60.0, vsync=60.0, synthetic=false, alternativeRefreshRates=[30.000002, 90.0, 120.00001], supportedHdrTypes=[2, 3, 4]}, {id=4, width=1080, height=2400, fps=30.000002, vsync=30.000002, synthetic=false, alternativeRefreshRates=[60.0, 90.0, 120.00001], supportedHdrTypes=[2, 3, 4]}], appsSupportedModes [{id=1, width=1080, height=2400, fps=120.00001, vsync=120.00001, synthetic=false, alternativeRefreshRates=[30.000002, 60.0, 90.0], supportedHdrTypes=[2, 3, 4]}, {id=2, width=1080, height=2400, fps=90.0, vsync=90.0, synthetic=false, alternativeRefreshRates=[30.000002, 60.0, 120.00001], supportedHdrTypes=[2, 3, 4]}, {id=3, width=1080, height=2400, fps=60.0, vsync=60.0, synthetic=false, alternativeRefreshRates=[30.000002, 90.0, 120.00001], supportedHdrTypes=[2, 3, 4]}, {id=4, width=1080, height=2400, fps=30.000002, vsync=30.000002, synthetic=false, alternativeRefreshRates=[60.0, 90.0, 120.00001], supportedHdrTypes=[2, 3, 4]}], readyfor modes [], hdrCapabilities HdrCapabilities{mSupportedHdrTypes=[2, 3, 4], mMaxLuminance=500.0, mMaxAverageLuminance=500.0, mMinLuminance=0.0}, userDisabledHdrTypes [], minimalPostProcessingSupported false, rotation 0, state OFF, committedState OFF, type INTERNAL, uniqueId "local:0", app 1080 x 2400, density 400 (391.432 x 391.431) dpi, layerStack 0, colorMode 0, supportedColorModes [0, 7, 9], address {port=0}, deviceProductInfo null, removeMode 0, refreshRateOverride 0.0, brightnessMinimum 0.0, brightnessMaximum 1.0, brightnessDefault 0.4, installOrientation ROTATION_0, layoutLimitedRefreshRate null, hdrSdrRatio 1.0, thermalRefreshRateThrottling {}, thermalBrightnessThrottlingDataId default}}
10-09 10:46:07.209  2148  2148 V NotificationManagerService$NotificationListeners: 0 notification listener service connected: ComponentInfo{com.motorola.launcher3/com.android.launcher3.notification.NotificationListener}
10-09 10:46:07.244  2148  6261 I ActivityTaskManager: The Process com.motorola.launcher3 Already Exists in BG. So sending its PID: 17230
10-09 10:46:07.248  2148  6261 D CompatChangeReporter: Compat change id reported: 324203798; UID 10357; state: ENABLED
10-09 10:46:07.269  2148  2182 W MotoBatteryCareService: uid: 10357 pkgName:com.motorola.launcher3 come to foreground
10-09 10:46:07.328  2148  6273 D CompatChangeReporter: Compat change id reported: 253665015; UID 10328; state: ENABLED
10-09 10:46:07.468  2148  6261 I ActivityManager: Killing 14355:com.google.android.gm/u0a304 (adj 920, setSvc -10000): empty #31
10-09 10:46:07.512  2148  2184 I ActivityManager: Start proc 17295:com.facebook.system/u0a283 for content provider {com.facebook.system/com.facebook.oxygen.installer.api.AppManagerApiProvider}
10-09 10:46:08.015  2148  6696 I ActivityManager: Flag disabled. Ignoring finishAttachApplication from uid: 10283. pid: 17295
10-09 10:46:08.046  3275  6739 W Binder  : reply too large data on java level: InterfaceDescriptor = null, code = 46
10-09 10:46:08.048  3624  3712 D ActivityThread: Too many transaction errors, throttling freezer binder callback.
10-09 10:46:08.107  2148  6696 I ActivityManager: appDiedLocked: app=ProcessRecord{c94b9cf 14355:com.google.android.gm/u0a304} thread=android.os.BinderProxy@95862ad fromBinderDied=true isKilledByAm=true reason=null
10-09 10:46:08.117  2148  6696 D RestartModeController: markWaitRestartAppIsSuicided null processName=com.google.android.gm
10-09 10:46:08.119  2148  2171 D DisplayManagerService: Drop pending events for gone uid 10304
10-09 10:46:08.144  2148  6696 D ActivityTaskManager: handleAppDied: uid=10304,diedCount=1,lastDiedTime=1794689,forceStopUids=false
10-09 10:46:08.198 17204 17284 E ActivityThread: Failed to find provider info for com.facebook.appmanager.nekodirect
10-09 10:46:08.616  2148  2329 D ActivityManager: freezing 14519 com.android.settings.intelligence, reason = oom_cached
10-09 10:46:08.621  2148  2329 D ActivityManager: freezing 16528 com.motorola.personalize, reason = oom_cached
10-09 10:46:08.623  2148  2329 D ActivityManager: freezing 16481 com.motorola.help, reason = oom_cached
10-09 10:46:08.633  2148  2329 D ActivityManager: freezing 13929 com.motorola.freeform, reason = oom_cached
10-09 10:46:08.641  2148  2329 D ActivityManager: freezing 16450 com.motorola.dynamicvolume, reason = oom_cached
10-09 10:46:08.647  2148  2329 D ActivityManager: freezing 16433 com.motorola.ccc.ota, reason = oom_cached
10-09 10:46:08.651  2148  2329 D ActivityManager: freezing 16388 com.motorola.appforecast, reason = oom_cached
10-09 10:46:08.662  2148  2329 D ActivityManager: freezing 16359 com.google.android.projection.gearhead:projection, reason = oom_cached
10-09 10:46:08.667  2148  2329 D ActivityManager: freezing 16206 com.google.android.marvin.talkback, reason = oom_cached
10-09 10:46:08.672  2148  2329 D ActivityManager: freezing 16408 com.google.android.projection.gearhead:shared, reason = oom_cached
10-09 10:46:08.995  2148  6683 W AppOps  : Noting op not finished: uid 10230 pkg com.google.android.gms code 113 startTime of in progress event=1760028257373
10-09 10:46:09.040  2148  6693 W AppOps  : Noting op not finished: uid 10230 pkg com.google.android.gms code 113 startTime of in progress event=1760028274546
10-09 10:46:09.099  2148  2184 I ActivityManager: Start proc 17354:com.google.android.apps.docs/u0a299 for service {com.google.android.apps.docs/com.google.android.libraries.notifications.entrypoints.scheduled.ScheduledTaskService}
10-09 10:46:09.166  2148  2315 E JobScheduler.Quota: <0>com.google.android.apps.docs has 0 EJ quota without running anything
10-09 10:46:09.166  2148  2315 E JobScheduler.Quota: <0>com.google.android.apps.docs has 0 EJ quota without running anything
10-09 10:46:09.182  2148  2315 W JobServiceContext: Sending onNetworkChanged for a job that isn't started. JobStatus{9b0735 #u0a299/111007999 com.google.android.apps.docs/com.google.android.libraries.notifications.entrypoints.scheduled.ScheduledTaskService u=0 s=10299 TIME=-29m34s295ms:-29m34s295ms NET PERIODIC PERSISTED READY}
10-09 10:46:09.297  2148  6701 W ActivityManager: Slow operation: 56ms so far, now at startProcess: done starting proc!
10-09 10:46:09.297  2148  6701 W ContentProviderHelper: Slow operation: 57ms so far, now at getContentProviderImpl: after start process
10-09 10:46:09.298  2148  6701 W ContentProviderHelper: Slow operation: 58ms so far, now at getContentProviderImpl: updating data structures
10-09 10:46:09.298  2148  6701 W ContentProviderHelper: Slow operation: 58ms so far, now at getContentProviderImpl: done!
10-09 10:46:09.322  2148  2184 W ActivityManager: Slow operation: 76ms so far, now at startProcess: returned from zygote!
10-09 10:46:09.324  2148  2184 W ActivityManager: Slow operation: 79ms so far, now at startProcess: done updating battery stats
10-09 10:46:09.324  2148  2184 W ActivityManager: Slow operation: 79ms so far, now at startProcess: building log message
10-09 10:46:09.324  2148  2184 I ActivityManager: Start proc 17365:com.facebook.services/u0a285 for content provider {com.facebook.services/com.facebook.oxygen.services.audit.provider.ServicesAuditDataApiProvider}
10-09 10:46:09.325  2148  2184 W ActivityManager: Slow operation: 79ms so far, now at startProcess: starting to update pids map
10-09 10:46:09.325  2148  2184 W ActivityManager: Slow operation: 80ms so far, now at startProcess: done updating pids map
10-09 10:46:09.433  2148  2148 D TrustManagerService: refreshDeviceLockedForUser(userId=0, unlockedUser=-10000), secure=true, showingKeyguard=true, trusted=false, biometricAuthenticated=false, currentUserIsUnlocked=false, deviceLocked=true
10-09 10:46:09.434  2148  2148 D BiometricService: Sensor ID(1008), oemStrength: 4095, updatedStrength: 4095, modality 8, state: 0, cookie: 0, sensorId 1008, hasEnrollments: false cannot participate in Keystore operations
10-09 10:46:09.443   889   902 I keystore2: system/security/keystore2/src/authorization.rs:155 - on_device_locked(user_id=0, unlocking_sids=[7850304946037449182], weak_unlock_enabled=false)
10-09 10:46:09.476   889   902 I keystore2: system/security/keystore2/src/super_key.rs:976 - UnlockedDeviceRequired super keys for user 0 are biometric-encrypted.
10-09 10:46:09.507  2148  2173 D PanelsService: onKeyguardStateChanged.. isShowing=true
10-09 10:46:09.507  2148  2173 D TouchHwService: onKeyguardStateChanged.. isShowing=true
10-09 10:46:09.514  2148  2184 W ActivityManager: Slow operation: 57ms so far, now at startProcess: returned from zygote!
10-09 10:46:09.515  2148  2184 W ActivityManager: Slow operation: 58ms so far, now at startProcess: done updating battery stats
10-09 10:46:09.515  2148  2184 W ActivityManager: Slow operation: 58ms so far, now at startProcess: building log message
10-09 10:46:09.515  2148  2184 I ActivityManager: Start proc 17375:com.google.android.apps.wallpaper/u0a348 for broadcast {com.google.android.apps.wallpaper/com.android.wallpaper.module.DailyLoggingAlarmReceiver}
10-09 10:46:09.516  2148  2184 W ActivityManager: Slow operation: 58ms so far, now at startProcess: starting to update pids map
10-09 10:46:09.517  2148  2184 W ActivityManager: Slow operation: 60ms so far, now at startProcess: done updating pids map
10-09 10:46:09.553  2148  3821 W AppOps  : Noting op not finished: uid 10230 pkg com.google.android.gms code 113 startTime of in progress event=1760028257373
10-09 10:46:09.569  2148  6273 W UserManagerService: Requested status bar icon for non-badged user 0
10-09 10:46:09.626  2148  6701 W ActivityManager: Slow operation: 55ms so far, now at attachApplicationLocked: after updateOomAdjLocked
10-09 10:46:09.663  2786  2941 V PowerManager: userActivity when=1832026 event=0 flags=0 displayId=0 by (com.android.systemui) callers=android.os.PowerManager.userActivity:1487 com.android.systemui.keyguard.KeyguardViewMediator$$ExternalSyntheticLambda2.run:52 java.util.concurrent.ThreadPoolExecutor.runWorker:1156 
10-09 10:46:09.703  2148  2705 W AppOps  : Noting op not finished: uid 10230 pkg com.google.android.gms code 79 startTime of in progress event=1760028307447
10-09 10:46:09.720  2148  6258 D ActivityManager: unfreezing ProcessRecord{90a27b6 13929:com.motorola.freeform/u0a361}, reason = shouldNotFreeze_provider: ProcessRecord{dc9e4b9 17230:com.motorola.launcher3/u0a357}, adj = 100, adjType = provider, adjSource = ProcessRecord{dc9e4b9 17230:com.motorola.launcher3/u0a357}
10-09 10:46:09.725  2148  6258 D ActivityManager: sync unfroze 13929 com.motorola.freeform for 7
10-09 10:46:09.765  2148  2183 W ProcessStats: Tracking association SourceState{35e5079 com.motorola.launcher3/10357 BFgs #6776} whose proc state 4 is better than process ProcessState{7b24ba1 com.motorola.freeform/10361 pkg=com.motorola.freeform} proc state 14 (0 skipped)
10-09 10:46:09.783  2148  3082 D SystemServerTiming: getUserSwitchability-0
10-09 10:46:09.783  2148  3082 D SystemServerTiming: TM.isInCall
10-09 10:46:09.783  2148  3082 D SystemServerTiming: hasUserRestriction-DISALLOW_USER_SWITCH
10-09 10:46:09.783  2148  3082 D SystemServerTiming: getInt-ALLOW_USER_SWITCHING_WHEN_SYSTEM_USER_LOCKED
10-09 10:46:09.783  2148  3082 D SystemServerTiming: isUserUnlocked-USER_SYSTEM
10-09 10:46:09.795  2148  6231 D ActivityManager: unfreezing ProcessRecord{c60b52c 16528:com.motorola.personalize/u0a373}, reason = shouldNotFreeze_service_3: ProcessRecord{a946227 2786:com.android.systemui/u0a383}, adj = 0, adjType = exec-service, adjSource = null
10-09 10:46:09.798  2148  6231 D ActivityManager: sync unfroze 16528 com.motorola.personalize for 5
10-09 10:46:09.922  2148  3082 W AppOps  : Noting op not finished: uid 10230 pkg com.google.android.gms code 113 startTime of in progress event=1760028257373
10-09 10:46:09.925  2148  2329 D ActivityManager: freezing 16564 com.inmobi.weather, reason = oom_cached
10-09 10:46:09.964  2148  2329 D ActivityManager: freezing 16808 com.google.android.webview:sandboxed_process0:org.chromium.content.app.SandboxedProcessService0:0, reason = oom_cached
10-09 10:46:09.967  2148  2329 D ActivityManager: freezing 16676 com.inmobi.installer, reason = oom_cached
10-09 10:46:10.047  2148  3082 I ActivityManager: Flag disabled. Ignoring finishAttachApplication from uid: 10348. pid: 17375
10-09 10:46:10.048  2148  6258 D CompatChangeReporter: Compat change id reported: 161145287; UID 10373; state: ENABLED
10-09 10:46:10.141  2148  2329 D ActivityManager: freezing 15866 com.google.android.projection.gearhead:car, reason = oom_cached
10-09 10:46:10.322  2148  6258 D CompatChangeReporter: Compat change id reported: 161145287; UID 10285; state: ENABLED
10-09 10:46:10.326  2148  2182 W MotoBatteryCareService: uid: 10282 pkgName:com.google.android.googlequicksearchbox come to foreground
10-09 10:46:10.350  2148  2184 W ActivityManager: Slow operation: 60ms so far, now at startProcess: returned from zygote!
10-09 10:46:10.351  2148  2184 W ActivityManager: Slow operation: 61ms so far, now at startProcess: done updating battery stats
10-09 10:46:10.351  2148  2184 W ActivityManager: Slow operation: 61ms so far, now at startProcess: building log message
10-09 10:46:10.351  2148  2184 I ActivityManager: Start proc 17414:com.google.android.googlequicksearchbox:googleapp/u0a282 for service {com.google.android.googlequicksearchbox/com.google.android.apps.gsa.nowoverlayservice.DrawerOverlayService}
10-09 10:46:10.351  2148  2184 W ActivityManager: Slow operation: 61ms so far, now at startProcess: starting to update pids map
10-09 10:46:10.354  2148  2184 W ActivityManager: Slow operation: 64ms so far, now at startProcess: done updating pids map
10-09 10:46:10.364  2148  3082 I ActivityManager: Flag disabled. Ignoring finishAttachApplication from uid: 10285. pid: 17365
10-09 10:46:10.536  2148  6693 D ShortcutService: rescanPackageIfNeeded 0@com.google.android.apps.docs, forceRescan=false , isNewApp=false
10-09 10:46:10.915  1792  1792 W wificond: Failed to get NL80211_ATTR_MAX_NUM_AKM_SUITES
10-09 10:46:10.929  1792  1792 W wificond: Failed to get NL80211_ATTR_MAX_NUM_AKM_SUITES
10-09 10:46:10.931  1792  1792 W wificond: Failed to get NL80211_ATTR_MAX_NUM_AKM_SUITES
10-09 10:46:11.172  2148  2705 D CompatChangeReporter: Compat change id reported: 151861875; UID 10143; state: ENABLED
10-09 10:46:11.253  2148  2184 W ActivityManager: Slow operation: 78ms so far, now at startProcess: returned from zygote!
10-09 10:46:11.254  2148  2184 W ActivityManager: Slow operation: 78ms so far, now at startProcess: done updating battery stats
10-09 10:46:11.269  2148  2184 W ActivityManager: Slow operation: 94ms so far, now at startProcess: building log message
10-09 10:46:11.269  2148  2184 I ActivityManager: Start proc 17451:android.process.media/u0a143 for content provider {com.android.providers.downloads/com.android.providers.downloads.DownloadProvider}
10-09 10:46:11.269  2148  2184 W ActivityManager: Slow operation: 94ms so far, now at startProcess: starting to update pids map
10-09 10:46:11.270  3275  8099 W Binder  : reply too large data on java level: InterfaceDescriptor = null, code = 46
10-09 10:46:11.271  2148  2184 W ActivityManager: Slow operation: 95ms so far, now at startProcess: done updating pids map
10-09 10:46:11.271  3624  3712 D ActivityThread: Too many transaction errors, throttling freezer binder callback.
10-09 10:46:11.285  2786  2834 D WindowManagerShell: setLauncherKeepClearAreaHeight: visible=false, height=193
10-09 10:46:11.286  2786  2834 D WindowManagerShell: setLauncherKeepClearAreaHeight: visible=true, height=193
10-09 10:46:11.344  2148  3821 D CoreBackPreview: Window{68e13ac u0 com.motorola.launcher3/com.android.launcher3.CustomizationPanelLauncher}: Setting back callback OnBackInvokedCallbackInfo{mCallback=android.window.IOnBackInvokedCallback$Stub$Proxy@4921ece, mPriority=-1, mIsAnimationCallback=false}
10-09 10:46:11.368  2148  2301 D CoreBackPreview: Window{68e13ac u0 com.motorola.launcher3/com.android.launcher3.CustomizationPanelLauncher}: Setting back callback OnBackInvokedCallbackInfo{mCallback=android.window.IOnBackInvokedCallback$Stub$Proxy@fbf14e8, mPriority=0, mIsAnimationCallback=true}
10-09 10:46:11.688  2148  2705 I ActivityManager: Flag disabled. Ignoring finishAttachApplication from uid: 10299. pid: 17354
10-09 10:46:11.761  2148  6696 I ActivityManager: Flag disabled. Ignoring finishAttachApplication from uid: 10143. pid: 17451
10-09 10:46:11.845  2148  2329 D ActivityManager: freezing 16971 com.android.rkpdapp, reason = oom_cached
10-09 10:46:11.928  2148  2182 D addPss  : tracker=ProcessState{fdf843b com.android.chrome/10294 pkg=com.android.chrome}
10-09 10:46:11.954  2148  2182 D addPss  : tracker=ProcessState{837f58f com.android.chrome:privileged_process0/10294 pkg=com.android.chrome}
10-09 10:46:12.073  2148  2314 W UsageStatsService: Unexpected activity event reported! (com.motorola.launcher3/com.android.launcher3.uioverrides.QuickstepLauncher event : 23 instanceId : 178475650)
10-09 10:46:12.093  2148  3082 I ActivityManager: Killing 16113:com.google.android.calendar/u0a297 (adj 920, setSvc -10000): empty #31
10-09 10:46:12.095  2148  3082 I ActivityManager: Killing 16085:com.google.android.contactkeys/u0a436 (adj 920, setSvc -10000): empty #32
10-09 10:46:12.097  2148  3082 I ActivityManager: Killing 15158:com.google.android.apps.safetyhub/u0a256 (adj 920, setSvc -10000): empty #33
10-09 10:46:12.098  2148  3082 I ActivityManager: Killing 15113:com.google.android.accessibility.switchaccess/u0a310 (adj 920, setSvc -10000): empty #34
10-09 10:46:12.100  2148  3082 I ActivityManager: Killing 15016:com.android.traceur/u0a176 (adj 920, setSvc -10000): empty #35
10-09 10:46:12.102  2148  3082 I ActivityManager: Killing 14559:com.android.settings/1000 (adj 920, setSvc -10000): empty #36
10-09 10:46:12.112  2148  3491 D AdbDebuggingManager: Received public key: QAAAABPhg9Pl7hhSN0ijrGU6nTGIdjbvHlaS4z1ISBFRJCn86kY1m0tfrCeY1jHlaSXf4t1xwAMCgsivptc+kyJxBj7pOI6coc+SRn4leccaM828EVedN4kn55O3doB3tlxK9zFYXp8UmgC2cPBXoVHtLny91pW4CWtHGFNjwNISFlBp++UzyUrzC2+DXz5SM+Tj0RNX1ZNe0AY+1kn+AwJPsxSZZAv+LpCkKDWUsv8MYQlqQOUPlH3F4Q4mv3mTe3ckHMut6q5dwsQMQDoUMuAzZ5goDY1QjbOlqwqPmQ3+Bxdh3LulLUhK6hoE+HiMq6omTRX+KxTHh4K7dQ+sRXK4S9VF5F65vZB6g4Z1W3Brm5P2ClETmCCmuSIuyxNNZEqPgiw9A6DPPc5x+ciUgUMhP1q/rJHyXdQFX+Ns3KmJHrap1FN1BF+82mDTazeMy6j2ahCuGkbOZrTfmEbAOhGDeZvkyW0Kl2/R0Hb41JQxH96SYBsgGQCHXMifM59IrZ6vG63274ZI93HjZajv3ydTnYcMa/XEudAbNBjybVuwHBgsnOsU6roTGGGR7bb/2wQL9cjcMf0irMwEEblSyZVDBvKfehBJIklGlcgPH/E0Qu6kA6h5DzbUv7FuFFDVCjy2OqN6zQtm2yoE68749h2x3IfdCFGhyDSJlT1flRgGKtZ3sB4pdgEAAQA= nealwagner@Neals-MacBook-Air.local
10-09 10:46:12.113  2148  2170 D AdbDebuggingManager: Logging key QAAAABPhg9Pl7hhSN0ijrGU6nTGIdjbvHlaS4z1ISBFRJCn86kY1m0tfrCeY1jHlaSXf4t1xwAMCgsivptc+kyJxBj7pOI6coc+SRn4leccaM828EVedN4kn55O3doB3tlxK9zFYXp8UmgC2cPBXoVHtLny91pW4CWtHGFNjwNISFlBp++UzyUrzC2+DXz5SM+Tj0RNX1ZNe0AY+1kn+AwJPsxSZZAv+LpCkKDWUsv8MYQlqQOUPlH3F4Q4mv3mTe3ckHMut6q5dwsQMQDoUMuAzZ5goDY1QjbOlqwqPmQ3+Bxdh3LulLUhK6hoE+HiMq6omTRX+KxTHh4K7dQ+sRXK4S9VF5F65vZB6g4Z1W3Brm5P2ClETmCCmuSIuyxNNZEqPgiw9A6DPPc5x+ciUgUMhP1q/rJHyXdQFX+Ns3KmJHrap1FN1BF+82mDTazeMy6j2ahCuGkbOZrTfmEbAOhGDeZvkyW0Kl2/R0Hb41JQxH96SYBsgGQCHXMifM59IrZ6vG63274ZI93HjZajv3ydTnYcMa/XEudAbNBjybVuwHBgsnOsU6roTGGGR7bb/2wQL9cjcMf0irMwEEblSyZVDBvKfehBJIklGlcgPH/E0Qu6kA6h5DzbUv7FuFFDVCjy2OqN6zQtm2yoE68749h2x3IfdCFGhyDSJlT1flRgGKtZ3sB4pdgEAAQA= nealwagner@Neals-MacBook-Air.local, state = 1, alwaysAllow = false, lastConnectionTime = 0, authWindow = 604800000
10-09 10:46:12.125  2148  2170 W ActivityTaskManager: callingPackage for (uid=1000, pid=2148) is ambiguous: [android, com.android.providers.settings, com.motorola.android.providers.settings, com.android.server.telecom, com.android.location.fused, com.mediatek.location.lppe.main]
10-09 10:46:12.125  2148  2170 D ActivityTaskManager: getPreferredLaunchDisplay userset_displayid true user set display id 0, current focus display 0
10-09 10:46:12.126  2148  2170 I SettingsAccessControlPolicy: isDeviceSettingsChangeDisabled: value -> false
10-09 10:46:12.126  2148  2182 D addPss  : tracker=ProcessState{eca3606 com.google.android.apps.messaging/10237 pkg=com.google.android.apps.messaging}
10-09 10:46:12.143  2148  2170 W OptProp : Cannot read opt property android.window.PROPERTY_COMPAT_ALLOW_ORIENTATION_OVERRIDE
10-09 10:46:12.149  2148  2170 D CompatChangeReporter: Compat change id reported: 306666082; UID 10383; state: ENABLED
10-09 10:46:12.152  2148  2170 D ActivityTaskManager: getPreferredLaunchDisplay userset_displayid true user set display id 0, current focus display 0
10-09 10:46:12.152  2148  2170 D ActivityTaskManager: getPreferredLaunchDisplay userset_displayid true user set display id 0, current focus display 0
10-09 10:46:12.153  2148  2170 D ActivityTaskManager: getPreferredLaunchDisplay userset_displayid true user set display id 0, current focus display 0
10-09 10:46:12.154  2148  2170 D ActivityTaskManager: getPreferredLaunchDisplay userset_displayid true user set display id 0, current focus display 0
10-09 10:46:12.154  2148  2170 D ActivityTaskManager: [GlobalFreeform] use default Rect(162, 162 - 1242, 1929) scale=0.7 for ActivityRecord{724d5ba u0 com.android.systemui/.usb.UsbDebuggingActivity
10-09 10:46:12.154  2148  2170 D ActivityTaskManager: getPreferredLaunchDisplay userset_displayid true user set display id 0, current focus display 0
10-09 10:46:12.155  2148  2170 D ActivityTaskManager: getPreferredLaunchDisplay userset_displayid true user set display id 0, current focus display 0
10-09 10:46:12.155  2148  2170 D ActivityTaskManager: [GlobalFreeform] use default Rect(162, 162 - 1242, 1929) scale=0.7 for ActivityRecord{724d5ba u0 com.android.systemui/.usb.UsbDebuggingActivity t-1}
10-09 10:46:12.158  2148  2170 D ActivityTaskManager: sendShowDecorCaptionWindow Task is not organized Task{e3da3c8 #108 type=undefined}
10-09 10:46:12.159  2148  2170 D ActivityTaskManager: sendShowDecorCaptionWindow Task is not organized Task{e3da3c8 #108 type=undefined}
10-09 10:46:12.172  2148  2170 D ActivityTaskManager: getPreferredLaunchDisplay userset_displayid false user set display id 0, current focus display 0
10-09 10:46:12.172  2148  2170 D ActivityTaskManager: getPreferredLaunchDisplay userset_displayid false user set display id 0, current focus display 0
10-09 10:46:12.173  2148  2170 D ActivityTaskManager: [GlobalFreeform] use default Rect(162, 162 - 1242, 1929) scale=0.7 for ActivityRecord{724d5ba u0 com.android.systemui/.usb.UsbDebuggingActivity t-1}
10-09 10:46:12.175  2148  2170 W OptProp : Cannot read opt property android.window.PROPERTY_COMPAT_ALLOW_MIN_ASPECT_RATIO_OVERRIDE
10-09 10:46:12.177  2148  2170 W OptProp : Cannot read opt property android.window.PROPERTY_COMPAT_ALLOW_RESIZEABLE_ACTIVITY_OVERRIDES
10-09 10:46:12.191 17230 17267 E ActivityThread: Failed to find provider info for com.motorola.smarteye.settings.provider
10-09 10:46:12.195  2148  2170 D ActivityTaskManager: Temporarily retain top process state for launching app
10-09 10:46:12.195  2148  2170 D PowerManagerService: nativeSetPowerMode ret:true mode:5 enabled:true duration ms: 0
10-09 10:46:12.196 17230 17267 E ActivityThread: Failed to find provider info for com.motorola.smarteye.settings.provider
10-09 10:46:12.199  2148  2170 I ActivityTaskManager: The Process com.android.systemui Already Exists in BG. So sending its PID: 2786
10-09 10:46:12.200  2148  2170 D ActivityTaskManager: Sync with process assetsSeq 8 on activity ActivityRecord{724d5ba u0 com.android.systemui/.usb.UsbDebuggingActivity t108}
10-09 10:46:12.207  2148  2170 D CompatChangeReporter: Compat change id reported: 324203798; UID 10383; state: ENABLED
10-09 10:46:12.212  2148  2170 D ActivityTaskManager: sendShowDecorCaptionWindow Task is not organized Task{6803364 #105 type=undefined I=com.motorola.launcher3/com.android.launcher3.CustomizationPanelLauncher}
10-09 10:46:12.290  2786  2834 V WindowManagerShell: Transition requested (#15): android.os.BinderProxy@74bd8f0 TransitionRequestInfo { type = OPEN, triggerTask = TaskInfo{userId=0 taskId=108 displayId=0 isRunning=true baseIntent=Intent { flg=0x10800000 cmp=com.android.systemui/.usb.UsbDebuggingActivity } baseActivity=ComponentInfo{com.android.systemui/com.android.systemui.usb.UsbDebuggingActivity} topActivity=ComponentInfo{com.android.systemui/com.android.systemui.usb.UsbDebuggingActivity} origActivity=null realActivity=ComponentInfo{com.android.systemui/com.android.systemui.usb.UsbDebuggingActivity} numActivities=1 lastActiveTime=1834646 supportsMultiWindow=true supportsGlobalFreeform=true resizeMode=1 isResizeable=true isAppLocked=false isShowDecorCaptionWindowRequest=false canKillAndRestart=false minWidth=-1 minHeight=-1 defaultMinSize=200 token=WCT{android.window.IWindowContainerToken$Stub$Proxy@104ae69} topActivityType=1 pictureInPictureParams=null shouldDockBigOverlays=false launchIntoPipHostTaskId=-1 lastParentTaskIdBeforePip=-1 displayCutoutSafeInsets=Rect(0, 117 - 0, 0) topActivityInfo=ActivityInfo{a5870ee com.android.systemui.usb.UsbDebuggingActivity} launchCookies=[] positionInParent=Point(0, 0) parentTaskId=-1 isFocused=true isVisible=false isVisibleRequested=false isSleeping=true locusId=null displayAreaFeatureId=1 isTopActivityTransparent=true appCompatTaskInfo=AppCompatTaskInfo { topActivityInSizeCompat=false topActivityEligibleForLetterboxEducation= falseisLetterboxEducationEnabled= false isLetterboxDoubleTapEnabled= false topActivityEligibleForUserAspectRatioButton= false topActivityBoundsLetterboxed= false isFromLetterboxDoubleTap= false topActivityLetterboxVerticalPosition= -1 topActivityLetterboxHorizontalPosition= -1 topActivityLetterboxWidth=1080 topActivityLetterboxHeight=2400 isUserFullscreenOverrideEnabled=false isSystemFullscreenOverrideEnabled=false cameraCompatTaskInfo=CameraCompatTaskInfo { cameraCompatControlState=hidden freeformCameraCompatMode=inactive}}}, pipTask = null, remoteTransition = null, displayChange = null, flags = 0, debugId = 15 }
10-09 10:46:12.293  2148  2170 I ActivityTaskManager: START u0 {flg=0x10000000 cmp=com.android.systemui/.usb.UsbDebuggingActivity (has extras)} with LAUNCH_MULTIPLE from uid 1000 (startActivityAsUser) (BAL_ALLOW_ALLOWLISTED_UID) result code=0
10-09 10:46:12.319  2148  2170 W Looper  : Slow dispatch took 207ms android.fg h=com.android.server.adb.AdbDebuggingManager$AdbDebuggingHandler c=null m=5
10-09 10:46:12.319  2148  2170 W Looper  : Slow delivery took 201ms android.fg h=android.os.Handler c=com.android.server.power.hint.HintManagerService$MyUidObserver$$ExternalSyntheticLambda0@e858ef8 m=0
10-09 10:46:12.364  2148  2170 W Looper  : Drained
10-09 10:46:12.387  2148  3821 I ActivityManager: appDiedLocked: app=ProcessRecord{66c3dbe 16085:com.google.android.contactkeys/u0a436} thread=android.os.BinderProxy@235bb96 fromBinderDied=true isKilledByAm=true reason=null
10-09 10:46:12.392  2148  3821 D RestartModeController: markWaitRestartAppIsSuicided null processName=com.google.android.contactkeys
10-09 10:46:12.395  2148  2171 D DisplayManagerService: Drop pending events for gone uid 10436
10-09 10:46:12.408  2148  3821 D ActivityTaskManager: handleAppDied: uid=10436,diedCount=0,lastDiedTime=0,forceStopUids=false
10-09 10:46:12.488  2148  2705 I ActivityManager: Killing 15413:com.google.android.cellbroadcastreceiver/u0a398 (adj 920, setSvc -10000): empty #31
10-09 10:46:12.543  2148  3821 I MR2ServiceImpl: unregisterManager | package: com.android.settings, user: 0, manager: 4, died: true
10-09 10:46:12.545  2148  6693 I ActivityManager: appDiedLocked: app=ProcessRecord{aa07e10 14559:com.android.settings/1000} thread=android.os.BinderProxy@2781111 fromBinderDied=true isKilledByAm=true reason=null
10-09 10:46:12.545  2148  6698 I MR2ServiceImpl: unregisterManager | package: com.android.settings, user: 0, manager: 3, died: true
10-09 10:46:12.549  2148  6693 D RestartModeController: markWaitRestartAppIsSuicided null processName=com.android.settings
10-09 10:46:12.564  2148  6693 D ActivityTaskManager: handleAppDied: uid=1000,diedCount=1,lastDiedTime=1793885,forceStopUids=false
10-09 10:46:12.564  2148  3821 I ActivityManager: appDiedLocked: app=ProcessRecord{5b780ae 15016:com.android.traceur/u0a176} thread=android.os.BinderProxy@53bad4d fromBinderDied=true isKilledByAm=true reason=null
10-09 10:46:12.569  2148  3821 D RestartModeController: markWaitRestartAppIsSuicided null processName=com.android.traceur
10-09 10:46:12.570  2148  2171 D DisplayManagerService: Drop pending events for gone uid 10176
10-09 10:46:12.581  2148  3821 D ActivityTaskManager: handleAppDied: uid=10176,diedCount=1,lastDiedTime=1747052,forceStopUids=false
10-09 10:46:12.604  2148  2301 I ActivityManager: appDiedLocked: app=ProcessRecord{9b3a22a 15113:com.google.android.accessibility.switchaccess/u0a310} thread=android.os.BinderProxy@4507d13 fromBinderDied=true isKilledByAm=true reason=null
10-09 10:46:12.605  2148  6694 D CoreBackPreview: Window{215077 u0 com.android.systemui/com.android.systemui.usb.UsbDebuggingActivity}: Setting back callback OnBackInvokedCallbackInfo{mCallback=android.window.IOnBackInvokedCallback$Stub$Proxy@c133b50, mPriority=-1, mIsAnimationCallback=false}
10-09 10:46:12.609  2148  2301 D RestartModeController: markWaitRestartAppIsSuicided null processName=com.google.android.accessibility.switchaccess
10-09 10:46:12.610  2148  2171 D DisplayManagerService: Drop pending events for gone uid 10310
10-09 10:46:12.623  2148  2301 D ActivityTaskManager: handleAppDied: uid=10310,diedCount=0,lastDiedTime=0,forceStopUids=false
10-09 10:46:12.640  2148  2825 I ActivityManager: appDiedLocked: app=ProcessRecord{f2908f4 15413:com.google.android.cellbroadcastreceiver/u0a398} thread=android.os.BinderProxy@63bd76f fromBinderDied=true isKilledByAm=true reason=null
10-09 10:46:12.643  2148  2825 D RestartModeController: markWaitRestartAppIsSuicided null processName=com.google.android.cellbroadcastreceiver
10-09 10:46:12.644  2148  2171 D DisplayManagerService: Drop pending events for gone uid 10398
10-09 10:46:12.651  2148  2825 D ActivityTaskManager: handleAppDied: uid=10398,diedCount=1,lastDiedTime=1778312,forceStopUids=false
10-09 10:46:12.674  2786  2816 V WindowManagerShell: onTransitionReady(transaction=9225589752957)
10-09 10:46:12.674  2148  2170 V WindowManager: Sent Transition (#15) createdAt=10-09 10:46:12.150 via request=TransitionRequestInfo { type = OPEN, triggerTask = TaskInfo{userId=0 taskId=108 displayId=0 isRunning=true baseIntent=Intent { flg=0x10800000 cmp=com.android.systemui/.usb.UsbDebuggingActivity } baseActivity=ComponentInfo{com.android.systemui/com.android.systemui.usb.UsbDebuggingActivity} topActivity=ComponentInfo{com.android.systemui/com.android.systemui.usb.UsbDebuggingActivity} origActivity=null realActivity=ComponentInfo{com.android.systemui/com.android.systemui.usb.UsbDebuggingActivity} numActivities=1 lastActiveTime=1834646 supportsMultiWindow=true supportsGlobalFreeform=true resizeMode=1 isResizeable=true isAppLocked=false isShowDecorCaptionWindowRequest=false canKillAndRestart=false minWidth=-1 minHeight=-1 defaultMinSize=200 token=WCT{RemoteToken{1f8bc7c Task{e3da3c8 #108 type=standard A=10383:com.android.systemui}}} topActivityType=1 pictureInPictureParams=null shouldDockBigOverlays=false launchIntoPipHostTaskId=-1 lastParentTaskIdBeforePip=-1 displayCutoutSafeInsets=Rect(0, 117 - 0, 0) topActivityInfo=ActivityInfo{43e3905 com.android.systemui.usb.UsbDebuggingActivity} launchCookies=[] positionInParent=Point(0, 0) parentTaskId=-1 isFocused=true isVisible=false isVisibleRequested=false isSleeping=true locusId=null displayAreaFeatureId=1 isTopActivityTransparent=true appCompatTaskInfo=AppCompatTaskInfo { topActivityInSizeCompat=false topActivityEligibleForLetterboxEducation= falseisLetterboxEducationEnabled= false isLetterboxDoubleTapEnabled= false topActivityEligibleForUserAspectRatioButton= false topActivityBoundsLetterboxed= false isFromLetterboxDoubleTap= false topActivityLetterboxVerticalPosition= -1 topActivityLetterboxHorizontalPosition= -1 topActivityLetterboxWidth=1080 topActivityLetterboxHeight=2400 isUserFullscreenOverrideEnabled=false isSystemFullscreenOverrideEnabled=false cameraCompatTaskInfo=CameraCompatTaskInfo { cameraCompatControlState=hidden freeformCameraCompatMode=inactive}}}, pipTask = null, remoteTransition = null, displayChange = null, flags = 0, debugId = 15 }
10-09 10:46:12.674  2786  2834 V WindowManagerShell: onTransitionReady (#15) android.os.BinderProxy@74bd8f0: {id=15 t=OPEN f=0x40 trk=0 r=[] c=[]}
10-09 10:46:12.674  2786  2834 V WindowManagerShell: No transition roots in (#15) android.os.BinderProxy@74bd8f0@0 so abort
10-09 10:46:12.677  2148  2170 V WindowManager:     startWCT=WindowContainerTransaction { changes = {} hops = [] errorCallbackToken=null taskFragmentOrganizer=null }
10-09 10:46:12.677  2786  2834 V WindowManagerShell: Transition animation finished (aborted=true), notifying core (#15) android.os.BinderProxy@74bd8f0@0
10-09 10:46:12.677  2148  2170 V WindowManager:     info={id=15 t=OPEN f=0x40 trk=0 r=[] c=[]}
10-09 10:46:12.679  2148  2182 D addPss  : tracker=ProcessState{56a6c73 com.motorola.omadm.service/10205 pkg=com.motorola.omadm.service}
10-09 10:46:12.680  2148  6232 I ActivityManager: appDiedLocked: app=ProcessRecord{fcecbb0 15158:com.google.android.apps.safetyhub/u0a256} thread=android.os.BinderProxy@532468 fromBinderDied=true isKilledByAm=true reason=null
10-09 10:46:12.694  2148  2665 I MR2ServiceImpl: Updating composite discovery preference | preference: RouteDiscoveryRequest{ preferredFeatures={}, activeScan=false }, active routers: []
10-09 10:46:12.707  2148  6700 D PowerManagerService: nativeSetPowerMode ret:true mode:5 enabled:false duration ms: 3
10-09 10:46:12.717  2786  2834 V WindowManagerShell: Track 0 became idle
10-09 10:46:12.717  2786  2834 V WindowManagerShell: All active transition animations finished
10-09 10:46:12.721  2148  6232 D RestartModeController: markWaitRestartAppIsSuicided null processName=com.google.android.apps.safetyhub
10-09 10:46:12.723  2148  2170 V WindowManager: Finish Transition (#15): created at 10-09 10:46:12.150 collect-started=0.173ms request-sent=136.76ms started=146.554ms ready=146.399ms sent=521.487ms finished=557.317ms
10-09 10:46:12.728  2148  2171 D DisplayManagerService: Drop pending events for gone uid 10256
10-09 10:46:12.738  2148  2182 D addPss  : tracker=ProcessState{a5c669b com.android.providers.calendar/10139 pkg=com.android.providers.calendar}
10-09 10:46:12.754  2148  6232 D ActivityTaskManager: handleAppDied: uid=10256,diedCount=1,lastDiedTime=1771229,forceStopUids=false
10-09 10:46:12.756  2148  6701 I ActivityManager: appDiedLocked: app=ProcessRecord{361e215 16113:com.google.android.calendar/u0a297} thread=android.os.BinderProxy@481943f fromBinderDied=true isKilledByAm=true reason=null
10-09 10:46:12.764  2148  6701 W ActivityManager: Scheduling restart of crashed service com.google.android.calendar/com.google.android.libraries.notifications.entrypoints.scheduled.ScheduledTaskService in 1000ms for connection
10-09 10:46:12.786  2148  6701 D RestartModeController: markWaitRestartAppIsSuicided null processName=com.google.android.calendar
10-09 10:46:12.800  2148  2171 D DisplayManagerService: Drop pending events for gone uid 10297
10-09 10:46:12.803  2148  6696 W UserManagerService: Requested status bar icon for non-badged user 0
10-09 10:46:12.810  2148  6701 D ActivityTaskManager: handleAppDied: uid=10297,diedCount=1,lastDiedTime=1777283,forceStopUids=false
10-09 10:46:12.823  2148  2665 I MR2ServiceImpl: Updating composite discovery preference | preference: RouteDiscoveryRequest{ preferredFeatures={}, activeScan=false }, active routers: []
10-09 10:46:12.824  2148  6256 W UserManagerService: Requested status bar icon for non-badged user 0
10-09 10:46:12.948  2148  2329 D ActivityManager: freezing 17024 com.google.android.webview:webview_service, reason = oom_cached
10-09 10:46:12.951  2148  2182 D addPss  : tracker=ProcessState{7efc747 com.google.android.projection.gearhead:provider/10184 pkg=com.google.android.projection.gearhead}
10-09 10:46:12.966  2148  2148 I TransportConnection: BackupTransportService#3: Notifying [AppBackupUtils.appIsRunningAndEligibleForBackupWithTransport] transport = BackupTransportClient
10-09 10:46:12.997  2148  6232 D BackupTransportManager: [UserID:0] Transport com.google.android.gms/.backup.BackupTransportService updated its attributes
10-09 10:46:13.039  2148  2182 D addPss  : tracker=ProcessState{4be749b com.google.android.apps.youtube.music/10326 pkg=com.google.android.apps.youtube.music (sub)}
10-09 10:46:13.040  2148  2182 W MotoBatteryCareService: uid: 10383 pkgName:com.android.systemui come to foreground
10-09 10:46:13.040  2148  2182 W MotoBatteryCareService: uid: 10383 pkgName:com.android.systemui come to foreground
10-09 10:46:13.061  3275  7686 W Binder  : reply too large data on java level: InterfaceDescriptor = null, code = 46
10-09 10:46:13.083  2148  6693 W ActivityManager: pid 3275 com.google.android.gms.persistent sent binder code 1 with flags 1 to frozen apps and got error -32
10-09 10:46:13.098  3624  3712 D ActivityThread: Too many transaction errors, throttling freezer binder callback.
10-09 10:46:13.178  2148  6700 W UserManagerService: Do not support app clone feature.
10-09 10:46:13.189  2148  6700 W UserManagerService: Do not support app clone feature.
10-09 10:46:13.192  2148  6700 D ShortcutService: Getting shortcuts for launcher= com.motorola.launcher3user=0 pkg=null
10-09 10:46:13.261  3275 15031 D ActivityThread: Too many transaction errors, throttling freezer binder callback.
10-09 10:46:13.401  3275 15031 D ActivityThread: Too many transaction errors, throttling freezer binder callback.
10-09 10:46:13.480  2148  2148 I TransportConnection: BackupTransportService#9: Notifying [AppBackupUtils.appIsRunningAndEligibleForBackupWithTransport] transport = BackupTransportClient
10-09 10:46:13.502  2148  6258 D BackupTransportManager: [UserID:0] Transport com.google.android.gms/.backup.BackupTransportService updated its attributes
10-09 10:46:13.582  3275 15031 D ActivityThread: Too many transaction errors, throttling freezer binder callback.
10-09 10:46:13.666  2148  6700 I ActivityManager: Flag disabled. Ignoring finishAttachApplication from uid: 10282. pid: 17414
10-09 10:46:13.800  2148  2148 I TransportConnection: BackupTransportService#13: Notifying [AppBackupUtils.appIsRunningAndEligibleForBackupWithTransport] transport = BackupTransportClient
10-09 10:46:13.822  2148  2184 W ActivityManager: Slow operation: 56ms so far, now at startProcess: done updating battery stats
10-09 10:46:13.822  2148  6700 D BackupTransportManager: [UserID:0] Transport com.google.android.gms/.backup.BackupTransportService updated its attributes
10-09 10:46:13.823  2148  2184 W ActivityManager: Slow operation: 56ms so far, now at startProcess: building log message
10-09 10:46:13.823  2148  2184 I ActivityManager: Start proc 17532:com.google.android.calendar/u0a297 for service {com.google.android.calendar/com.google.android.libraries.notifications.entrypoints.scheduled.ScheduledTaskService}
10-09 10:46:13.823  2148  2184 W ActivityManager: Slow operation: 57ms so far, now at startProcess: starting to update pids map
10-09 10:46:13.823  2148  2184 W ActivityManager: Slow operation: 57ms so far, now at startProcess: done updating pids map
10-09 10:46:13.866  2148  2170 W ContextImpl: Calling a method in the system process without a qualified user: android.app.ContextImpl.sendBroadcast:1273 com.android.server.location.provider.LocationProviderManager$LocationRegistration$1.test:1068 com.android.server.location.provider.LocationProviderManager$LocationRegistration$1.test:1017 android.location.LocationResult.filter:253 com.android.server.location.provider.LocationProviderManager$LocationRegistration.acceptLocationChange:1016 
10-09 10:46:13.890  2148  2170 W ContextImpl: Calling a method in the system process without a qualified user: android.app.ContextImpl.sendBroadcast:1273 com.android.server.location.provider.LocationProviderManager$LocationRegistration$1.test:1068 com.android.server.location.provider.LocationProviderManager$LocationRegistration$1.test:1017 android.location.LocationResult.filter:253 com.android.server.location.provider.LocationProviderManager$LocationRegistration.acceptLocationChange:1016 
10-09 10:46:13.894  2148  2170 W ContextImpl: Calling a method in the system process without a qualified user: android.app.ContextImpl.sendBroadcast:1273 com.android.server.location.provider.LocationProviderManager$LocationRegistration$1.test:1068 com.android.server.location.provider.LocationProviderManager$LocationRegistration$1.test:1017 android.location.LocationResult.filter:253 com.android.server.location.provider.LocationProviderManager$LocationRegistration.acceptLocationChange:1016 
10-09 10:46:13.898  2148  2170 W ContextImpl: Calling a method in the system process without a qualified user: android.app.ContextImpl.sendBroadcast:1273 com.android.server.location.provider.LocationProviderManager$LocationRegistration$1.test:1068 com.android.server.location.provider.LocationProviderManager$LocationRegistration$1.test:1017 android.location.LocationResult.filter:253 com.android.server.location.provider.LocationProviderManager$LocationRegistration.acceptLocationChange:1016 
10-09 10:46:13.952  2148  2315 W JobServiceContext: Sending onNetworkChanged for a job that isn't started. JobStatus{f51ed3b #u0a297/111007999 com.google.android.calendar/com.google.android.libraries.notifications.entrypoints.scheduled.ScheduledTaskService u=0 s=10297 TIME=-29m39s65ms:-29m39s65ms NET PERIODIC PERSISTED READY}
