10-09 10:46:38.889  2148  2672 D ShortcutService: replacing package: ai.perplexity.app.android userId0
10-09 10:46:38.889  2148  2672 D ShortcutService: handlePackageUpdateFinished: ai.perplexity.app.android user=0
10-09 10:46:38.889  2148  2672 D ShortcutService: rescanPackageIfNeeded 0@ai.perplexity.app.android, forceRescan=true , isNewApp=false
10-09 10:46:38.902  2148  2873 I ActivityManager: Flag disabled. Ignoring finishAttachApplication from uid: 1000. pid: 18131
10-09 10:46:38.919  2148  2658 D AppWidgetServiceImpl: Trying to notify widget providers changed
10-09 10:46:38.949  2148  2148 I TransportConnection: BackupTransportService#299: Notifying [AppBackupUtils.appIsRunningAndEligibleForBackupWithTransport] transport = BackupTransportClient
10-09 10:46:38.964  2148  6699 I ActivityManager: Flag disabled. Ignoring finishAttachApplication from uid: 10144. pid: 18155
10-09 10:46:38.964  2148  2672 D ShortcutService: Package ai.perplexity.app.android has 3 manifest shortcut(s), and 0 share target(s)
10-09 10:46:38.964  2148  2672 D ShortcutService: Package ai.perplexity.app.android updated, version 260486 -> 260492
10-09 10:46:38.966  2148  2672 D ShortcutService: Package ai.perplexity.app.android: publishing manifest shortcuts
10-09 10:46:38.989  2148  6699 D BackupTransportManager: [UserID:0] Transport com.google.android.gms/.backup.BackupTransportService updated its attributes
10-09 10:46:39.010  2148  2162 D CompatChangeReporter: Compat change id reported: 151861875; UID 2000; state: ENABLED
10-09 10:46:39.033  2148  6258 I ActivityManager: appDiedLocked: app=ProcessRecord{c1c73df 7564:com.google.android.gms.unstable/u0a230} thread=android.os.BinderProxy@66fa5ef fromBinderDied=true isKilledByAm=true reason=null
10-09 10:46:39.044  2148  6258 D RestartModeController: markWaitRestartAppIsSuicided null processName=com.google.android.gms.unstable
10-09 10:46:39.054  2148  6258 D ActivityTaskManager: handleAppDied: uid=10230,diedCount=1,lastDiedTime=1860122,forceStopUids=false
10-09 10:46:39.063  2148  6683 D CompatChangeReporter: Compat change id reported: 311208629; UID 10264; state: ENABLED
10-09 10:46:39.064  2148  2184 W ActivityManager: Slow operation: 53ms so far, now at startProcess: returned from zygote!
10-09 10:46:39.066  3275  6739 W Binder  : reply too large data on java level: InterfaceDescriptor = null, code = 46
10-09 10:46:39.067  3624  3712 D ActivityThread: Too many transaction errors, throttling freezer binder callback.
10-09 10:46:39.073  2148  2184 W ActivityManager: Slow operation: 63ms so far, now at startProcess: done updating battery stats
10-09 10:46:39.074  2148  2184 W ActivityManager: Slow operation: 64ms so far, now at startProcess: building log message
10-09 10:46:39.074  2148  2184 I ActivityManager: Start proc 18221:com.android.shell/2000 for content provider {com.android.shell/com.android.shell.BugreportStorageProvider}
10-09 10:46:39.074  2148  2184 W ActivityManager: Slow operation: 64ms so far, now at startProcess: starting to update pids map
10-09 10:46:39.075  2148  2184 W ActivityManager: Slow operation: 64ms so far, now at startProcess: done updating pids map
10-09 10:46:39.077  2148  6262 D CompatChangeReporter: Compat change id reported: 311208629; UID 1000; state: ENABLED
10-09 10:46:39.089  2148  6262 I ActivityManager: Killing 17375:com.google.android.apps.wallpaper/u0a348 (adj 920, setSvc -10000): empty #31
10-09 10:46:39.099  2148  2672 D ShortcutService: Saving package item ai.perplexity.app.android to /data/system_ce/0/shortcut_service/packages/ai.perplexity.app.android.xml
10-09 10:46:39.104  2148  6258 E PersistenceController: SettingNotFoundException: sv_custom_ai_icon_enabled
10-09 10:46:39.113  2148  6699 I ActivityManager: Killing 17414:com.google.android.googlequicksearchbox:googleapp/u0a282 (adj 920, setSvc -10000): empty #31
10-09 10:46:39.247  2148  2148 I TransportConnection: BackupTransportService#301: Notifying [AppBackupUtils.appIsRunningAndEligibleForBackupWithTransport] transport = BackupTransportClient
10-09 10:46:39.278  2148  6683 I ActivityManager: Flag disabled. Ignoring finishAttachApplication from uid: 2000. pid: 18221
10-09 10:46:39.306  2148  6262 I ActivityManager: Flag disabled. Ignoring finishAttachApplication from uid: 10264. pid: 18165
10-09 10:46:39.312  2148  6258 D BackupTransportManager: [UserID:0] Transport com.google.android.gms/.backup.BackupTransportService updated its attributes
10-09 10:46:39.315  2148  6258 W ActivityManager: pid 18104 com.google.android.documentsui sent binder code 1 with flags 2 to frozen apps and got error -2147483646
10-09 10:46:39.315  2148  6258 D ActivityManager: Too many transaction errors, throttling freezer binder callback.
10-09 10:46:39.315  2148  3082 E PersistenceController: SettingNotFoundException: sv_custom_ai_icon_enabled
10-09 10:46:39.315 18104 18148 I ActivityThread: Removing dead content provider:android.content.ContentProviderProxy@7715fc5
10-09 10:46:39.321  2148  3082 I ActivityManager: Process com.google.android.apps.docs (pid 17354) early provider death
10-09 10:46:39.322  2148  3082 I ActivityManager: appDiedLocked: app=ProcessRecord{43e6d06 17354:com.google.android.apps.docs/u0a299} thread=android.os.BinderProxy@543af4f fromBinderDied=false isKilledByAm=false reason=unstable content provider
10-09 10:46:39.323  2148  3082 I ActivityManager: Process com.google.android.apps.docs (pid 17354) has died: cch+15 CEM 
10-09 10:46:39.328  2148  3082 D ActivityTaskManager: handleAppDied: uid=10299,diedCount=1,lastDiedTime=1821297,forceStopUids=false
10-09 10:46:39.329  2148  2171 D DisplayManagerService: Drop pending events for gone uid 10299
10-09 10:46:39.416  2148  3082 I ActivityManager: appDiedLocked: app=ProcessRecord{fc69b6f 17375:com.google.android.apps.wallpaper/u0a348} thread=android.os.BinderProxy@691f399 fromBinderDied=true isKilledByAm=true reason=null
10-09 10:46:39.418  2148  3082 D RestartModeController: markWaitRestartAppIsSuicided null processName=com.google.android.apps.wallpaper
10-09 10:46:39.420  2148  2171 D DisplayManagerService: Drop pending events for gone uid 10348
10-09 10:46:39.427  2148  3082 D ActivityTaskManager: handleAppDied: uid=10348,diedCount=1,lastDiedTime=1777022,forceStopUids=false
10-09 10:46:39.632  2148  6258 I ActivityManager: appDiedLocked: app=ProcessRecord{255bdad 17414:com.google.android.googlequicksearchbox:googleapp/u0a282} thread=android.os.BinderProxy@423df7 fromBinderDied=true isKilledByAm=true reason=null
10-09 10:46:39.638  2148  6258 D RestartModeController: markWaitRestartAppIsSuicided null processName=com.google.android.googlequicksearchbox:googleapp
10-09 10:46:39.639  2148  6258 D ActivityTaskManager: handleAppDied: uid=10282,diedCount=1,lastDiedTime=1829067,forceStopUids=false
10-09 10:46:39.655  2148  2148 I TransportConnection: BackupTransportService#302: Notifying [AppBackupUtils.appIsRunningAndEligibleForBackupWithTransport] transport = BackupTransportClient
10-09 10:46:39.734  2148  2329 D ActivityManager: freezing 17888 com.google.android.youtube, reason = oom_cached
10-09 10:46:39.735  2148  3082 D BackupTransportManager: [UserID:0] Transport com.google.android.gms/.backup.BackupTransportService updated its attributes
10-09 10:46:39.939  2148  2162 V ActivityManager: Got obituary of 17354:com.google.android.apps.docs
10-09 10:46:39.988  2148  2162 I ActivityManager: Killing 16186:com.android.providers.calendar/u0a139 (adj 920, setSvc -10000): empty #31
10-09 10:46:40.002  2148  2162 W UserManagerService: Do not support app clone feature.
10-09 10:46:40.054  2148  2148 I TransportConnection: BackupTransportService#303: Notifying [AppBackupUtils.appIsRunningAndEligibleForBackupWithTransport] transport = BackupTransportClient
10-09 10:46:40.136  2148  6700 D BackupTransportManager: [UserID:0] Transport com.google.android.gms/.backup.BackupTransportService updated its attributes
10-09 10:46:40.142  2148  2162 I ActivityManager: appDiedLocked: app=ProcessRecord{b89c487 16186:com.android.providers.calendar/u0a139} thread=android.os.BinderProxy@931e7e0 fromBinderDied=true isKilledByAm=true reason=null
10-09 10:46:40.143  2148  2162 D RestartModeController: markWaitRestartAppIsSuicided null processName=com.android.providers.calendar
10-09 10:46:40.145  2148  2171 D DisplayManagerService: Drop pending events for gone uid 10139
10-09 10:46:40.147  2148  2162 D ActivityTaskManager: handleAppDied: uid=10139,diedCount=1,lastDiedTime=1777528,forceStopUids=false
10-09 10:46:40.194  2148  2148 I TransportConnection: BackupTransportService#304: Notifying [AppBackupUtils.appIsRunningAndEligibleForBackupWithTransport] transport = BackupTransportClient
10-09 10:46:40.206  2148  3082 D BackupTransportManager: [UserID:0] Transport com.google.android.gms/.backup.BackupTransportService updated its attributes
10-09 10:46:40.343  2148  6672 D CompatChangeReporter: Compat change id reported: 319212206; UID 10426; state: ENABLED
10-09 10:46:40.368  2148  2148 I TransportConnection: BackupTransportService#305: Notifying [AppBackupUtils.appIsRunningAndEligibleForBackupWithTransport] transport = BackupTransportClient
10-09 10:46:40.388  2148  6672 D BackupTransportManager: [UserID:0] Transport com.google.android.gms/.backup.BackupTransportService updated its attributes
10-09 10:46:40.457  2148  3082 D CompatChangeReporter: Compat change id reported: 311402873; UID 10420; state: ENABLED
10-09 10:46:40.458  2148  3082 D CompatChangeReporter: Compat change id reported: 323349338; UID 10420; state: ENABLED
10-09 10:46:40.583  2148  2148 I TransportConnection: BackupTransportService#308: Notifying [AppBackupUtils.appIsRunningAndEligibleForBackupWithTransport] transport = BackupTransportClient
10-09 10:46:40.597  2148  6700 D BackupTransportManager: [UserID:0] Transport com.google.android.gms/.backup.BackupTransportService updated its attributes
10-09 10:46:40.811  2148  6700 W NotificationHistory: Attempted to remove channel for locked/gone/disabled user 0
10-09 10:46:40.821  2148  2148 I TransportConnection: BackupTransportService#312: Notifying [AppBackupUtils.appIsRunningAndEligibleForBackupWithTransport] transport = BackupTransportClient
10-09 10:46:40.853  2148  3082 D BackupTransportManager: [UserID:0] Transport com.google.android.gms/.backup.BackupTransportService updated its attributes
10-09 10:46:40.927  2148  2148 I TransportConnection: BackupTransportService#313: Notifying [AppBackupUtils.appIsRunningAndEligibleForBackupWithTransport] transport = BackupTransportClient
10-09 10:46:40.965  2148  2162 D BackupTransportManager: [UserID:0] Transport com.google.android.gms/.backup.BackupTransportService updated its attributes
10-09 10:46:40.966  2148  6694 E PersistenceController: SettingNotFoundException: sv_custom_ai_icon_enabled
10-09 10:46:41.015  2148  3082 D CompatChangeReporter: Compat change id reported: 297989574; UID 10420; state: ENABLED
10-09 10:46:41.034  2148  2182 W MagnificationConnectionManager: requestConnection duplicated request: connect=false, mConnectionState=DISCONNECTED
10-09 10:46:41.079  2148  3082 I ActivityManager: Flag disabled. Ignoring finishAttachApplication from uid: 10426. pid: 18189
10-09 10:46:41.130  2148  2148 I TransportConnection: BackupTransportService#314: Notifying [AppBackupUtils.appIsRunningAndEligibleForBackupWithTransport] transport = BackupTransportClient
10-09 10:46:41.198  2148  2301 I ActivityManager: Flag disabled. Ignoring finishAttachApplication from uid: 10420. pid: 18085
10-09 10:46:41.255  2148  3082 D ShortcutService: rescanPackageIfNeeded 0@ai.perplexity.app.android, forceRescan=false , isNewApp=false
10-09 10:46:41.267  2148  2182 W MagnificationConnectionManager: requestConnection duplicated request: connect=false, mConnectionState=DISCONNECTED
10-09 10:46:41.268  2148  3082 D ShortcutService: rescanPackageIfNeeded 0@ai.perplexity.app.android, forceRescan=false , isNewApp=false
10-09 10:46:41.291  2148  6258 D BackupTransportManager: [UserID:0] Transport com.google.android.gms/.backup.BackupTransportService updated its attributes
10-09 10:46:41.300  2148  2182 D ShortcutService: Getting shortcuts for launcher= com.motorola.launcher3user=0 pkg=com.google.android.apps.docs
10-09 10:46:41.300  2148  3082 D CompatChangeReporter: Compat change id reported: 297989574; UID 10264; state: ENABLED
10-09 10:46:41.301  2148  2182 D ShortcutService: Getting shortcuts for launcher= com.android.systemuiuser=0 pkg=com.google.android.apps.docs
10-09 10:46:41.302  2148  2182 D ShortcutService: Getting shortcuts for launcher= com.google.android.asuser=0 pkg=com.google.android.apps.docs
10-09 10:46:41.325 18085 18085 D ActivityThread: Package [ai.perplexity.app.android] reported as REPLACED, but missing application info. Assuming REMOVED.
10-09 10:46:41.326 18085 18085 D ActivityThread: Package [ai.perplexity.app.android] reported as REPLACED, but missing application info. Assuming REMOVED.
10-09 10:46:41.463  2148  6683 I ActivityManager: Killing 17772:com.android.settings/1000 (adj 920, setSvc -10000): empty #31
10-09 10:46:41.500  2148  2182 D ShortcutService: Getting shortcuts for launcher= com.motorola.launcher3user=0 pkg=ai.perplexity.app.android
10-09 10:46:41.522  2148  2182 D ShortcutService: Getting shortcuts for launcher= com.android.systemuiuser=0 pkg=ai.perplexity.app.android
10-09 10:46:41.523  2148  2182 D ShortcutService: Getting shortcuts for launcher= com.google.android.asuser=0 pkg=ai.perplexity.app.android
10-09 10:46:41.583  2148  2148 I TransportConnection: BackupTransportService#316: Notifying [AppBackupUtils.appIsRunningAndEligibleForBackupWithTransport] transport = BackupTransportClient
10-09 10:46:41.602  2148  2329 D ActivityManager: freezing 18023 com.google.android.partnersetup, reason = oom_cached
10-09 10:46:41.615  2148  6683 D BackupTransportManager: [UserID:0] Transport com.google.android.gms/.backup.BackupTransportService updated its attributes
10-09 10:46:41.667  2148  3081 E PersistenceController: SettingNotFoundException: sv_custom_ai_icon_enabled
10-09 10:46:41.702  2148  3081 I ActivityManager: appDiedLocked: app=ProcessRecord{e7787f4 17772:com.android.settings/1000} thread=android.os.BinderProxy@630cb6d fromBinderDied=true isKilledByAm=true reason=null
10-09 10:46:41.704  2148  3081 D RestartModeController: markWaitRestartAppIsSuicided null processName=com.android.settings
10-09 10:46:41.706  2148  3081 D ActivityTaskManager: handleAppDied: uid=1000,diedCount=1,lastDiedTime=1842543,forceStopUids=false
10-09 10:46:41.753  2148  2148 I TransportConnection: BackupTransportService#317: Notifying [AppBackupUtils.appIsRunningAndEligibleForBackupWithTransport] transport = BackupTransportClient
10-09 10:46:41.769  2148  3081 D CompatChangeReporter: Compat change id reported: 319212206; UID 10420; state: ENABLED
10-09 10:46:41.779  2148  3082 D BackupTransportManager: [UserID:0] Transport com.google.android.gms/.backup.BackupTransportService updated its attributes
10-09 10:46:41.836  2148  2148 I TransportConnection: BackupTransportService#319: Notifying [AppBackupUtils.appIsRunningAndEligibleForBackupWithTransport] transport = BackupTransportClient
10-09 10:46:41.858  2148  6261 D BackupTransportManager: [UserID:0] Transport com.google.android.gms/.backup.BackupTransportService updated its attributes
10-09 10:46:41.971  2148  2148 I TransportConnection: BackupTransportService#321: Notifying [AppBackupUtils.appIsRunningAndEligibleForBackupWithTransport] transport = BackupTransportClient
10-09 10:46:41.988  2148  6258 D BackupTransportManager: [UserID:0] Transport com.google.android.gms/.backup.BackupTransportService updated its attributes
10-09 10:46:42.079  2148  2184 I ActivityManager: Start proc 18457:com.inmobi.installer/u0a227 for content provider {com.inmobi.installer/com.inmobi.installer.attribution.AppsflyerInstallProvider}
10-09 10:46:42.322  2148  2148 I TransportConnection: BackupTransportService#326: Notifying [AppBackupUtils.appIsRunningAndEligibleForBackupWithTransport] transport = BackupTransportClient
10-09 10:46:42.335  2148  3081 D BackupTransportManager: [UserID:0] Transport com.google.android.gms/.backup.BackupTransportService updated its attributes
10-09 10:46:42.433  2148  2148 I TransportConnection: BackupTransportService#328: Notifying [AppBackupUtils.appIsRunningAndEligibleForBackupWithTransport] transport = BackupTransportClient
10-09 10:46:42.437  2148  6258 W UserManagerService: Do not support app clone feature.
10-09 10:46:42.463  2148  6258 D BackupTransportManager: [UserID:0] Transport com.google.android.gms/.backup.BackupTransportService updated its attributes
10-09 10:46:42.504  2148  2148 I TransportConnection: BackupTransportService#329: Notifying [AppBackupUtils.appIsRunningAndEligibleForBackupWithTransport] transport = BackupTransportClient
10-09 10:46:42.514  2148  6258 D BackupTransportManager: [UserID:0] Transport com.google.android.gms/.backup.BackupTransportService updated its attributes
10-09 10:46:42.597  2148  2148 I TransportConnection: BackupTransportService#330: Notifying [AppBackupUtils.appIsRunningAndEligibleForBackupWithTransport] transport = BackupTransportClient
10-09 10:46:42.630  2148  6683 D BackupTransportManager: [UserID:0] Transport com.google.android.gms/.backup.BackupTransportService updated its attributes
10-09 10:46:42.686  2148  6683 I ActivityManager: Flag disabled. Ignoring finishAttachApplication from uid: 10227. pid: 18457
10-09 10:46:42.710  2148  2148 I TransportConnection: BackupTransportService#332: Notifying [AppBackupUtils.appIsRunningAndEligibleForBackupWithTransport] transport = BackupTransportClient
10-09 10:46:42.734  2148  6261 D BackupTransportManager: [UserID:0] Transport com.google.android.gms/.backup.BackupTransportService updated its attributes
10-09 10:46:42.790  2148  3081 D CompatChangeReporter: Compat change id reported: 311208629; UID 10420; state: ENABLED
10-09 10:46:42.827  2148  6261 I ActivityManager: Killing 17792:com.google.android.apps.turbo/u0a265 (adj 920, setSvc -10000): empty #31
10-09 10:46:42.828  2148  6261 I ActivityManager: Killing 17745:com.android.imsserviceentitlement/u0a228 (adj 920, setSvc -10000): empty #32
10-09 10:46:42.858  2148  2148 I TransportConnection: BackupTransportService#344: Notifying [AppBackupUtils.appIsRunningAndEligibleForBackupWithTransport] transport = BackupTransportClient
10-09 10:46:42.872  2148  6258 D BackupTransportManager: [UserID:0] Transport com.google.android.gms/.backup.BackupTransportService updated its attributes
10-09 10:46:42.904  2148  2148 I TransportConnection: BackupTransportService#345: Notifying [AppBackupUtils.appIsRunningAndEligibleForBackupWithTransport] transport = BackupTransportClient
10-09 10:46:42.914  2148  3081 D BackupTransportManager: [UserID:0] Transport com.google.android.gms/.backup.BackupTransportService updated its attributes
10-09 10:46:42.971 18085 18467 V ResourcesManager: The following library key has been added: ResourcesKey{ mHash=660efdf9 mResDir=null mSplitDirs=[] mOverlayDirs=[/product/overlay/NavigationBarModeGestural/NavigationBarModeGesturalOverlay.apk,/product/overlay/FontRookeryRegular/FontRookeryRegularOverlay.apk,/data/resource-cache/com.android.systemui-neutral-tmq5.frro,/data/resource-cache/com.android.systemui-accent-13hT.frro,/data/resource-cache/com.android.systemui-dynamic-4KCf.frro] mLibDirs=[/data/app/~~1j-WJrn7IwnNYN4g-DStYQ==/com.google.android.webview-OfdswVfaNr6o5yRhwNwUFw==/base.apk,/data/app/~~UuPaicVLOY7MRlYVd9DLcg==/com.google.android.trichromelibrary_733920733-2bEnOWDXFaSGNzSVp_yqzg==/base.apk,/system_ext/framework/androidx.window.extensions.jar] mDisplayId=0 mOverrideConfig=v35 mCompatInfo={400dpi always-compat} mLoaders=[]}
10-09 10:46:42.991  2148  2148 I TransportConnection: BackupTransportService#348: Notifying [AppBackupUtils.appIsRunningAndEligibleForBackupWithTransport] transport = BackupTransportClient
10-09 10:46:43.001  2148  6258 D BackupTransportManager: [UserID:0] Transport com.google.android.gms/.backup.BackupTransportService updated its attributes
10-09 10:46:43.085  2148  2148 I TransportConnection: BackupTransportService#349: Notifying [AppBackupUtils.appIsRunningAndEligibleForBackupWithTransport] transport = BackupTransportClient
10-09 10:46:43.098  2148  6261 I ActivityManager: appDiedLocked: app=ProcessRecord{2ed3090 17792:com.google.android.apps.turbo/u0a265} thread=android.os.BinderProxy@dc392ac fromBinderDied=true isKilledByAm=true reason=null
10-09 10:46:43.102  2148  6261 D RestartModeController: markWaitRestartAppIsSuicided null processName=com.google.android.apps.turbo
10-09 10:46:43.105  2148  2171 D DisplayManagerService: Drop pending events for gone uid 10265
10-09 10:46:43.111  2148  6261 D ActivityTaskManager: handleAppDied: uid=10265,diedCount=2,lastDiedTime=1811421,forceStopUids=false
10-09 10:46:43.117  2148  6683 D BackupTransportManager: [UserID:0] Transport com.google.android.gms/.backup.BackupTransportService updated its attributes
10-09 10:46:43.206  2148  2148 I TransportConnection: BackupTransportService#352: Notifying [AppBackupUtils.appIsRunningAndEligibleForBackupWithTransport] transport = BackupTransportClient
10-09 10:46:43.220  2148  6231 D BackupTransportManager: [UserID:0] Transport com.google.android.gms/.backup.BackupTransportService updated its attributes
10-09 10:46:43.250  2148  6258 W UserManagerService: Do not support app clone feature.
10-09 10:46:43.283  2148  6258 I ActivityManager: appDiedLocked: app=ProcessRecord{dae3eca 17745:com.android.imsserviceentitlement/u0a228} thread=android.os.BinderProxy@f4f7a37 fromBinderDied=true isKilledByAm=true reason=null
10-09 10:46:43.284  2148  6258 D RestartModeController: markWaitRestartAppIsSuicided null processName=com.android.imsserviceentitlement
10-09 10:46:43.286  2148  2171 D DisplayManagerService: Drop pending events for gone uid 10228
10-09 10:46:43.290  2148  6258 D ActivityTaskManager: handleAppDied: uid=10228,diedCount=1,lastDiedTime=1765660,forceStopUids=false
10-09 10:46:43.313  2148  2148 I TransportConnection: BackupTransportService#356: Notifying [AppBackupUtils.appIsRunningAndEligibleForBackupWithTransport] transport = BackupTransportClient
10-09 10:46:43.352  2148  6699 D BackupTransportManager: [UserID:0] Transport com.google.android.gms/.backup.BackupTransportService updated its attributes
10-09 10:46:43.427  2148  6699 E PersistenceController: SettingNotFoundException: sv_custom_ai_icon_enabled
10-09 10:46:43.428  2148  2148 I TransportConnection: BackupTransportService#357: Notifying [AppBackupUtils.appIsRunningAndEligibleForBackupWithTransport] transport = BackupTransportClient
10-09 10:46:43.449  2148  6261 D BackupTransportManager: [UserID:0] Transport com.google.android.gms/.backup.BackupTransportService updated its attributes
10-09 10:46:43.520  2148  3081 E PersistenceController: SettingNotFoundException: sv_custom_ai_icon_enabled
10-09 10:46:43.523  2148  2148 I TransportConnection: BackupTransportService#361: Notifying [AppBackupUtils.appIsRunningAndEligibleForBackupWithTransport] transport = BackupTransportClient
10-09 10:46:43.534  2148  6258 D BackupTransportManager: [UserID:0] Transport com.google.android.gms/.backup.BackupTransportService updated its attributes
10-09 10:46:43.645  2148  2148 I TransportConnection: BackupTransportService#362: Notifying [AppBackupUtils.appIsRunningAndEligibleForBackupWithTransport] transport = BackupTransportClient
10-09 10:46:43.659  2148  6699 D BackupTransportManager: [UserID:0] Transport com.google.android.gms/.backup.BackupTransportService updated its attributes
10-09 10:46:43.730  3275  3937 W Binder  : reply too large data on java level: InterfaceDescriptor = null, code = 46
10-09 10:46:43.750  3624  3712 D ActivityThread: Too many transaction errors, throttling freezer binder callback.
10-09 10:46:43.758  2148  2148 I TransportConnection: BackupTransportService#364: Notifying [AppBackupUtils.appIsRunningAndEligibleForBackupWithTransport] transport = BackupTransportClient
10-09 10:46:43.782  2148  3081 D BackupTransportManager: [UserID:0] Transport com.google.android.gms/.backup.BackupTransportService updated its attributes
10-09 10:46:43.840  2148  2148 I TransportConnection: BackupTransportService#365: Notifying [AppBackupUtils.appIsRunningAndEligibleForBackupWithTransport] transport = BackupTransportClient
10-09 10:46:43.852  2148  6258 D BackupTransportManager: [UserID:0] Transport com.google.android.gms/.backup.BackupTransportService updated its attributes
10-09 10:46:43.981  2148  2148 I TransportConnection: BackupTransportService#370: Notifying [AppBackupUtils.appIsRunningAndEligibleForBackupWithTransport] transport = BackupTransportClient
10-09 10:46:43.994  2148  6699 D BackupTransportManager: [UserID:0] Transport com.google.android.gms/.backup.BackupTransportService updated its attributes
10-09 10:46:44.099  3275  3937 W Binder  : reply too large data on java level: InterfaceDescriptor = null, code = 46
10-09 10:46:44.114  3624  3712 D ActivityThread: Too many transaction errors, throttling freezer binder callback.
10-09 10:46:44.150  2148  2148 I TransportConnection: BackupTransportService#373: Notifying [AppBackupUtils.appIsRunningAndEligibleForBackupWithTransport] transport = BackupTransportClient
10-09 10:46:44.184  2148  6261 D BackupTransportManager: [UserID:0] Transport com.google.android.gms/.backup.BackupTransportService updated its attributes
10-09 10:46:44.265  2148  6231 D CompatChangeReporter: Compat change id reported: 151861875; UID 10420; state: ENABLED
10-09 10:46:44.281  2148  2148 I TransportConnection: BackupTransportService#374: Notifying [AppBackupUtils.appIsRunningAndEligibleForBackupWithTransport] transport = BackupTransportClient
10-09 10:46:44.303  2148  2184 I ActivityManager: Start proc 18525:com.google.android.webview:sandboxed_process0:org.chromium.content.app.SandboxedProcessService0:0/u0i10 for  {com.inmobi.weather/org.chromium.content.app.SandboxedProcessService0:0}
10-09 10:46:44.308  2148  6683 D BackupTransportManager: [UserID:0] Transport com.google.android.gms/.backup.BackupTransportService updated its attributes
10-09 10:46:44.426  2148  2148 I TransportConnection: BackupTransportService#375: Notifying [AppBackupUtils.appIsRunningAndEligibleForBackupWithTransport] transport = BackupTransportClient
10-09 10:46:44.447  2148  6683 D BackupTransportManager: [UserID:0] Transport com.google.android.gms/.backup.BackupTransportService updated its attributes
10-09 10:46:44.459  2148  6258 I ActivityManager: Flag disabled. Ignoring finishAttachApplication from uid: 99010. pid: 18525
10-09 10:46:44.482  2148  6256 I ActivityManager: Killing 17024:com.google.android.webview:webview_service/u0a321 (adj 920, setSvc -10000): empty #31
10-09 10:46:44.512  2148  2148 I TransportConnection: BackupTransportService#379: Notifying [AppBackupUtils.appIsRunningAndEligibleForBackupWithTransport] transport = BackupTransportClient
10-09 10:46:44.528  2148  6699 D BackupTransportManager: [UserID:0] Transport com.google.android.gms/.backup.BackupTransportService updated its attributes
10-09 10:46:44.640  2148  2148 I TransportConnection: BackupTransportService#386: Notifying [AppBackupUtils.appIsRunningAndEligibleForBackupWithTransport] transport = BackupTransportClient
10-09 10:46:44.642  2148  6261 I ActivityManager: appDiedLocked: app=ProcessRecord{4783e9f 17024:com.google.android.webview:webview_service/u0a321} thread=android.os.BinderProxy@c091134 fromBinderDied=true isKilledByAm=true reason=null
10-09 10:46:44.644  2148  6261 W ActivityManager: Scheduling restart of crashed service com.google.android.webview/org.chromium.android_webview.services.ComponentsProviderService in 1000ms for connection
10-09 10:46:44.644  2148  6261 W ActivityManager: Scheduling restart of crashed service com.google.android.webview/org.chromium.android_webview.services.MetricsBridgeService in 10999ms for connection
10-09 10:46:44.645  2148  6261 D RestartModeController: markWaitRestartAppIsSuicided null processName=com.google.android.webview:webview_service
10-09 10:46:44.649  2148  6261 D ActivityTaskManager: handleAppDied: uid=10321,diedCount=1,lastDiedTime=1821082,forceStopUids=false
10-09 10:46:44.656  2148  6702 D BackupTransportManager: [UserID:0] Transport com.google.android.gms/.backup.BackupTransportService updated its attributes
10-09 10:46:44.737  2148  2148 I TransportConnection: BackupTransportService#387: Notifying [AppBackupUtils.appIsRunningAndEligibleForBackupWithTransport] transport = BackupTransportClient
10-09 10:46:44.760  2148  6231 D BackupTransportManager: [UserID:0] Transport com.google.android.gms/.backup.BackupTransportService updated its attributes
10-09 10:46:44.802  2148  2148 I TransportConnection: BackupTransportService#388: Notifying [AppBackupUtils.appIsRunningAndEligibleForBackupWithTransport] transport = BackupTransportClient
10-09 10:46:44.813  2148  6256 D BackupTransportManager: [UserID:0] Transport com.google.android.gms/.backup.BackupTransportService updated its attributes
10-09 10:46:44.897  2148  2148 I TransportConnection: BackupTransportService#389: Notifying [AppBackupUtils.appIsRunningAndEligibleForBackupWithTransport] transport = BackupTransportClient
10-09 10:46:44.924  2148  6231 D BackupTransportManager: [UserID:0] Transport com.google.android.gms/.backup.BackupTransportService updated its attributes
10-09 10:46:44.991  2148  2148 I TransportConnection: BackupTransportService#392: Notifying [AppBackupUtils.appIsRunningAndEligibleForBackupWithTransport] transport = BackupTransportClient
10-09 10:46:45.071  2148  6256 D BackupTransportManager: [UserID:0] Transport com.google.android.gms/.backup.BackupTransportService updated its attributes
10-09 10:46:45.250  2148  2148 I TransportConnection: BackupTransportService#393: Notifying [AppBackupUtils.appIsRunningAndEligibleForBackupWithTransport] transport = BackupTransportClient
10-09 10:46:45.274  2148  6231 D BackupTransportManager: [UserID:0] Transport com.google.android.gms/.backup.BackupTransportService updated its attributes
10-09 10:46:45.332  2148  2148 I TransportConnection: BackupTransportService#396: Notifying [AppBackupUtils.appIsRunningAndEligibleForBackupWithTransport] transport = BackupTransportClient
10-09 10:46:45.344  2148  6699 D BackupTransportManager: [UserID:0] Transport com.google.android.gms/.backup.BackupTransportService updated its attributes
10-09 10:46:45.428  2148  2148 I TransportConnection: BackupTransportService#397: Notifying [AppBackupUtils.appIsRunningAndEligibleForBackupWithTransport] transport = BackupTransportClient
10-09 10:46:45.447  2148  6699 D BackupTransportManager: [UserID:0] Transport com.google.android.gms/.backup.BackupTransportService updated its attributes
10-09 10:46:45.452  2148  2308 D BatteryService: uevent={POWER_SUPPLY_VOLTAGE_NOW=3992000, POWER_SUPPLY_VBUS_PRESENT=true, POWER_SUPPLY_TYPE=Battery, POWER_SUPPLY_HEALTH=Good, POWER_SUPPLY_TECHNOLOGY=Li-ion, POWER_SUPPLY_CHARGE_FULL_DESIGN=4997000, POWER_SUPPLY_CONSTANT_CHARGE_VOLTAGE=4300, SEQNUM=7490, POWER_SUPPLY_STATUS=Charging, POWER_SUPPLY_CYCLE_COUNT=2, POWER_SUPPLY_CAPACITY=31, DEVPATH=/devices/platform/11b20000.i2c/i2c-5/5-0034/11b20000.i2c:mt6375@34:mtk_gauge/power_supply/battery, POWER_SUPPLY_CHARGE_RATE=Turbo, POWER_SUPPLY_CURRENT_AVG=1415700, POWER_SUPPLY_CAPACITY_LEVEL=Normal, POWER_SUPPLY_CURRENT_NOW=1646100, POWER_SUPPLY_PRESENT=1, POWER_SUPPLY_POWER_WATT=15, POWER_SUPPLY_CHARGE_FULL=5025700, POWER_SUPPLY_TIME_TO_FULL_NOW=7574, SUBSYSTEM=power_supply, POWER_SUPPLY_TEMP=270, ACTION=change, POWER_SUPPLY_AGE=100, POWER_SUPPLY_NAME=battery, POWER_SUPPLY_LPD_PRESENT=false, POWER_SUPPLY_CHARGE_COUNTER=1557967}
10-09 10:46:45.453  2148  2308 D BatteryService: uevent={POWER_SUPPLY_VOLTAGE_NOW=3992000, POWER_SUPPLY_VBUS_PRESENT=true, POWER_SUPPLY_TYPE=Battery, POWER_SUPPLY_HEALTH=Good, POWER_SUPPLY_TECHNOLOGY=Li-ion, POWER_SUPPLY_CHARGE_FULL_DESIGN=4997000, POWER_SUPPLY_CONSTANT_CHARGE_VOLTAGE=4300, SEQNUM=7490, POWER_SUPPLY_STATUS=Charging, POWER_SUPPLY_CYCLE_COUNT=2, POWER_SUPPLY_CAPACITY=31, DEVPATH=/devices/platform/11b20000.i2c/i2c-5/5-0034/11b20000.i2c:mt6375@34:mtk_gauge/power_supply/battery, POWER_SUPPLY_CHARGE_RATE=Turbo, POWER_SUPPLY_CURRENT_AVG=1415700, POWER_SUPPLY_CAPACITY_LEVEL=Normal, POWER_SUPPLY_CURRENT_NOW=1646100, POWER_SUPPLY_PRESENT=1, POWER_SUPPLY_POWER_WATT=15, POWER_SUPPLY_CHARGE_FULL=5025700, POWER_SUPPLY_TIME_TO_FULL_NOW=7574, SUBSYSTEM=power_supply, POWER_SUPPLY_TEMP=270, ACTION=change, POWER_SUPPLY_AGE=100, POWER_SUPPLY_NAME=battery, POWER_SUPPLY_LPD_PRESENT=false, POWER_SUPPLY_CHARGE_COUNTER=1557967}
10-09 10:46:45.467  2786  3422 D PowerUI : can't show warning due to - plugged: true status unknown: false
10-09 10:46:45.482  2148  2148 V UiModeManager: updateLocked: null action, mDockState=0, category=null
10-09 10:46:45.482  2148  2148 D UiModeManager: updateConfigurationLocked: mDockState=0; mCarMode=false; mNightMode=com.android.server.UiModeManagerService$1@cd3b8a9; mNightModeCustomType=-1; uiMode=17
10-09 10:46:45.482  2786  3941 D PowerUI : can't show warning due to - plugged: true status unknown: false
10-09 10:46:45.488  2148  2148 V UiModeManager: updateLocked: null action, mDockState=0, category=null
10-09 10:46:45.488  2148  2148 D UiModeManager: updateConfigurationLocked: mDockState=0; mCarMode=false; mNightMode=com.android.server.UiModeManagerService$1@cd3b8a9; mNightModeCustomType=-1; uiMode=17
10-09 10:46:45.492  2786  3943 D PowerUI : can't show warning due to - plugged: true status unknown: false
10-09 10:46:45.498  2148  6702 D CompatChangeReporter: Compat change id reported: 240618202; UID 10264; state: ENABLED
10-09 10:46:45.505  2148  2148 I TransportConnection: BackupTransportService#398: Notifying [AppBackupUtils.appIsRunningAndEligibleForBackupWithTransport] transport = BackupTransportClient
10-09 10:46:45.522  2148  6699 D BackupTransportManager: [UserID:0] Transport com.google.android.gms/.backup.BackupTransportService updated its attributes
10-09 10:46:45.597  2148  2148 I TransportConnection: BackupTransportService#400: Notifying [AppBackupUtils.appIsRunningAndEligibleForBackupWithTransport] transport = BackupTransportClient
10-09 10:46:45.618  2148  6699 D BackupTransportManager: [UserID:0] Transport com.google.android.gms/.backup.BackupTransportService updated its attributes
10-09 10:46:45.686  2148  2184 I ActivityManager: Start proc 18620:com.google.android.webview:webview_service/u0a321 for service {com.google.android.webview/org.chromium.android_webview.services.ComponentsProviderService}
10-09 10:46:45.714  2148  2230 I PackageManager: Integrity check passed for file:///data/app/vmdl1634933291.tmp
10-09 10:46:45.774  2148  2148 I TransportConnection: BackupTransportService#404: Notifying [AppBackupUtils.appIsRunningAndEligibleForBackupWithTransport] transport = BackupTransportClient
10-09 10:46:45.789  2148  2230 I PackageManager: Continuing with installation of file:///data/app/vmdl1634933291.tmp
10-09 10:46:45.794  2148  6702 D BackupTransportManager: [UserID:0] Transport com.google.android.gms/.backup.BackupTransportService updated its attributes
10-09 10:46:45.824  2148  2183 I ActivityManager: Force stopping com.motorola.ccc.notification appid=10337 user=-1: installPackageLI
10-09 10:46:45.826  2148  2183 I ActivityManager: Killing 6330:com.motorola.ccc.notification/u0a337 (adj 250, setSvc -10000): stop com.motorola.ccc.notification due to installPackageLI
10-09 10:46:45.827  2148  2171 D DisplayManagerService: Drop pending events for gone uid 10337
10-09 10:46:45.829  2148  2230 I PackageManager: Update system package com.motorola.ccc.notification code path from /data/app/~~o1zteeR9-grMHubHNxuONA==/com.motorola.ccc.notification--4moxIxBPTD6f9N1U0rZUw== to /data/app/~~UD3sdBpib-SyAOqkc4JDBA==/com.motorola.ccc.notification-M5mDveF27o1kLb3q0rlfpA==; Retain data and using new
10-09 10:46:45.830  2148  2183 D ActivityTaskManager: handleAppDied: uid=10337,diedCount=0,lastDiedTime=0,forceStopUids=false
10-09 10:46:45.831  2148  2230 I AppsFilter: interaction: PackageSetting{c482f1c com.oem.euiccpartnerapp/10295} -> PackageSetting{9158ddf com.motorola.ccc.notification/10337} BLOCKED
10-09 10:46:45.832  2148  2183 I ActivityManager: Killing 17697:com.google.android.projection.gearhead:shared/u0a184 (adj 920, setSvc -10000): empty #31
10-09 10:46:45.833  2148  2183 I ActivityManager: Killing 17726:com.google.android.webview:webview_apk/u0a321 (adj 920, setSvc -10000): empty #32
10-09 10:46:45.833  2148  2183 I ActivityManager: Killing 17451:android.process.media/u0a143 (adj 920, setSvc -10000): empty #33
10-09 10:46:45.854  2148  2182 D addPss  : tracker=ProcessState{1509ae8 com.android.systemui/10383 pkg=com.android.systemui}
10-09 10:46:45.919  2148  2148 I TransportConnection: BackupTransportService#405: Notifying [AppBackupUtils.appIsRunningAndEligibleForBackupWithTransport] transport = BackupTransportClient
10-09 10:46:45.938  2148  6683 D BackupTransportManager: [UserID:0] Transport com.google.android.gms/.backup.BackupTransportService updated its attributes
10-09 10:46:45.942  2148  3081 W ActivityManager: Unable to start service Intent { act=com.motorola.intent.action.EXPERIENCE cmp=com.motorola.ccc.notification/.SystemServerStartService } U=0: not found
10-09 10:46:45.974  2148  6256 I ActivityManager: Flag disabled. Ignoring finishAttachApplication from uid: 10321. pid: 18620
10-09 10:46:45.977  2148  6261 V ActivityManager: Got obituary of 6330:com.motorola.ccc.notification
10-09 10:46:45.989  2148  6696 I ActivityManager: appDiedLocked: app=ProcessRecord{758a570 17451:android.process.media/u0a143} thread=android.os.BinderProxy@77525c8 fromBinderDied=true isKilledByAm=true reason=null
10-09 10:46:45.990  2148  6696 D RestartModeController: markWaitRestartAppIsSuicided null processName=android.process.media
10-09 10:46:45.992  2148  2171 D DisplayManagerService: Drop pending events for gone uid 10143
10-09 10:46:45.992  2148  6696 D ActivityTaskManager: handleAppDied: uid=10143,diedCount=1,lastDiedTime=1798893,forceStopUids=false
10-09 10:46:45.996  2148  2827 I ActivityManager: appDiedLocked: app=ProcessRecord{4f8c55f 17726:com.google.android.webview:webview_apk/u0a321} thread=android.os.BinderProxy@73ebe47 fromBinderDied=true isKilledByAm=true reason=null
10-09 10:46:45.997  2148  2827 D RestartModeController: markWaitRestartAppIsSuicided null processName=com.google.android.webview:webview_apk
10-09 10:46:45.997  2148  2827 D ActivityTaskManager: handleAppDied: uid=10321,diedCount=1,lastDiedTime=1867012,forceStopUids=false
10-09 10:46:46.031  2148  2148 I TransportConnection: BackupTransportService#406: Notifying [AppBackupUtils.appIsRunningAndEligibleForBackupWithTransport] transport = BackupTransportClient
10-09 10:46:46.041  2148  6694 I ActivityManager: appDiedLocked: app=ProcessRecord{20b8f61 17697:com.google.android.projection.gearhead:shared/u0a184} thread=android.os.BinderProxy@df8e2d2 fromBinderDied=true isKilledByAm=true reason=null
10-09 10:46:46.044  2148  3082 D BackupTransportManager: [UserID:0] Transport com.google.android.gms/.backup.BackupTransportService updated its attributes
10-09 10:46:46.044  2148  6694 D RestartModeController: markWaitRestartAppIsSuicided null processName=com.google.android.projection.gearhead:shared
10-09 10:46:46.045  2148  2171 D DisplayManagerService: Drop pending events for gone uid 10184
10-09 10:46:46.050  2148  6694 D ActivityTaskManager: handleAppDied: uid=10184,diedCount=1,lastDiedTime=1860143,forceStopUids=false
10-09 10:46:46.051  2148  6256 I ActivityManager: Killing 17826:com.google.android.wfcactivation/u0a284 (adj 920, setSvc -10000): empty #31
10-09 10:46:46.080  2148  3079 D CompatChangeReporter: Compat change id reported: 311402873; UID 10420; state: ENABLED
10-09 10:46:46.080  2148  3079 D CompatChangeReporter: Compat change id reported: 323349338; UID 10420; state: ENABLED
10-09 10:46:46.119  2148  2148 I TransportConnection: BackupTransportService#409: Notifying [AppBackupUtils.appIsRunningAndEligibleForBackupWithTransport] transport = BackupTransportClient
10-09 10:46:46.132  2148  6261 D BackupTransportManager: [UserID:0] Transport com.google.android.gms/.backup.BackupTransportService updated its attributes
10-09 10:46:46.155  2148  2148 I TransportConnection: BackupTransportService#411: Notifying [AppBackupUtils.appIsRunningAndEligibleForBackupWithTransport] transport = BackupTransportClient
10-09 10:46:46.166  2148  3079 I ActivityManager: appDiedLocked: app=ProcessRecord{3cbe998 17826:com.google.android.wfcactivation/u0a284} thread=android.os.BinderProxy@6f611a8 fromBinderDied=true isKilledByAm=true reason=null
10-09 10:46:46.166  2148  6256 D BackupTransportManager: [UserID:0] Transport com.google.android.gms/.backup.BackupTransportService updated its attributes
10-09 10:46:46.167  2148  3079 D RestartModeController: markWaitRestartAppIsSuicided null processName=com.google.android.wfcactivation
10-09 10:46:46.167  2148  2171 D DisplayManagerService: Drop pending events for gone uid 10284
10-09 10:46:46.170  2148  3079 D ActivityTaskManager: handleAppDied: uid=10284,diedCount=1,lastDiedTime=1785385,forceStopUids=false
10-09 10:46:46.222  2148  2148 I TransportConnection: BackupTransportService#413: Notifying [AppBackupUtils.appIsRunningAndEligibleForBackupWithTransport] transport = BackupTransportClient
10-09 10:46:46.231  2148  3079 D BackupTransportManager: [UserID:0] Transport com.google.android.gms/.backup.BackupTransportService updated its attributes
10-09 10:46:46.232  2148  6700 D StorageStatsService: getFreeBytes: 104565846016
10-09 10:46:46.278  2148  2148 I TransportConnection: BackupTransportService#416: Notifying [AppBackupUtils.appIsRunningAndEligibleForBackupWithTransport] transport = BackupTransportClient
10-09 10:46:46.283  2148  6700 D BackupTransportManager: [UserID:0] Transport com.google.android.gms/.backup.BackupTransportService updated its attributes
10-09 10:46:46.297  2148  2148 I TransportConnection: BackupTransportService#417: Notifying [AppBackupUtils.appIsRunningAndEligibleForBackupWithTransport] transport = BackupTransportClient
10-09 10:46:46.302  2148  6256 D BackupTransportManager: [UserID:0] Transport com.google.android.gms/.backup.BackupTransportService updated its attributes
10-09 10:46:46.306  2148  6256 D CompatChangeReporter: Compat change id reported: 297989574; UID 1000; state: ENABLED
10-09 10:46:46.336  2148  2148 I TransportConnection: BackupTransportService#420: Notifying [AppBackupUtils.appIsRunningAndEligibleForBackupWithTransport] transport = BackupTransportClient
10-09 10:46:46.350  2148  6256 D BackupTransportManager: [UserID:0] Transport com.google.android.gms/.backup.BackupTransportService updated its attributes
10-09 10:46:46.408  2148  2148 I TransportConnection: BackupTransportService#424: Notifying [AppBackupUtils.appIsRunningAndEligibleForBackupWithTransport] transport = BackupTransportClient
10-09 10:46:46.417  2148  6256 D BackupTransportManager: [UserID:0] Transport com.google.android.gms/.backup.BackupTransportService updated its attributes
10-09 10:46:46.454  2148  2148 I TransportConnection: BackupTransportService#425: Notifying [AppBackupUtils.appIsRunningAndEligibleForBackupWithTransport] transport = BackupTransportClient
10-09 10:46:46.462  2148  3079 D BackupTransportManager: [UserID:0] Transport com.google.android.gms/.backup.BackupTransportService updated its attributes
10-09 10:46:46.478  2148  2148 I TransportConnection: BackupTransportService#426: Notifying [AppBackupUtils.appIsRunningAndEligibleForBackupWithTransport] transport = BackupTransportClient
10-09 10:46:46.487  2148  6700 D BackupTransportManager: [UserID:0] Transport com.google.android.gms/.backup.BackupTransportService updated its attributes
10-09 10:46:46.490  2148  6694 D CompatChangeReporter: Compat change id reported: 311208629; UID 10420; state: ENABLED
10-09 10:46:46.491  2148  6694 W JobScheduler: Job didn't exist in JobStore: 4e1b5c4 {androidx.work.systemjobscheduler} #u0a420/295 @androidx.work.systemjobscheduler@com.inmobi.weather/androidx.work.impl.background.systemjob.SystemJobService
10-09 10:46:46.538  2148  2148 I TransportConnection: BackupTransportService#427: Notifying [AppBackupUtils.appIsRunningAndEligibleForBackupWithTransport] transport = BackupTransportClient
10-09 10:46:46.543  2148  6694 D BackupTransportManager: [UserID:0] Transport com.google.android.gms/.backup.BackupTransportService updated its attributes
10-09 10:46:46.561  2148  2148 I TransportConnection: BackupTransportService#430: Notifying [AppBackupUtils.appIsRunningAndEligibleForBackupWithTransport] transport = BackupTransportClient
10-09 10:46:46.567  2148  6694 D BackupTransportManager: [UserID:0] Transport com.google.android.gms/.backup.BackupTransportService updated its attributes
10-09 10:46:46.695  2148  2148 I TransportConnection: BackupTransportService#433: Notifying [AppBackupUtils.appIsRunningAndEligibleForBackupWithTransport] transport = BackupTransportClient
10-09 10:46:46.726  2148  3079 D BackupTransportManager: [UserID:0] Transport com.google.android.gms/.backup.BackupTransportService updated its attributes
10-09 10:46:46.743  2148  2148 I TransportConnection: BackupTransportService#434: Notifying [AppBackupUtils.appIsRunningAndEligibleForBackupWithTransport] transport = BackupTransportClient
10-09 10:46:46.759  2148  6694 D BackupTransportManager: [UserID:0] Transport com.google.android.gms/.backup.BackupTransportService updated its attributes
10-09 10:46:46.809  2148  2148 I TransportConnection: BackupTransportService#435: Notifying [AppBackupUtils.appIsRunningAndEligibleForBackupWithTransport] transport = BackupTransportClient
10-09 10:46:46.829  2148  6261 D BackupTransportManager: [UserID:0] Transport com.google.android.gms/.backup.BackupTransportService updated its attributes
10-09 10:46:46.848  2148  2148 I TransportConnection: BackupTransportService#436: Notifying [AppBackupUtils.appIsRunningAndEligibleForBackupWithTransport] transport = BackupTransportClient
10-09 10:46:46.854  2148  6700 D BackupTransportManager: [UserID:0] Transport com.google.android.gms/.backup.BackupTransportService updated its attributes
10-09 10:46:46.895  2148  2148 I TransportConnection: BackupTransportService#437: Notifying [AppBackupUtils.appIsRunningAndEligibleForBackupWithTransport] transport = BackupTransportClient
10-09 10:46:46.900  2148  6701 D BackupTransportManager: [UserID:0] Transport com.google.android.gms/.backup.BackupTransportService updated its attributes
10-09 10:46:46.925  2148  2148 I TransportConnection: BackupTransportService#438: Notifying [AppBackupUtils.appIsRunningAndEligibleForBackupWithTransport] transport = BackupTransportClient
10-09 10:46:46.929  2148  6701 D BackupTransportManager: [UserID:0] Transport com.google.android.gms/.backup.BackupTransportService updated its attributes
10-09 10:46:46.954  2148  2148 I TransportConnection: BackupTransportService#440: Notifying [AppBackupUtils.appIsRunningAndEligibleForBackupWithTransport] transport = BackupTransportClient
10-09 10:46:46.959  2148  6701 D BackupTransportManager: [UserID:0] Transport com.google.android.gms/.backup.BackupTransportService updated its attributes
10-09 10:46:46.981  2148  2148 I TransportConnection: BackupTransportService#441: Notifying [AppBackupUtils.appIsRunningAndEligibleForBackupWithTransport] transport = BackupTransportClient
10-09 10:46:46.988  2148  6701 D BackupTransportManager: [UserID:0] Transport com.google.android.gms/.backup.BackupTransportService updated its attributes
10-09 10:46:47.006  2148  2148 I TransportConnection: BackupTransportService#443: Notifying [AppBackupUtils.appIsRunningAndEligibleForBackupWithTransport] transport = BackupTransportClient
10-09 10:46:47.011  2148  3079 D BackupTransportManager: [UserID:0] Transport com.google.android.gms/.backup.BackupTransportService updated its attributes
10-09 10:46:47.042  2148  2148 I TransportConnection: BackupTransportService#445: Notifying [AppBackupUtils.appIsRunningAndEligibleForBackupWithTransport] transport = BackupTransportClient
10-09 10:46:47.047  2148  6701 D BackupTransportManager: [UserID:0] Transport com.google.android.gms/.backup.BackupTransportService updated its attributes
10-09 10:46:47.067  2148  2148 I TransportConnection: BackupTransportService#446: Notifying [AppBackupUtils.appIsRunningAndEligibleForBackupWithTransport] transport = BackupTransportClient
10-09 10:46:47.072  2148  6261 D BackupTransportManager: [UserID:0] Transport com.google.android.gms/.backup.BackupTransportService updated its attributes
10-09 10:46:47.090  2148  2148 I TransportConnection: BackupTransportService#447: Notifying [AppBackupUtils.appIsRunningAndEligibleForBackupWithTransport] transport = BackupTransportClient
10-09 10:46:47.094  2148  6700 D BackupTransportManager: [UserID:0] Transport com.google.android.gms/.backup.BackupTransportService updated its attributes
10-09 10:46:47.144  2148  2148 I TransportConnection: BackupTransportService#450: Notifying [AppBackupUtils.appIsRunningAndEligibleForBackupWithTransport] transport = BackupTransportClient
10-09 10:46:47.150  2148  6699 D BackupTransportManager: [UserID:0] Transport com.google.android.gms/.backup.BackupTransportService updated its attributes
10-09 10:46:47.187  2148  2148 I TransportConnection: BackupTransportService#459: Notifying [AppBackupUtils.appIsRunningAndEligibleForBackupWithTransport] transport = BackupTransportClient
10-09 10:46:47.192  2148  6701 D BackupTransportManager: [UserID:0] Transport com.google.android.gms/.backup.BackupTransportService updated its attributes
10-09 10:46:47.212  2148  2148 I TransportConnection: BackupTransportService#460: Notifying [AppBackupUtils.appIsRunningAndEligibleForBackupWithTransport] transport = BackupTransportClient
